Component: ARM Compiler 5.06 update 6 (build 750) Tool: armlink [4d35ed]

==============================================================================

Section Cross References

    func.o(i.Certified_error_call) refers to play_sound.o(i.play_sound_push) for play_sound_push
    func.o(i.Certified_error_call) refers to printf8.o(i.__0sprintf$8) for __2sprintf
    func.o(i.Certified_error_call) refers to ndevice_uart.o(i.uart_putstring) for uart_putstring
    func.o(i.Certified_error_call) refers to main.o(.data) for macaddr
    func.o(i.cb_tick_handler) refers to func.o(.data) for .data
    func.o(i.checkRemainConnect) refers to func.o(i.func_over_time) for func_over_time
    func.o(i.checkRemainConnect) refers to segger_rtt_printf.o(i.SEGGER_RTT_printf) for SEGGER_RTT_printf
    func.o(i.checkRemainConnect) refers to main.o(i.nd_disconnect) for nd_disconnect
    func.o(i.checkRemainConnect) refers to func.o(i.clr_SysEvent) for clr_SysEvent
    func.o(i.checkRemainConnect) refers to play_sound.o(i.play_sound_push) for play_sound_push
    func.o(i.checkRemainConnect) refers to func.o(.bss) for .bss
    func.o(i.checkRemainConnect) refers to func.o(.data) for .data
    func.o(i.clear_advertising_active) refers to func.o(.data) for .data
    func.o(i.clear_print_tick) refers to func.o(.bss) for .bss
    func.o(i.clrTagReceived) refers to segger_rtt_printf.o(i.SEGGER_RTT_printf) for SEGGER_RTT_printf
    func.o(i.clrTagReceived) refers to func.o(.bss) for .bss
    func.o(i.clrTagReceived) refers to func.o(.data) for .data
    func.o(i.clrTimeout) refers to func.o(i.clr_SysEvent) for clr_SysEvent
    func.o(i.clr_SysEvent) refers to func.o(.data) for .data
    func.o(i.ctrlLEDState) refers to main.o(i.IsConnected) for IsConnected
    func.o(i.ctrlLEDState) refers to func.o(i.nrf_gpio_pin_clear) for nrf_gpio_pin_clear
    func.o(i.ctrlLEDState) refers to func.o(i.nrf_gpio_pin_toggle) for nrf_gpio_pin_toggle
    func.o(i.ctrlLEDState) refers to func.o(i.nrf_gpio_pin_set) for nrf_gpio_pin_set
    func.o(i.ctrlLEDState) refers to process_data.o(.bss) for bleQueue_g
    func.o(i.ctrlLEDState) refers to func.o(.data) for .data
    func.o(i.ctrlLEDState) refers to func.o(.bss) for .bss
    func.o(i.func_over_time) refers to func.o(.data) for .data
    func.o(i.getReceiptFSM) refers to func.o(.data) for .data
    func.o(i.get_tickcount) refers to func.o(.data) for .data
    func.o(i.gpiote_init) refers to nrfx_gpiote.o(i.nrfx_gpiote_is_init) for nrfx_gpiote_is_init
    func.o(i.gpiote_init) refers to nrfx_gpiote.o(i.nrfx_gpiote_init) for nrfx_gpiote_init
    func.o(i.gpiote_init) refers to nrfx_gpiote.o(i.nrfx_gpiote_in_init) for nrfx_gpiote_in_init
    func.o(i.gpiote_init) refers to nrfx_gpiote.o(i.nrfx_gpiote_in_event_enable) for nrfx_gpiote_in_event_enable
    func.o(i.gpiote_init) refers to func.o(.constdata) for .constdata
    func.o(i.gpiote_init) refers to func.o(i.sf_gpiote_handler) for sf_gpiote_handler
    func.o(i.init_fstorage) refers to nrf_fstorage.o(i.nrf_fstorage_init) for nrf_fstorage_init
    func.o(i.init_fstorage) refers to nrf_fstorage_sd.o(.constdata) for nrf_fstorage_sd
    func.o(i.init_fstorage) refers to func.o(.data) for .data
    func.o(i.init_fstorage) refers to func.o(fs_data) for fs_data
    func.o(i.init_stick_var) refers to ndevice_nvmc.o(i.nd_nvmc_read) for nd_nvmc_read
    func.o(i.init_stick_var) refers to pos_parser.o(i.pos_parser_load_cpk_tpk) for pos_parser_load_cpk_tpk
    func.o(i.init_stick_var) refers to shoponair.o(i.SoundVol) for SoundVol
    func.o(i.init_stick_var) refers to func.o(i.setReverseData) for setReverseData
    func.o(i.init_stick_var) refers to func.o(.data) for .data
    func.o(i.init_stick_var) refers to func.o(.bss) for .bss
    func.o(i.nd_erase_flash) refers to nrf_fstorage.o(i.nrf_fstorage_erase) for nrf_fstorage_erase
    func.o(i.nd_erase_flash) refers to func.o(fs_data) for fs_data
    func.o(i.nd_erase_flash_opt) refers to nrf_fstorage.o(i.nrf_fstorage_erase) for nrf_fstorage_erase
    func.o(i.nd_erase_flash_opt) refers to func.o(fs_data) for fs_data
    func.o(i.nd_write_flash) refers to nrf_fstorage.o(i.nrf_fstorage_write) for nrf_fstorage_write
    func.o(i.nd_write_flash) refers to func.o(fs_data) for fs_data
    func.o(i.nrf_delay_ms) refers to func.o(.constdata) for .constdata
    func.o(i.play_sound_mode) refers to play_sound.o(i.play_sound_push) for play_sound_push
    func.o(i.play_sound_mode) refers to func.o(.bss) for .bss
    func.o(i.receiptFSM) refers to func.o(.data) for .data
    func.o(i.resetOPTWriteTimer) refers to func.o(.data) for .data
    func.o(i.resetOPTWriteTimer) refers to func.o(.bss) for .bss
    func.o(i.resetQRWriteTimer) refers to func.o(.data) for .data
    func.o(i.resetQRWriteTimer) refers to func.o(.bss) for .bss
    func.o(i.resetRemainConnect) refers to func.o(.bss) for .bss
    func.o(i.resetRemainConnect) refers to func.o(.data) for .data
[...]
    __asm___12_nrf_atomic_c_85ca2469__nrf_atomic_internal_and 0x0002630f   Thumb Code    26  nrf_atomic.o(.emb_text)
    __asm___12_nrf_atomic_c_85ca2469__nrf_atomic_internal_eor 0x00026329   Thumb Code    26  nrf_atomic.o(.emb_text)
    __asm___12_nrf_atomic_c_85ca2469__nrf_atomic_internal_add 0x00026343   Thumb Code    26  nrf_atomic.o(.emb_text)
    __asm___12_nrf_atomic_c_85ca2469__nrf_atomic_internal_sub 0x0002635d   Thumb Code    26  nrf_atomic.o(.emb_text)
    __asm___12_nrf_atomic_c_85ca2469__nrf_atomic_internal_cmp_exch 0x00026377   Thumb Code    42  nrf_atomic.o(.emb_text)
    __asm___12_nrf_atomic_c_85ca2469__nrf_atomic_internal_sub_hs 0x000263a1   Thumb Code    30  nrf_atomic.o(.emb_text)
    Reset_Handler                            0x000263c1   Thumb Code     8  arm_startup_nrf52.o(.text)
    NMI_Handler                              0x000263c9   Thumb Code     2  arm_startup_nrf52.o(.text)
    HardFault_Handler                        0x000263cb   Thumb Code     2  arm_startup_nrf52.o(.text)
    MemoryManagement_Handler                 0x000263cd   Thumb Code     2  arm_startup_nrf52.o(.text)
    BusFault_Handler                         0x000263cf   Thumb Code     2  arm_startup_nrf52.o(.text)
    UsageFault_Handler                       0x000263d1   Thumb Code     2  arm_startup_nrf52.o(.text)
    SVC_Handler                              0x000263d3   Thumb Code     2  arm_startup_nrf52.o(.text)
    DebugMon_Handler                         0x000263d5   Thumb Code     2  arm_startup_nrf52.o(.text)
    PendSV_Handler                           0x000263d7   Thumb Code     2  arm_startup_nrf52.o(.text)
    SysTick_Handler                          0x000263d9   Thumb Code     2  arm_startup_nrf52.o(.text)
    CCM_AAR_IRQHandler                       0x000263db   Thumb Code     0  arm_startup_nrf52.o(.text)
    COMP_LPCOMP_IRQHandler                   0x000263db   Thumb Code     0  arm_startup_nrf52.o(.text)
    ECB_IRQHandler                           0x000263db   Thumb Code     0  arm_startup_nrf52.o(.text)
    FPU_IRQHandler                           0x000263db   Thumb Code     0  arm_startup_nrf52.o(.text)
    I2S_IRQHandler                           0x000263db   Thumb Code     0  arm_startup_nrf52.o(.text)
    MWU_IRQHandler                           0x000263db   Thumb Code     0  arm_startup_nrf52.o(.text)
    NFCT_IRQHandler                          0x000263db   Thumb Code     0  arm_startup_nrf52.o(.text)
    PDM_IRQHandler                           0x000263db   Thumb Code     0  arm_startup_nrf52.o(.text)
    QDEC_IRQHandler                          0x000263db   Thumb Code     0  arm_startup_nrf52.o(.text)
    RADIO_IRQHandler                         0x000263db   Thumb Code     0  arm_startup_nrf52.o(.text)
    RNG_IRQHandler                           0x000263db   Thumb Code     0  arm_startup_nrf52.o(.text)
    RTC0_IRQHandler                          0x000263db   Thumb Code     0  arm_startup_nrf52.o(.text)
    RTC2_IRQHandler                          0x000263db   Thumb Code     0  arm_startup_nrf52.o(.text)
    SPIM0_SPIS0_TWIM0_TWIS0_SPI0_TWI0_IRQHandler 0x000263db   Thumb Code     0  arm_startup_nrf52.o(.text)
    SPIM2_SPIS2_SPI2_IRQHandler              0x000263db   Thumb Code     0  arm_startup_nrf52.o(.text)
    SWI1_EGU1_IRQHandler                     0x000263db   Thumb Code     0  arm_startup_nrf52.o(.text)
    SWI3_EGU3_IRQHandler                     0x000263db   Thumb Code     0  arm_startup_nrf52.o(.text)
    SWI4_EGU4_IRQHandler                     0x000263db   Thumb Code     0  arm_startup_nrf52.o(.text)
    SWI5_EGU5_IRQHandler                     0x000263db   Thumb Code     0  arm_startup_nrf52.o(.text)
    TEMP_IRQHandler                          0x000263db   Thumb Code     0  arm_startup_nrf52.o(.text)
    TIMER0_IRQHandler                        0x000263db   Thumb Code     0  arm_startup_nrf52.o(.text)
    TIMER2_IRQHandler                        0x000263db   Thumb Code     0  arm_startup_nrf52.o(.text)
    TIMER3_IRQHandler                        0x000263db   Thumb Code     0  arm_startup_nrf52.o(.text)
    TIMER4_IRQHandler                        0x000263db   Thumb Code     0  arm_startup_nrf52.o(.text)
    __aeabi_llsl                             0x000263e5   Thumb Code    30  llshl.o(.text)
    _ll_shift_l                              0x000263e5   Thumb Code     0  llshl.o(.text)
    __aeabi_memcpy                           0x00026403   Thumb Code    36  memcpya.o(.text)
    __aeabi_memcpy4                          0x00026403   Thumb Code     0  memcpya.o(.text)
    __aeabi_memcpy8                          0x00026403   Thumb Code     0  memcpya.o(.text)
    __aeabi_memset                           0x00026427   Thumb Code    14  memseta.o(.text)
    __aeabi_memset4                          0x00026427   Thumb Code     0  memseta.o(.text)
    __aeabi_memset8                          0x00026427   Thumb Code     0  memseta.o(.text)
    __aeabi_memclr                           0x00026435   Thumb Code     4  memseta.o(.text)
    __aeabi_memclr4                          0x00026435   Thumb Code     0  memseta.o(.text)
    __aeabi_memclr8                          0x00026435   Thumb Code     0  memseta.o(.text)
    _memset$wrapper                          0x00026439   Thumb Code    18  memseta.o(.text)
    strlen                                   0x0002644b   Thumb Code    14  strlen.o(.text)
    strcmp                                   0x00026459   Thumb Code    28  strcmp.o(.text)
    strcpy                                   0x00026475   Thumb Code    18  strcpy.o(.text)
    strncmp                                  0x00026487   Thumb Code    30  strncmp.o(.text)
    strtok                                   0x000264a5   Thumb Code    62  strtok.o(.text)
    atoi                                     0x000264e9   Thumb Code    26  atoi.o(.text)
    __aeabi_uldivmod                         0x00026503   Thumb Code    98  uldiv.o(.text)
    strtol                                   0x00026565   Thumb Code   112  strtol.o(.text)
    __scatterload                            0x000265d5   Thumb Code    28  init.o(.text)
    __scatterload_rt2                        0x000265d5   Thumb Code     0  init.o(.text)
    __aeabi_llsr                             0x000265f9   Thumb Code    32  llushr.o(.text)
    _ll_ushift_r                             0x000265f9   Thumb Code     0  llushr.o(.text)
    __rt_ctype_table                         0x00026619   Thumb Code     4  ctype_o.o(.text)
    _strtoul                                 0x00026621   Thumb Code   158  _strtoul.o(.text)
    _chval                                   0x000266bf   Thumb Code    28  _chval.o(.text)
    __decompress                             0x000266db   Thumb Code     0  __dczerorl2.o(.text)
    __decompress1                            0x000266db   Thumb Code    86  __dczerorl2.o(.text)
    GPIOTE_IRQHandler                        0x00026731   Thumb Code   392  nrfx_gpiote.o(i.GPIOTE_IRQHandler)
    IsAdvertised                             0x000268c1   Thumb Code     6  main.o(i.IsAdvertised)
    IsConnected                              0x000268cd   Thumb Code    20  main.o(i.IsConnected)
    IsSPIBusy                                0x000268e5   Thumb Code     6  ndevice_spi.o(i.IsSPIBusy)
    POWER_CLOCK_IRQHandler                   0x00026955   Thumb Code    82  nrfx_clock.o(i.POWER_CLOCK_IRQHandler)
    PWM0_IRQHandler                          0x000269ad   Thumb Code     8  nrfx_pwm.o(i.PWM0_IRQHandler)
    PWM1_IRQHandler                          0x000269bd   Thumb Code     8  nrfx_pwm.o(i.PWM1_IRQHandler)
    PWM2_IRQHandler                          0x000269cd   Thumb Code     8  nrfx_pwm.o(i.PWM2_IRQHandler)
    RTC1_IRQHandler                          0x000269dd   Thumb Code    32  app_timer.o(i.RTC1_IRQHandler)
    SAADC_IRQHandler                         0x00026a01   Thumb Code    60  ndevice_sadc.o(i.SAADC_IRQHandler)
    SEGGER_RTT_Write                         0x00026a45   Thumb Code    50  segger_rtt.o(i.SEGGER_RTT_Write)
    SEGGER_RTT_WriteNoLock                   0x00026a7d   Thumb Code    86  segger_rtt.o(i.SEGGER_RTT_WriteNoLock)
    SEGGER_RTT_printf                        0x00026ad9   Thumb Code    22  segger_rtt_printf.o(i.SEGGER_RTT_printf)
    SEGGER_RTT_vprintf                       0x00026aef   Thumb Code   382  segger_rtt_printf.o(i.SEGGER_RTT_vprintf)
    SPIM1_SPIS1_TWIM1_TWIS1_SPI1_TWI1_IRQHandler 0x00026c6d   Thumb Code    44  ndevice_spi.o(i.SPIM1_SPIS1_TWIM1_TWIS1_SPI1_TWI1_IRQHandler)
    SWI0_EGU0_IRQHandler                     0x00026c9d   Thumb Code     4  app_timer.o(i.SWI0_EGU0_IRQHandler)
    SWI2_EGU2_IRQHandler                     0x00026ca1   Thumb Code     4  nrf_sdh.o(i.SWI2_EGU2_IRQHandler)
    SoundPU                                  0x00026ca5   Thumb Code   852  shoponair.o(i.SoundPU)
    SoundPlay                                0x00026ff9   Thumb Code   858  shoponair.o(i.SoundPlay)
    SoundVol                                 0x0002735d   Thumb Code   468  shoponair.o(i.SoundVol)
    SystemInit                               0x00027531   Thumb Code   714  system_nrf52.o(i.SystemInit)
    TIMER1_IRQHandler                        0x00027841   Thumb Code    18  ndevice_timer.o(i.TIMER1_IRQHandler)
    UARTE0_UART0_IRQHandler                  0x00027859   Thumb Code    36  ndevice_uart.o(i.UARTE0_UART0_IRQHandler)
    WDT_IRQHandler                           0x0002788d   Thumb Code    26  nrfx_wdt.o(i.WDT_IRQHandler)
    __0sprintf$8                             0x00027b9d   Thumb Code    34  printf8.o(i.__0sprintf$8)
    __1sprintf$8                             0x00027b9d   Thumb Code     0  printf8.o(i.__0sprintf$8)
    __2sprintf                               0x00027b9d   Thumb Code     0  printf8.o(i.__0sprintf$8)
    __aeabi_errno_addr                       0x00027bc5   Thumb Code     4  errno.o(i.__aeabi_errno_addr)
    __rt_errno_addr                          0x00027bc5   Thumb Code     0  errno.o(i.__aeabi_errno_addr)
    __scatterload_copy                       0x00027bcd   Thumb Code    14  handlers.o(i.__scatterload_copy)
    __scatterload_null                       0x00027bdb   Thumb Code     2  handlers.o(i.__scatterload_null)
    __scatterload_zeroinit                   0x00027bdd   Thumb Code    14  handlers.o(i.__scatterload_zeroinit)
    adc_sample                               0x0002807d   Thumb Code    10  ndevice_sadc.o(i.adc_sample)
    advertising_start                        0x000280b1   Thumb Code    24  main.o(i.advertising_start)
    advertising_stop                         0x000280cd   Thumb Code    18  main.o(i.advertising_stop)
    app_error_fault_handler                  0x000280e5   Thumb Code    68  main.o(i.app_error_fault_handler)
    app_error_handler_bare                   0x0002815d   Thumb Code    22  app_error.o(i.app_error_handler_bare)
    app_timer_create                         0x00028175   Thumb Code    36  app_timer.o(i.app_timer_create)
    app_timer_init                           0x0002819d   Thumb Code    70  app_timer.o(i.app_timer_init)
    app_timer_start                          0x000281f1   Thumb Code   124  app_timer.o(i.app_timer_start)
    app_timer_stop                           0x00028275   Thumb Code    26  app_timer.o(i.app_timer_stop)
    app_util_critical_region_enter           0x00028295   Thumb Code    60  app_util_platform.o(i.app_util_critical_region_enter)
    app_util_critical_region_exit            0x000282d9   Thumb Code    46  app_util_platform.o(i.app_util_critical_region_exit)
    auto_baud_rate_run                       0x000284d5   Thumb Code   276  auto_baudrate.o(i.auto_baud_rate_run)
    base64_decode                            0x00028941   Thumb Code   274  ndevice_util.o(i.base64_decode)
    base64_encode                            0x00028a59   Thumb Code   268  ndevice_util.o(i.base64_encode)
    begin                                    0x00028b69   Thumb Code    50  main.o(i.begin)
    blcm_link_ctx_get                        0x00028ba9   Thumb Code    72  ble_link_ctx_manager.o(i.blcm_link_ctx_get)
    ble_advdata_encode                       0x00028bf1   Thumb Code   406  ble_advdata.o(i.ble_advdata_encode)
    ble_advdata_parse                        0x00028d87   Thumb Code    32  ble_advdata.o(i.ble_advdata_parse)
    ble_advdata_search                       0x00028da7   Thumb Code    56  ble_advdata.o(i.ble_advdata_search)
    ble_advertising_conn_cfg_tag_set         0x00028ddf   Thumb Code     6  ble_advertising.o(i.ble_advertising_conn_cfg_tag_set)
    ble_advertising_init                     0x00028de5   Thumb Code   268  ble_advertising.o(i.ble_advertising_init)
    ble_advertising_on_ble_evt               0x00028ef1   Thumb Code   106  ble_advertising.o(i.ble_advertising_on_ble_evt)
    ble_advertising_on_sys_evt               0x00028f5b   Thumb Code     2  ble_advertising.o(i.ble_advertising_on_sys_evt)
    ble_advertising_start                    0x00028f5d   Thumb Code   576  ble_advertising.o(i.ble_advertising_start)
    ble_conn_params_init                     0x0002919d   Thumb Code   114  ble_conn_params.o(i.ble_conn_params_init)
    ble_conn_state_conn_idx                  0x0002921d   Thumb Code    18  ble_conn_state.o(i.ble_conn_state_conn_idx)
    ble_conn_state_valid                     0x00029231   Thumb Code    16  ble_conn_state.o(i.ble_conn_state_valid)
    ble_nd_init                              0x000295d1   Thumb Code   158  ndevice_ble.o(i.ble_nd_init)
    ble_nus_data_send                        0x00029675   Thumb Code    78  ndevice_ble.o(i.ble_nus_data_send)
    ble_nus_on_ble_evt                       0x000296c3   Thumb Code   114  ndevice_ble.o(i.ble_nus_on_ble_evt)
    ble_srv_is_notification_enabled          0x00029735   Thumb Code     8  ble_srv_common.o(i.ble_srv_is_notification_enabled)
    cb_tick_handler                          0x0002973d   Thumb Code    10  func.o(i.cb_tick_handler)
    characteristic_add                       0x000297cd   Thumb Code   400  ble_srv_common.o(i.characteristic_add)
    checkRemainConnect                       0x0002995d   Thumb Code   132  func.o(i.checkRemainConnect)
    clearEncBusy                             0x00029a7d   Thumb Code    20  process_data.o(i.clearEncBusy)
    clear_receipt                            0x00029a99   Thumb Code    64  process_data.o(i.clear_receipt)
    clrTagReceived                           0x00029b25   Thumb Code    18  func.o(i.clrTagReceived)
    clr_SysEvent                             0x00029b61   Thumb Code    10  func.o(i.clr_SysEvent)
    conn_handle_list_get                     0x00029c1d   Thumb Code    62  ble_conn_state.o(i.conn_handle_list_get)
    ctrlLEDState                             0x00029d35   Thumb Code   110  func.o(i.ctrlLEDState)
    dummy_handler                            0x00029dcf   Thumb Code     2  func.o(i.dummy_handler)
    eep_read_array                           0x00029dd1   Thumb Code    32  ndevice_eeprom.o(i.eep_read_array)
    eep_write_array                          0x00029df5   Thumb Code    42  ndevice_eeprom.o(i.eep_write_array)
    eep_write_status                         0x00029e25   Thumb Code    16  ndevice_eeprom.o(i.eep_write_status)
    func_enter_bootloader                    0x00029f43   Thumb Code    18  func.o(i.func_enter_bootloader)
    gatt_evt_handler                         0x00029f71   Thumb Code    28  main.o(i.gatt_evt_handler)
    gatt_init                                0x00029f91   Thumb Code    38  main.o(i.gatt_init)
    gen_qode_packet                          0x00029fc1   Thumb Code    88  process_data.o(i.gen_qode_packet)
    getReceiptFSM                            0x0002a019   Thumb Code     6  func.o(i.getReceiptFSM)
    get_tickcount                            0x0002a025   Thumb Code     6  func.o(i.get_tickcount)
    gpiote_init                              0x0002a031   Thumb Code    44  func.o(i.gpiote_init)
    init_fstorage                            0x0002a099   Thumb Code    14  func.o(i.init_fstorage)
    init_parameter                           0x0002a0b5   Thumb Code   450  process_data.o(i.init_parameter)
    init_play_sound                          0x0002a41d   Thumb Code    12  play_sound.o(i.init_play_sound)
    init_pos_parser                          0x0002a42d   Thumb Code   194  pos_parser.o(i.init_pos_parser)
    init_process                             0x0002a525   Thumb Code    74  process_data.o(i.init_process)
    init_stick_var                           0x0002a581   Thumb Code   104  func.o(i.init_stick_var)
    is_busy_nvmc                             0x0002a6c5   Thumb Code    14  ndevice_nvmc.o(i.is_busy_nvmc)
    load_qr_code                             0x0002a82d   Thumb Code   168  process_data.o(i.load_qr_code)
    main                                     0x0002a8dd   Thumb Code   616  main.o(i.main)
    nd_disconnect                            0x0002aca1   Thumb Code    48  main.o(i.nd_disconnect)
    nd_erase_flash                           0x0002acd5   Thumb Code    26  func.o(i.nd_erase_flash)
    nd_erase_flash_opt                       0x0002acf5   Thumb Code    26  func.o(i.nd_erase_flash_opt)
    nd_gpio_init                             0x0002ad15   Thumb Code   164  ndevice_gpio.o(i.nd_gpio_init)
    nd_nvmc_cfg                              0x0002adb9   Thumb Code    16  ndevice_nvmc.o(i.nd_nvmc_cfg)
    nd_nvmc_read                             0x0002adcd   Thumb Code    20  ndevice_nvmc.o(i.nd_nvmc_read)
    nd_spi_init                              0x0002ade5   Thumb Code   134  ndevice_spi.o(i.nd_spi_init)
    nd_write_flash                           0x0002ae95   Thumb Code    30  func.o(i.nd_write_flash)
    new_print_receipt                        0x0002aeb9   Thumb Code   176  process_data.o(i.new_print_receipt)
    nrf_atfifo_clear                         0x0002af79   Thumb Code    16  nrf_atfifo.o(i.nrf_atfifo_clear)
    nrf_atfifo_init                          0x0002af89   Thumb Code    38  nrf_atfifo.o(i.nrf_atfifo_init)
    nrf_atfifo_item_alloc                    0x0002afaf   Thumb Code    22  nrf_atfifo.o(i.nrf_atfifo_item_alloc)
    nrf_atfifo_item_free                     0x0002afc5   Thumb Code    22  nrf_atfifo.o(i.nrf_atfifo_item_free)
    nrf_atfifo_item_get                      0x0002afdb   Thumb Code    22  nrf_atfifo.o(i.nrf_atfifo_item_get)
    nrf_atfifo_item_put                      0x0002aff1   Thumb Code    22  nrf_atfifo.o(i.nrf_atfifo_item_put)
    nrf_atflags_clear                        0x0002b007   Thumb Code    22  nrf_atflags.o(i.nrf_atflags_clear)
    nrf_atflags_get                          0x0002b01d   Thumb Code    22  nrf_atflags.o(i.nrf_atflags_get)
    nrf_atflags_set                          0x0002b033   Thumb Code    20  nrf_atflags.o(i.nrf_atflags_set)
    nrf_atomic_flag_set_fetch                0x0002b047   Thumb Code     6  nrf_atomic.o(i.nrf_atomic_flag_set_fetch)
    nrf_atomic_u32_and                       0x0002b04d   Thumb Code    12  nrf_atomic.o(i.nrf_atomic_u32_and)
    nrf_atomic_u32_fetch_or                  0x0002b059   Thumb Code    10  nrf_atomic.o(i.nrf_atomic_u32_fetch_or)
    nrf_atomic_u32_or                        0x0002b063   Thumb Code    12  nrf_atomic.o(i.nrf_atomic_u32_or)
    nrf_ble_gatt_att_mtu_periph_set          0x0002b093   Thumb Code    24  nrf_ble_gatt.o(i.nrf_ble_gatt_att_mtu_periph_set)
    nrf_ble_gatt_init                        0x0002b0ab   Thumb Code    42  nrf_ble_gatt.o(i.nrf_ble_gatt_init)
    nrf_ble_gatt_on_ble_evt                  0x0002b0d5   Thumb Code   366  nrf_ble_gatt.o(i.nrf_ble_gatt_on_ble_evt)
    nrf_ble_qwr_conn_handle_assign           0x0002b249   Thumb Code    22  nrf_ble_qwr.o(i.nrf_ble_qwr_conn_handle_assign)
    nrf_ble_qwr_init                         0x0002b25f   Thumb Code    36  nrf_ble_qwr.o(i.nrf_ble_qwr_init)
    nrf_ble_qwr_on_ble_evt                   0x0002b283   Thumb Code   182  nrf_ble_qwr.o(i.nrf_ble_qwr_on_ble_evt)
    nrf_drv_clock_init                       0x0002b3c1   Thumb Code    48  nrf_drv_clock.o(i.nrf_drv_clock_init)
    nrf_drv_clock_lfclk_release              0x0002b3f9   Thumb Code    42  nrf_drv_clock.o(i.nrf_drv_clock_lfclk_release)
    nrf_fstorage_erase                       0x0002b429   Thumb Code    78  nrf_fstorage.o(i.nrf_fstorage_erase)
    nrf_fstorage_init                        0x0002b477   Thumb Code    16  nrf_fstorage.o(i.nrf_fstorage_init)
    nrf_fstorage_sdh_req_handler             0x0002b489   Thumb Code    18  nrf_fstorage_sd.o(i.nrf_fstorage_sdh_req_handler)
    nrf_fstorage_sdh_state_handler           0x0002b4a1   Thumb Code    28  nrf_fstorage_sd.o(i.nrf_fstorage_sdh_state_handler)
    nrf_fstorage_sys_evt_handler             0x0002b4c1   Thumb Code   156  nrf_fstorage_sd.o(i.nrf_fstorage_sys_evt_handler)
    nrf_fstorage_write                       0x0002b565   Thumb Code   102  nrf_fstorage.o(i.nrf_fstorage_write)
    nrf_pwr_mgmt_init                        0x0002b77d   Thumb Code    28  nrf_pwr_mgmt.o(i.nrf_pwr_mgmt_init)
    nrf_sdh_ble_app_ram_start_get            0x0002b7a9   Thumb Code    16  nrf_sdh_ble.o(i.nrf_sdh_ble_app_ram_start_get)
    nrf_sdh_ble_default_cfg_set              0x0002b7bd   Thumb Code   158  nrf_sdh_ble.o(i.nrf_sdh_ble_default_cfg_set)
    nrf_sdh_ble_enable                       0x0002b85d   Thumb Code    14  nrf_sdh_ble.o(i.nrf_sdh_ble_enable)
    nrf_sdh_disable_request                  0x0002b8d1   Thumb Code    80  nrf_sdh.o(i.nrf_sdh_disable_request)
    nrf_sdh_enable_request                   0x0002b925   Thumb Code   102  nrf_sdh.o(i.nrf_sdh_enable_request)
    nrf_sdh_evts_poll                        0x0002b999   Thumb Code    32  nrf_sdh.o(i.nrf_sdh_evts_poll)
    nrf_sdh_is_enabled                       0x0002b9bd   Thumb Code     6  nrf_sdh.o(i.nrf_sdh_is_enabled)
    nrf_sdh_request_continue                 0x0002b9c9   Thumb Code    22  nrf_sdh.o(i.nrf_sdh_request_continue)
    nrf_section_iter_init                    0x0002ba21   Thumb Code    10  nrf_section_iter.o(i.nrf_section_iter_init)
    nrf_section_iter_next                    0x0002ba4f   Thumb Code    32  nrf_section_iter.o(i.nrf_section_iter_next)
    nrfx_clock_enable                        0x0002ba71   Thumb Code    34  nrfx_clock.o(i.nrfx_clock_enable)
    nrfx_clock_init                          0x0002ba9d   Thumb Code    26  nrfx_clock.o(i.nrfx_clock_init)
    nrfx_clock_lfclk_stop                    0x0002babd   Thumb Code    20  nrfx_clock.o(i.nrfx_clock_lfclk_stop)
    nrfx_gpiote_in_event_enable              0x0002bb09   Thumb Code   156  nrfx_gpiote.o(i.nrfx_gpiote_in_event_enable)
    nrfx_gpiote_in_init                      0x0002bbad   Thumb Code   194  nrfx_gpiote.o(i.nrfx_gpiote_in_init)
    nrfx_gpiote_init                         0x0002bc7d   Thumb Code    94  nrfx_gpiote.o(i.nrfx_gpiote_init)
    nrfx_gpiote_is_init                      0x0002bce9   Thumb Code    14  nrfx_gpiote.o(i.nrfx_gpiote_is_init)
    nrfx_wdt_channel_alloc                   0x0002bcfd   Thumb Code    60  nrfx_wdt.o(i.nrfx_wdt_channel_alloc)
    nrfx_wdt_enable                          0x0002bd41   Thumb Code    18  nrfx_wdt.o(i.nrfx_wdt_enable)
    nrfx_wdt_init                            0x0002bd5d   Thumb Code    66  nrfx_wdt.o(i.nrfx_wdt_init)
    parser_data                              0x0002bf0d   Thumb Code   870  process_data.o(i.parser_data)
    play_sound                               0x0002c37d   Thumb Code    78  play_sound.o(i.play_sound)
    play_sound_mode                          0x0002c3d5   Thumb Code    34  func.o(i.play_sound_mode)
    play_sound_push                          0x0002c3fd   Thumb Code    24  play_sound.o(i.play_sound_push)
    play_sound_set_total_value               0x0002c41d   Thumb Code   708  play_sound.o(i.play_sound_set_total_value)
    pos_cnt_uart_parser                      0x0002c6e5   Thumb Code   636  process_data.o(i.pos_cnt_uart_parser)
    pos_data_is_card                         0x0002c97d   Thumb Code     6  pos_parser.o(i.pos_data_is_card)
    pos_parser_get_CPK                       0x0002c9bd   Thumb Code     4  pos_parser.o(i.pos_parser_get_CPK)
    pos_parser_get_TPK                       0x0002c9c5   Thumb Code     4  pos_parser.o(i.pos_parser_get_TPK)
    pos_parser_get_keyword_info              0x0002c9cd   Thumb Code     8  pos_parser.o(i.pos_parser_get_keyword_info)
    pos_parser_get_payment                   0x0002c9d9   Thumb Code     8  pos_parser.o(i.pos_parser_get_payment)
    pos_parser_load_cpk_tpk                  0x0002ca89   Thumb Code   222  pos_parser.o(i.pos_parser_load_cpk_tpk)
    pos_parser_push                          0x0002cc1d   Thumb Code   112  pos_parser.o(i.pos_parser_push)
    pos_parser_reset                         0x0002cc95   Thumb Code    36  pos_parser.o(i.pos_parser_reset)
    pos_parser_set_CPK                       0x0002ccc1   Thumb Code   256  pos_parser.o(i.pos_parser_set_CPK)
    pos_parser_set_TPK                       0x0002ce29   Thumb Code   112  pos_parser.o(i.pos_parser_set_TPK)
    pos_parser_set_sysinfo                   0x0002cea1   Thumb Code     6  pos_parser.o(i.pos_parser_set_sysinfo)
    print_left_align                         0x0002d0a5   Thumb Code    20  process_data.o(i.print_left_align)
    print_system_prameter                    0x0002d0bd   Thumb Code   332  process_data.o(i.print_system_prameter)
    process_is_there_packet                  0x0002d2bd   Thumb Code     6  process_data.o(i.process_is_there_packet)
    process_wait_complete_packet             0x0002d2e9   Thumb Code    36  process_data.o(i.process_wait_complete_packet)
    receiptFSM                               0x0002d401   Thumb Code    84  func.o(i.receiptFSM)
    resetOPTWriteTimer                       0x0002d45d   Thumb Code    10  func.o(i.resetOPTWriteTimer)
    resetRemainConnect                       0x0002d471   Thumb Code    16  func.o(i.resetRemainConnect)
    sendCAT2Succeed                          0x0002d571   Thumb Code    70  process_data.o(i.sendCAT2Succeed)
    send_DIS                                 0x0002d5cd   Thumb Code    18  process_data.o(i.send_DIS)
    send_FUM                                 0x0002d5e9   Thumb Code    18  process_data.o(i.send_FUM)
    send_PRF                                 0x0002d605   Thumb Code    18  process_data.o(i.send_PRF)
    send_PRS                                 0x0002d621   Thumb Code    18  process_data.o(i.send_PRS)
    send_endQR                               0x0002d63d   Thumb Code    22  process_data.o(i.send_endQR)
    send_modeSum                             0x0002d66d   Thumb Code    88  process_data.o(i.send_modeSum)
    send_queuedQRData                        0x0002d721   Thumb Code   386  process_data.o(i.send_queuedQRData)
    send_receiptData                         0x0002d8c5   Thumb Code   322  process_data.o(i.send_receiptData)
    send_responseToBLE                       0x0002da19   Thumb Code    62  process_data.o(i.send_responseToBLE)
    send_responseToBLEinEvent                0x0002da5d   Thumb Code    30  process_data.o(i.send_responseToBLEinEvent)
    setBase64Buffer                          0x0002db05   Thumb Code    26  process_data.o(i.setBase64Buffer)
    setCAT2Data                              0x0002db25   Thumb Code    92  func.o(i.setCAT2Data)
    setQRData                                0x0002db91   Thumb Code    50  func.o(i.setQRData)
    setReverseData                           0x0002dbc9   Thumb Code    54  func.o(i.setReverseData)
    setSoundTotal                            0x0002dc05   Thumb Code    10  func.o(i.setSoundTotal)
    setTimeoutStart                          0x0002dc19   Thumb Code    36  func.o(i.setTimeoutStart)
    setVolume                                0x0002dc49   Thumb Code    36  func.o(i.setVolume)
    set_SysEvent                             0x0002dc71   Thumb Code    10  func.o(i.set_SysEvent)
    set_advertising_active                   0x0002dc81   Thumb Code     8  func.o(i.set_advertising_active)
    set_nus_ptr                              0x0002dc8d   Thumb Code     6  process_data.o(i.set_nus_ptr)
    set_print_baud_rate                      0x0002dc99   Thumb Code    56  func.o(i.set_print_baud_rate)
    set_print_mode                           0x0002dcd5   Thumb Code    56  func.o(i.set_print_mode)
    spim_repeateddata                        0x0002de31   Thumb Code    82  ndevice_spi.o(i.spim_repeateddata)
    spim_senddata                            0x0002de89   Thumb Code    68  ndevice_spi.o(i.spim_senddata)
    stick_fsm                                0x0002ded1   Thumb Code  1862  func.o(i.stick_fsm)
    twisRX                                   0x0002e959   Thumb Code    92  func.o(i.twisRX)
    uart_get_RXD                             0x0002e9c5   Thumb Code    38  ndevice_uart.o(i.uart_get_RXD)
    uart_init                                0x0002e9f5   Thumb Code   106  ndevice_uart.o(i.uart_init)
    uart_put                                 0x0002ea75   Thumb Code    26  ndevice_uart.o(i.uart_put)
    uart_putstring                           0x0002ea99   Thumb Code    24  ndevice_uart.o(i.uart_putstring)
    uart_setBaudrate                         0x0002eab1   Thumb Code    60  ndevice_uart.o(i.uart_setBaudrate)
    wdt_event_handler                        0x0002ecd9   Thumb Code     2  main.o(i.wdt_event_handler)
    writeReverseToSRAM                       0x0002ed31   Thumb Code   268  func.o(i.writeReverseToSRAM)
    nrf_fstorage_sd                          0x0002f048   Data          32  nrf_fstorage_sd.o(.constdata)
    m_ram_start                              0x0002f104   Data           4  nrf_sdh_ble.o(.constdata)
    __ctype_table                            0x0002f140   Data         129  ctype_o.o(.constdata)
    Region$$Table$$Base                      0x0002f294   Number         0  anon$$obj.o(Region$$Table)
    Region$$Table$$Limit                     0x0002f2b4   Number         0  anon$$obj.o(Region$$Table)
    sdh_ble_observers0$$Base                 0x0002f2b4   Number         0  ble_conn_state.o(sdh_ble_observers0)
    sdh_ble_observers0$$Limit                0x0002f2bc   Number         0  ble_conn_state.o(sdh_ble_observers0)
    sdh_ble_observers1$$Base                 0x0002f2bc   Number         0  main.o(sdh_ble_observers1)
    sdh_ble_observers1$$Limit                0x0002f2d4   Number         0  ble_conn_params.o(sdh_ble_observers1)
    sdh_ble_observers2$$Base                 0x0002f2d4   Number         0  main.o(sdh_ble_observers2)
    sdh_ble_observers2$$Limit                0x0002f2e4   Number         0  main.o(sdh_ble_observers2)
    sdh_ble_observers3$$Base                 0x0002f2e4   Number         0  main.o(sdh_ble_observers3)
    m_req_obs                                0x0002f2ec   Data           8  nrf_fstorage_sd.o(sdh_req_observers0)
    sdh_ble_observers3$$Limit                0x0002f2ec   Number         0  main.o(sdh_ble_observers3)
    sdh_req_observers0$$Base                 0x0002f2ec   Number         0  nrf_fstorage_sd.o(sdh_req_observers0)
    sdh_req_observers0$$Limit                0x0002f2f4   Number         0  nrf_fstorage_sd.o(sdh_req_observers0)
    sdh_soc_observers0$$Base                 0x0002f2f4   Number         0  nrf_drv_clock.o(sdh_soc_observers0)
    sdh_soc_observers0$$Limit                0x0002f304   Number         0  nrf_fstorage_sd.o(sdh_soc_observers0)
    sdh_soc_observers1$$Base                 0x0002f304   Number         0  main.o(sdh_soc_observers1)
    sdh_soc_observers1$$Limit                0x0002f30c   Number         0  main.o(sdh_soc_observers1)
    sdh_stack_observers0$$Base               0x0002f30c   Number         0  nrf_sdh_ble.o(sdh_stack_observers0)
    sdh_stack_observers0$$Limit              0x0002f31c   Number         0  nrf_sdh_soc.o(sdh_stack_observers0)
    sdh_state_observers0$$Base               0x0002f31c   Number         0  nrf_drv_clock.o(sdh_state_observers0)
    sdh_state_observers0$$Limit              0x0002f32c   Number         0  nrf_fstorage_sd.o(sdh_state_observers0)
    Image$$RW_IRAM1$$Base                    0x20002aa8   Number         0  anon$$obj.o ABSOLUTE
    bTimer_handled_g                         0x20002aa8   Data           1  func.o(.data)
    wait_cnt                                 0x20002ab4   Data           4  func.o(.data)
    BuffInCnt                                0x20002ab8   Data           4  func.o(.data)
    BuffOutCnt                               0x20002abc   Data           4  func.o(.data)
    p_fs_api_g                               0x20002ac0   Data           4  func.o(.data)
    advertising_g                            0x20002ad0   Data           1  main.o(.data)
    ble_disconnecting                        0x20002ad1   Data           1  main.o(.data)
    m_channel_id                             0x20002ad2   Data           1  main.o(.data)
    EVTCH_RSSI                               0x20002adc   Data           4  main.o(.data)
    macaddr                                  0x20002ae0   Data           6  main.o(.data)
    last_sound                               0x20002b13   Data           1  process_data.o(.data)
    no_receipt_flag                          0x20002b14   Data           1  process_data.o(.data)
    prf_cancel_flag                          0x20002b15   Data           1  process_data.o(.data)
    print_pass_flag                          0x20002b16   Data           1  process_data.o(.data)
    SystemCoreClock                          0x20002ba0   Data           4  system_nrf52.o(.data)
    cccd_enabled_g                           0x20002ba4   Data           1  ndevice_ble.o(.data)
    ADCctrl_g                                0x20002ba8   Data           2  ndevice_sadc.o(.data)
    pADCconfig_g                             0x20002bac   Data           4  ndevice_sadc.o(.data)
    pADCinterrupt_g                          0x20002bb0   Data           4  ndevice_sadc.o(.data)
    pADCoperate_g                            0x20002bb4   Data           4  ndevice_sadc.o(.data)
    pADCchannel_g                            0x20002bb8   Data           4  ndevice_sadc.o(.data)
    pADCresult                               0x20002bbc   Data           4  ndevice_sadc.o(.data)
    cbSPIReceiveHandler_g                    0x20002bd4   Data           4  ndevice_spi.o(.data)
    fs_data$$Base                            0x20002c34   Number         0  func.o(fs_data)
    fstorage                                 0x20002c34   Data          20  func.o(fs_data)
    RECVdata                                 0x20002c48   Data         255  func.o(.bss)
    fs_data$$Limit                           0x20002c48   Number         0  func.o(fs_data)
    Senddata                                 0x20002d47   Data         255  func.o(.bss)
    Tickcounter_g                            0x20002e48   Data          24  func.o(.bss)
    PoscvtCfg_g                              0x20002e60   Data          34  func.o(.bss)
    reverseData_g                            0x20002e82   Data        2050  func.o(.bss)
    sndToTal_g                               0x20003684   Data          20  func.o(.bss)
    Buffer                                   0x20003698   Data         510  func.o(.bss)
    bleQueue_g                               0x20003b30   Data         712  process_data.o(.bss)
    nrf_nvic_state                           0x2000449c   Data          12  app_util_platform.o(.bss)
    _SEGGER_RTT                              0x2000457c   Data         168  segger_rtt.o(.bss)
    __initial_sp                             0x20006a38   Data           0  arm_startup_nrf52.o(STACK)



==============================================================================

Memory Map of the image

  Image Entry point : 0x00026201

  Load Region LR_IROM1 (Base: 0x00026000, Size: 0x000094cc, Max: 0x0005a000, ABSOLUTE, COMPRESSED[0x000093e0])

    Execution Region ER_IROM1 (Exec base: 0x00026000, Load base: 0x00026000, Size: 0x0000932c, Max: 0x0005a000, ABSOLUTE)

    Exec Addr    Load Addr    Size         Type   Attr      Idx    E Section Name        Object

    0x00026000   0x00026000   0x00000200   Data   RO         1512    RESET               arm_startup_nrf52.o
    0x00026200   0x00026200   0x00000000   Code   RO         5884  * .ARM.Collect$$$$00000000  mc_w.l(entry.o)
    0x00026200   0x00026200   0x00000004   Code   RO         6174    .ARM.Collect$$$$00000001  mc_w.l(entry2.o)
    0x00026204   0x00026204   0x00000004   Code   RO         6177    .ARM.Collect$$$$00000004  mc_w.l(entry5.o)
    0x00026208   0x00026208   0x00000000   Code   RO         6179    .ARM.Collect$$$$00000008  mc_w.l(entry7b.o)
    0x00026208   0x00026208   0x00000000   Code   RO         6181    .ARM.Collect$$$$0000000A  mc_w.l(entry8b.o)
    0x00026208   0x00026208   0x00000008   Code   RO         6182    .ARM.Collect$$$$0000000B  mc_w.l(entry9a.o)
    0x00026210   0x00026210   0x00000000   Code   RO         6184    .ARM.Collect$$$$0000000D  mc_w.l(entry10a.o)
    0x00026210   0x00026210   0x00000000   Code   RO         6186    .ARM.Collect$$$$0000000F  mc_w.l(entry11a.o)
    0x00026210   0x00026210   0x00000004   Code   RO         6175    .ARM.Collect$$$$00002712  mc_w.l(entry2.o)
    0x00026214   0x00026214   0x000000c8   Code   RO         4387    .emb_text           nrf_atfifo.o
    0x000262dc   0x000262dc   0x000000e2   Code   RO         4526    .emb_text           nrf_atomic.o
    0x000263be   0x000263be   0x00000002   PAD
    0x000263c0   0x000263c0   0x00000024   Code   RO         1513    .text               arm_startup_nrf52.o
    0x000263e4   0x000263e4   0x0000001e   Code   RO         5887    .text               mc_w.l(llshl.o)
    0x00026402   0x00026402   0x00000024   Code   RO         5889    .text               mc_w.l(memcpya.o)
    0x00026426   0x00026426   0x00000024   Code   RO         5891    .text               mc_w.l(memseta.o)
    0x0002644a   0x0002644a   0x0000000e   Code   RO         5893    .text               mc_w.l(strlen.o)
    0x00026458   0x00026458   0x0000001c   Code   RO         5895    .text               mc_w.l(strcmp.o)
    0x00026474   0x00026474   0x00000012   Code   RO         5899    .text               mc_w.l(strcpy.o)
    0x00026486   0x00026486   0x0000001e   Code   RO         5901    .text               mc_w.l(strncmp.o)
    0x000264a4   0x000264a4   0x00000044   Code   RO         5903    .text               mc_w.l(strtok.o)
    0x000264e8   0x000264e8   0x0000001a   Code   RO         6172    .text               mc_w.l(atoi.o)
    0x00026502   0x00026502   0x00000062   Code   RO         6190    .text               mc_w.l(uldiv.o)
    0x00026564   0x00026564   0x00000070   Code   RO         6199    .text               mc_w.l(strtol.o)
    0x000265d4   0x000265d4   0x00000024   Code   RO         6212    .text               mc_w.l(init.o)
    0x000265f8   0x000265f8   0x00000020   Code   RO         6214    .text               mc_w.l(llushr.o)
    0x00026618   0x00026618   0x00000008   Code   RO         6218    .text               mc_w.l(ctype_o.o)
    0x00026620   0x00026620   0x0000009e   Code   RO         6246    .text               mc_w.l(_strtoul.o)
    0x000266be   0x000266be   0x0000001c   Code   RO         6250    .text               mc_w.l(_chval.o)
    0x000266da   0x000266da   0x00000056   Code   RO         6260    .text               mc_w.l(__dczerorl2.o)
    0x00026730   0x00026730   0x00000190   Code   RO         3507    i.GPIOTE_IRQHandler  nrfx_gpiote.o
    0x000268c0   0x000268c0   0x0000000c   Code   RO          617    i.IsAdvertised      main.o
    0x000268cc   0x000268cc   0x00000018   Code   RO          618    i.IsConnected       main.o
    0x000268e4   0x000268e4   0x0000000c   Code   RO         1976    i.IsSPIBusy         ndevice_spi.o
    0x000268f0   0x000268f0   0x00000016   Code   RO         4089    i.NVIC_ClearPendingIRQ  app_timer.o
    0x00026906   0x00026906   0x00000016   Code   RO         4090    i.NVIC_EnableIRQ    app_timer.o
    0x0002691c   0x0002691c   0x00000016   Code   RO         4091    i.NVIC_SetPendingIRQ  app_timer.o
    0x00026932   0x00026932   0x00000020   Code   RO         4092    i.NVIC_SetPriority  app_timer.o
    0x00026952   0x00026952   0x00000002   PAD
    0x00026954   0x00026954   0x00000058   Code   RO         3376    i.POWER_CLOCK_IRQHandler  nrfx_clock.o
    0x000269ac   0x000269ac   0x00000010   Code   RO         5264    i.PWM0_IRQHandler   nrfx_pwm.o
    0x000269bc   0x000269bc   0x00000010   Code   RO         5265    i.PWM1_IRQHandler   nrfx_pwm.o
    0x000269cc   0x000269cc   0x00000010   Code   RO         5266    i.PWM2_IRQHandler   nrfx_pwm.o
    0x000269dc   0x000269dc   0x00000024   Code   RO         4093    i.RTC1_IRQHandler   app_timer.o
    0x00026a00   0x00026a00   0x00000044   Code   RO         1899    i.SAADC_IRQHandler  ndevice_sadc.o
    0x00026a44   0x00026a44   0x00000038   Code   RO         5665    i.SEGGER_RTT_Write  segger_rtt.o
    0x00026a7c   0x00026a7c   0x0000005c   Code   RO         5666    i.SEGGER_RTT_WriteNoLock  segger_rtt.o
    0x00026ad8   0x00026ad8   0x00000016   Code   RO         5840    i.SEGGER_RTT_printf  segger_rtt_printf.o
    0x00026aee   0x00026aee   0x0000017e   Code   RO         5841    i.SEGGER_RTT_vprintf  segger_rtt_printf.o
    0x00026c6c   0x00026c6c   0x00000030   Code   RO         1977    i.SPIM1_SPIS1_TWIM1_TWIS1_SPI1_TWI1_IRQHandler  ndevice_spi.o
    0x00026c9c   0x00026c9c   0x00000004   Code   RO         4094    i.SWI0_EGU0_IRQHandler  app_timer.o
    0x00026ca0   0x00026ca0   0x00000004   Code   RO         5427    i.SWI2_EGU2_IRQHandler  nrf_sdh.o
    0x00026ca4   0x00026ca4   0x00000354   Code   RO         1161    i.SoundPU           shoponair.o
    0x00026ff8   0x00026ff8   0x00000364   Code   RO         1162    i.SoundPlay         shoponair.o
    0x0002735c   0x0002735c   0x000001d4   Code   RO         1163    i.SoundVol          shoponair.o
    0x00027530   0x00027530   0x00000310   Code   RO         1521    i.SystemInit        system_nrf52.o
    0x00027840   0x00027840   0x00000018   Code   RO         2058    i.TIMER1_IRQHandler  ndevice_timer.o
    0x00027858   0x00027858   0x00000034   Code   RO         2101    i.UARTE0_UART0_IRQHandler  ndevice_uart.o
    0x0002788c   0x0002788c   0x00000024   Code   RO         3766    i.WDT_IRQHandler    nrfx_wdt.o
    0x000278b0   0x000278b0   0x00000068   Code   RO         5670    i._DoInit           segger_rtt.o
    0x00027918   0x00027918   0x00000016   Code   RO         5671    i._GetAvailWriteSpace  segger_rtt.o
    0x0002792e   0x0002792e   0x000000c4   Code   RO         5842    i._PrintInt         segger_rtt_printf.o
    0x000279f2   0x000279f2   0x00000002   PAD
    0x000279f4   0x000279f4   0x000000cc   Code   RO         5843    i._PrintUnsigned    segger_rtt_printf.o
    0x00027ac0   0x00027ac0   0x0000003e   Code   RO         5844    i._StoreChar        segger_rtt_printf.o
    0x00027afe   0x00027afe   0x0000005a   Code   RO         5673    i._WriteBlocking    segger_rtt.o
    0x00027b58   0x00027b58   0x00000042   Code   RO         5674    i._WriteNoCheck     segger_rtt.o
    0x00027b9a   0x00027b9a   0x00000002   PAD
    0x00027b9c   0x00027b9c   0x00000028   Code   RO         6120    i.__0sprintf$8      mc_w.l(printf8.o)
    0x00027bc4   0x00027bc4   0x00000008   Code   RO         6192    i.__aeabi_errno_addr  mc_w.l(errno.o)
    0x00027bcc   0x00027bcc   0x0000000e   Code   RO         6254    i.__scatterload_copy  mc_w.l(handlers.o)
    0x00027bda   0x00027bda   0x00000002   Code   RO         6255    i.__scatterload_null  mc_w.l(handlers.o)
    0x00027bdc   0x00027bdc   0x0000000e   Code   RO         6256    i.__scatterload_zeroinit  mc_w.l(handlers.o)
    0x00027bea   0x00027bea   0x00000002   PAD
    0x00027bec   0x00027bec   0x00000024   Code   RO         5428    i.__sd_nvic_app_accessible_irq  nrf_sdh.o
    0x00027c10   0x00027c10   0x00000410   Code   RO         6125    i._printf_core      mc_w.l(printf8.o)
    0x00028020   0x00028020   0x00000024   Code   RO         6126    i._printf_post_padding  mc_w.l(printf8.o)
    0x00028044   0x00028044   0x0000002e   Code   RO         6127    i._printf_pre_padding  mc_w.l(printf8.o)
    0x00028072   0x00028072   0x0000000a   Code   RO         6129    i._sputc            mc_w.l(printf8.o)
    0x0002807c   0x0002807c   0x00000010   Code   RO         1903    i.adc_sample        ndevice_sadc.o
    0x0002808c   0x0002808c   0x0000000c   Code   RO         4781    i.addr_is_aligned32  nrf_fstorage.o
    0x00028098   0x00028098   0x00000018   Code   RO         4782    i.addr_is_within_bounds  nrf_fstorage.o
    0x000280b0   0x000280b0   0x0000001c   Code   RO          619    i.advertising_start  main.o
    0x000280cc   0x000280cc   0x00000018   Code   RO          620    i.advertising_stop  main.o
    0x000280e4   0x000280e4   0x00000078   Code   RO          621    i.app_error_fault_handler  main.o
    0x0002815c   0x0002815c   0x00000016   Code   RO         3902    i.app_error_handler_bare  app_error.o
    0x00028172   0x00028172   0x00000002   PAD
    0x00028174   0x00028174   0x00000028   Code   RO         4097    i.app_timer_create  app_timer.o
    0x0002819c   0x0002819c   0x00000054   Code   RO         4098    i.app_timer_init    app_timer.o
    0x000281f0   0x000281f0   0x00000084   Code   RO         4101    i.app_timer_start   app_timer.o
    0x00028274   0x00028274   0x00000020   Code   RO         4102    i.app_timer_stop    app_timer.o
    0x00028294   0x00028294   0x00000044   Code   RO         4256    i.app_util_critical_region_enter  app_util_platform.o
    0x000282d8   0x000282d8   0x00000034   Code   RO         4257    i.app_util_critical_region_exit  app_util_platform.o
    0x0002830c   0x0002830c   0x0000003c   Code   RO         1237    i.auto_baud_rate_play_voice  auto_baudrate.o
    0x00028348   0x00028348   0x0000018c   Code   RO         1238    i.auto_baud_rate_proc  auto_baudrate.o
    0x000284d4   0x000284d4   0x00000128   Code   RO         1239    i.auto_baud_rate_run  auto_baudrate.o
    0x000285fc   0x000285fc   0x00000028   Code   RO         1240    i.auto_baud_rate_switch_to_pos  auto_baudrate.o
    0x00028624   0x00028624   0x0000031c   Code   RO         1241    i.auto_baudrate_print  auto_baudrate.o
    0x00028940   0x00028940   0x00000118   Code   RO         2189    i.base64_decode     ndevice_util.o
    0x00028a58   0x00028a58   0x00000110   Code   RO         2190    i.base64_encode     ndevice_util.o
    0x00028b68   0x00028b68   0x00000040   Code   RO          623    i.begin             main.o
    0x00028ba8   0x00028ba8   0x00000048   Code   RO         2832    i.blcm_link_ctx_get  ble_link_ctx_manager.o
    0x00028bf0   0x00028bf0   0x00000196   Code   RO         2397    i.ble_advdata_encode  ble_advdata.o
    0x00028d86   0x00028d86   0x00000020   Code   RO         2399    i.ble_advdata_parse  ble_advdata.o
    0x00028da6   0x00028da6   0x00000038   Code   RO         2400    i.ble_advdata_search  ble_advdata.o
    0x00028dde   0x00028dde   0x00000006   Code   RO         2504    i.ble_advertising_conn_cfg_tag_set  ble_advertising.o
    0x00028de4   0x00028de4   0x0000010c   Code   RO         2505    i.ble_advertising_init  ble_advertising.o
    0x00028ef0   0x00028ef0   0x0000006a   Code   RO         2507    i.ble_advertising_on_ble_evt  ble_advertising.o
    0x00028f5a   0x00028f5a   0x00000002   Code   RO         2508    i.ble_advertising_on_sys_evt  ble_advertising.o
    0x00028f5c   0x00028f5c   0x00000240   Code   RO         2511    i.ble_advertising_start  ble_advertising.o
    0x0002919c   0x0002919c   0x00000080   Code   RO         2597    i.ble_conn_params_init  ble_conn_params.o
    0x0002921c   0x0002921c   0x00000012   Code   RO         2675    i.ble_conn_state_conn_idx  ble_conn_state.o
    0x0002922e   0x0002922e   0x00000002   PAD
    0x00029230   0x00029230   0x00000014   Code   RO         2688    i.ble_conn_state_valid  ble_conn_state.o
    0x00029244   0x00029244   0x00000060   Code   RO         2403    i.ble_device_addr_encode  ble_advdata.o
    0x000292a4   0x000292a4   0x0000012c   Code   RO          624    i.ble_evt_handler   main.o
    0x000293d0   0x000293d0   0x000000fc   Code   RO         2599    i.ble_evt_handler   ble_conn_params.o
    0x000294cc   0x000294cc   0x00000104   Code   RO         2689    i.ble_evt_handler   ble_conn_state.o
    0x000295d0   0x000295d0   0x000000a4   Code   RO         1561    i.ble_nd_init       ndevice_ble.o
    0x00029674   0x00029674   0x0000004e   Code   RO         1562    i.ble_nus_data_send  ndevice_ble.o
    0x000296c2   0x000296c2   0x00000072   Code   RO         1563    i.ble_nus_on_ble_evt  ndevice_ble.o
    0x00029734   0x00029734   0x00000008   Code   RO         2858    i.ble_srv_is_notification_enabled  ble_srv_common.o
    0x0002973c   0x0002973c   0x00000010   Code   RO            6    i.cb_tick_handler   func.o
    0x0002974c   0x0002974c   0x0000001c   Code   RO         3508    i.channel_free      nrfx_gpiote.o
    0x00029768   0x00029768   0x00000054   Code   RO         3509    i.channel_port_alloc  nrfx_gpiote.o
    0x000297bc   0x000297bc   0x00000010   Code   RO         3510    i.channel_port_get  nrfx_gpiote.o
    0x000297cc   0x000297cc   0x00000190   Code   RO         2860    i.characteristic_add  ble_srv_common.o
    0x0002995c   0x0002995c   0x00000120   Code   RO            7    i.checkRemainConnect  func.o
    0x00029a7c   0x00029a7c   0x0000001c   Code   RO          903    i.clearEncBusy      process_data.o
    0x00029a98   0x00029a98   0x00000048   Code   RO          904    i.clear_receipt     process_data.o
    0x00029ae0   0x00029ae0   0x00000028   Code   RO         3230    i.clock_clk_started_notify  nrf_drv_clock.o
    0x00029b08   0x00029b08   0x0000001c   Code   RO         3231    i.clock_irq_handler  nrf_drv_clock.o
    0x00029b24   0x00029b24   0x0000003c   Code   RO           10    i.clrTagReceived    func.o
    0x00029b60   0x00029b60   0x00000010   Code   RO           12    i.clr_SysEvent      func.o
    0x00029b70   0x00029b70   0x000000ac   Code   RO         4104    i.compare_reg_update  app_timer.o
    0x00029c1c   0x00029c1c   0x0000003e   Code   RO         2690    i.conn_handle_list_get  ble_conn_state.o
    0x00029c5a   0x00029c5a   0x0000008c   Code   RO         2404    i.conn_int_encode   ble_advdata.o
    0x00029ce6   0x00029ce6   0x00000004   Code   RO          626    i.conn_params_error_handler  main.o
    0x00029cea   0x00029cea   0x00000002   PAD
    0x00029cec   0x00029cec   0x00000048   Code   RO         2600    i.conn_params_negotiation  ble_conn_params.o
    0x00029d34   0x00029d34   0x0000007c   Code   RO           13    i.ctrlLEDState      func.o
    0x00029db0   0x00029db0   0x0000001e   Code   RO         2973    i.data_length_update  nrf_ble_gatt.o
    0x00029dce   0x00029dce   0x00000002   Code   RO           14    i.dummy_handler     func.o
    0x00029dd0   0x00029dd0   0x00000024   Code   RO         1622    i.eep_read_array    ndevice_eeprom.o
    0x00029df4   0x00029df4   0x00000030   Code   RO         1625    i.eep_write_array   ndevice_eeprom.o
    0x00029e24   0x00029e24   0x00000014   Code   RO         1627    i.eep_write_status  ndevice_eeprom.o
    0x00029e38   0x00029e38   0x00000040   Code   RO         4105    i.elapsed_ticks_acquire  app_timer.o
    0x00029e78   0x00029e78   0x0000004c   Code   RO         4867    i.erase             nrf_fstorage_sd.o
    0x00029ec4   0x00029ec4   0x00000054   Code   RO         4868    i.event_send        nrf_fstorage_sd.o
    0x00029f18   0x00029f18   0x00000028   Code   RO         2513    i.flags_set         ble_advertising.o
    0x00029f40   0x00029f40   0x00000002   Code   RO           15    i.fstorage_handler  func.o
    0x00029f42   0x00029f42   0x00000012   Code   RO           16    i.func_enter_bootloader  func.o
    0x00029f54   0x00029f54   0x0000001c   Code   RO           17    i.func_over_time    func.o
    0x00029f70   0x00029f70   0x00000020   Code   RO          627    i.gatt_evt_handler  main.o
    0x00029f90   0x00029f90   0x00000030   Code   RO          628    i.gatt_init         main.o
    0x00029fc0   0x00029fc0   0x00000058   Code   RO          905    i.gen_qode_packet   process_data.o
    0x0002a018   0x0002a018   0x0000000c   Code   RO           18    i.getReceiptFSM     func.o
    0x0002a024   0x0002a024   0x0000000c   Code   RO           19    i.get_tickcount     func.o
    0x0002a030   0x0002a030   0x00000034   Code   RO           20    i.gpiote_init       func.o
    0x0002a064   0x0002a064   0x00000034   Code   RO         4869    i.init              nrf_fstorage_sd.o
    0x0002a098   0x0002a098   0x0000001c   Code   RO           21    i.init_fstorage     func.o
    0x0002a0b4   0x0002a0b4   0x00000368   Code   RO          906    i.init_parameter    process_data.o
    0x0002a41c   0x0002a41c   0x00000010   Code   RO         1328    i.init_play_sound   play_sound.o
    0x0002a42c   0x0002a42c   0x000000f8   Code   RO         1376    i.init_pos_parser   pos_parser.o
    0x0002a524   0x0002a524   0x0000005c   Code   RO          907    i.init_process      process_data.o
    0x0002a580   0x0002a580   0x00000070   Code   RO           22    i.init_stick_var    func.o
    0x0002a5f0   0x0002a5f0   0x00000028   Code   RO         2601    i.instance_get      ble_conn_params.o
    0x0002a618   0x0002a618   0x0000009c   Code   RO         5268    i.irq_handler       nrfx_pwm.o
    0x0002a6b4   0x0002a6b4   0x00000010   Code   RO         4870    i.is_busy           nrf_fstorage_sd.o
    0x0002a6c4   0x0002a6c4   0x00000014   Code   RO         1752    i.is_busy_nvmc      ndevice_nvmc.o
    0x0002a6d8   0x0002a6d8   0x00000044   Code   RO         2602    i.is_conn_params_ok  ble_conn_params.o
    0x0002a71c   0x0002a71c   0x00000018   Code   RO         2974    i.link_init         nrf_ble_gatt.o
    0x0002a734   0x0002a734   0x000000f8   Code   RO         4106    i.list_insertions_handler  app_timer.o
    0x0002a82c   0x0002a82c   0x000000b0   Code   RO          908    i.load_qr_code      process_data.o
    0x0002a8dc   0x0002a8dc   0x000002b8   Code   RO          629    i.main              main.o
    0x0002ab94   0x0002ab94   0x00000064   Code   RO         2405    i.manuf_specific_data_encode  ble_advdata.o
    0x0002abf8   0x0002abf8   0x000000a6   Code   RO         2406    i.name_encode       ble_advdata.o
    0x0002ac9e   0x0002ac9e   0x00000002   PAD
    0x0002aca0   0x0002aca0   0x00000034   Code   RO          630    i.nd_disconnect     main.o
    0x0002acd4   0x0002acd4   0x00000020   Code   RO           23    i.nd_erase_flash    func.o
    0x0002acf4   0x0002acf4   0x00000020   Code   RO           24    i.nd_erase_flash_opt  func.o
    0x0002ad14   0x0002ad14   0x000000a4   Code   RO         1679    i.nd_gpio_init      ndevice_gpio.o
    0x0002adb8   0x0002adb8   0x00000014   Code   RO         1753    i.nd_nvmc_cfg       ndevice_nvmc.o
    0x0002adcc   0x0002adcc   0x00000018   Code   RO         1755    i.nd_nvmc_read      ndevice_nvmc.o
    0x0002ade4   0x0002ade4   0x00000094   Code   RO         1978    i.nd_spi_init       ndevice_spi.o
    0x0002ae78   0x0002ae78   0x0000001c   Code   RO         1979    i.nd_spim_clear_events  ndevice_spi.o
    0x0002ae94   0x0002ae94   0x00000024   Code   RO           25    i.nd_write_flash    func.o
    0x0002aeb8   0x0002aeb8   0x000000c0   Code   RO          909    i.new_print_receipt  process_data.o
    0x0002af78   0x0002af78   0x00000010   Code   RO         4389    i.nrf_atfifo_clear  nrf_atfifo.o
    0x0002af88   0x0002af88   0x00000026   Code   RO         4391    i.nrf_atfifo_init   nrf_atfifo.o
    0x0002afae   0x0002afae   0x00000016   Code   RO         4392    i.nrf_atfifo_item_alloc  nrf_atfifo.o
    0x0002afc4   0x0002afc4   0x00000016   Code   RO         4393    i.nrf_atfifo_item_free  nrf_atfifo.o
    0x0002afda   0x0002afda   0x00000016   Code   RO         4394    i.nrf_atfifo_item_get  nrf_atfifo.o
    0x0002aff0   0x0002aff0   0x00000016   Code   RO         4395    i.nrf_atfifo_item_put  nrf_atfifo.o
    0x0002b006   0x0002b006   0x00000016   Code   RO         4460    i.nrf_atflags_clear  nrf_atflags.o
    0x0002b01c   0x0002b01c   0x00000016   Code   RO         4465    i.nrf_atflags_get   nrf_atflags.o
    0x0002b032   0x0002b032   0x00000014   Code   RO         4467    i.nrf_atflags_set   nrf_atflags.o
    0x0002b046   0x0002b046   0x00000006   Code   RO         4530    i.nrf_atomic_flag_set_fetch  nrf_atomic.o
    0x0002b04c   0x0002b04c   0x0000000c   Code   RO         4532    i.nrf_atomic_u32_and  nrf_atomic.o
    0x0002b058   0x0002b058   0x0000000a   Code   RO         4536    i.nrf_atomic_u32_fetch_or  nrf_atomic.o
    0x0002b062   0x0002b062   0x0000000c   Code   RO         4541    i.nrf_atomic_u32_or  nrf_atomic.o
    0x0002b06e   0x0002b06e   0x00000010   Code   RO         3511    i.nrf_bitmask_bit_is_set  nrfx_gpiote.o
    0x0002b07e   0x0002b07e   0x00000014   Code   RO         3512    i.nrf_bitmask_bit_set  nrfx_gpiote.o
    0x0002b092   0x0002b092   0x00000018   Code   RO         2976    i.nrf_ble_gatt_att_mtu_periph_set  nrf_ble_gatt.o
    0x0002b0aa   0x0002b0aa   0x0000002a   Code   RO         2980    i.nrf_ble_gatt_init  nrf_ble_gatt.o
    0x0002b0d4   0x0002b0d4   0x00000174   Code   RO         2981    i.nrf_ble_gatt_on_ble_evt  nrf_ble_gatt.o
    0x0002b248   0x0002b248   0x00000016   Code   RO         3063    i.nrf_ble_qwr_conn_handle_assign  nrf_ble_qwr.o
    0x0002b25e   0x0002b25e   0x00000024   Code   RO         3064    i.nrf_ble_qwr_init  nrf_ble_qwr.o
    0x0002b282   0x0002b282   0x000000b6   Code   RO         3065    i.nrf_ble_qwr_on_ble_evt  nrf_ble_qwr.o
    0x0002b338   0x0002b338   0x0000000e   Code   RO         3377    i.nrf_clock_event_check  nrfx_clock.o
    0x0002b346   0x0002b346   0x00000010   Code   RO         3378    i.nrf_clock_event_clear  nrfx_clock.o
    0x0002b356   0x0002b356   0x00000002   PAD
    0x0002b358   0x0002b358   0x0000001c   Code   RO           26    i.nrf_delay_ms      func.o
    0x0002b374   0x0002b374   0x00000016   Code   RO         1164    i.nrf_delay_ms      shoponair.o
    0x0002b38a   0x0002b38a   0x00000002   PAD
    0x0002b38c   0x0002b38c   0x0000001c   Code   RO         1242    i.nrf_delay_ms      auto_baudrate.o
    0x0002b3a8   0x0002b3a8   0x00000016   Code   RO         1980    i.nrf_delay_ms      ndevice_spi.o
    0x0002b3be   0x0002b3be   0x00000002   PAD
    0x0002b3c0   0x0002b3c0   0x00000038   Code   RO         3238    i.nrf_drv_clock_init  nrf_drv_clock.o
    0x0002b3f8   0x0002b3f8   0x00000030   Code   RO         3242    i.nrf_drv_clock_lfclk_release  nrf_drv_clock.o
    0x0002b428   0x0002b428   0x0000004e   Code   RO         4783    i.nrf_fstorage_erase  nrf_fstorage.o
    0x0002b476   0x0002b476   0x00000010   Code   RO         4784    i.nrf_fstorage_init  nrf_fstorage.o
    0x0002b486   0x0002b486   0x00000002   PAD
    0x0002b488   0x0002b488   0x00000018   Code   RO         4871    i.nrf_fstorage_sdh_req_handler  nrf_fstorage_sd.o
    0x0002b4a0   0x0002b4a0   0x00000020   Code   RO         4872    i.nrf_fstorage_sdh_state_handler  nrf_fstorage_sd.o
    0x0002b4c0   0x0002b4c0   0x000000a4   Code   RO         4873    i.nrf_fstorage_sys_evt_handler  nrf_fstorage_sd.o
    0x0002b564   0x0002b564   0x00000066   Code   RO         4790    i.nrf_fstorage_write  nrf_fstorage.o
    0x0002b5ca   0x0002b5ca   0x00000024   Code   RO         1680    i.nrf_gpio_cfg      ndevice_gpio.o
    0x0002b5ee   0x0002b5ee   0x00000024   Code   RO         2104    i.nrf_gpio_cfg      ndevice_uart.o
    0x0002b612   0x0002b612   0x00000024   Code   RO         3513    i.nrf_gpio_cfg      nrfx_gpiote.o
    0x0002b636   0x0002b636   0x00000012   Code   RO         1681    i.nrf_gpio_cfg_input  ndevice_gpio.o
    0x0002b648   0x0002b648   0x00000014   Code   RO         1682    i.nrf_gpio_cfg_output  ndevice_gpio.o
    0x0002b65c   0x0002b65c   0x00000022   Code   RO         3515    i.nrf_gpio_cfg_sense_set  nrfx_gpiote.o
    0x0002b67e   0x0002b67e   0x0000000e   Code   RO           27    i.nrf_gpio_pin_clear  func.o
    0x0002b68c   0x0002b68c   0x0000000e   Code   RO         1165    i.nrf_gpio_pin_clear  shoponair.o
    0x0002b69a   0x0002b69a   0x00000010   Code   RO         1243    i.nrf_gpio_pin_read  auto_baudrate.o
    0x0002b6aa   0x0002b6aa   0x0000000e   Code   RO           28    i.nrf_gpio_pin_set  func.o
    0x0002b6b8   0x0002b6b8   0x0000000e   Code   RO          910    i.nrf_gpio_pin_set  process_data.o
    0x0002b6c6   0x0002b6c6   0x0000000e   Code   RO         1166    i.nrf_gpio_pin_set  shoponair.o
    0x0002b6d4   0x0002b6d4   0x0000000e   Code   RO         1244    i.nrf_gpio_pin_set  auto_baudrate.o
    0x0002b6e2   0x0002b6e2   0x0000000e   Code   RO         1683    i.nrf_gpio_pin_set  ndevice_gpio.o
    0x0002b6f0   0x0002b6f0   0x0000000e   Code   RO         1981    i.nrf_gpio_pin_set  ndevice_spi.o
    0x0002b6fe   0x0002b6fe   0x0000001c   Code   RO           29    i.nrf_gpio_pin_toggle  func.o
    0x0002b71a   0x0002b71a   0x00000002   PAD
    0x0002b71c   0x0002b71c   0x00000024   Code   RO         3516    i.nrf_gpio_ports_read  nrfx_gpiote.o
    0x0002b740   0x0002b740   0x00000014   Code   RO         3517    i.nrf_gpiote_event_clear  nrfx_gpiote.o
    0x0002b754   0x0002b754   0x00000010   Code   RO         3518    i.nrf_gpiote_event_is_set  nrfx_gpiote.o
    0x0002b764   0x0002b764   0x0000000a   Code   RO         5269    i.nrf_pwm_event_check  nrfx_pwm.o
    0x0002b76e   0x0002b76e   0x0000000c   Code   RO         5270    i.nrf_pwm_event_clear  nrfx_pwm.o
    0x0002b77a   0x0002b77a   0x00000002   PAD
    0x0002b77c   0x0002b77c   0x00000028   Code   RO         5061    i.nrf_pwr_mgmt_init  nrf_pwr_mgmt.o
    0x0002b7a4   0x0002b7a4   0x00000004   Code   RO          631    i.nrf_qwr_error_handler  main.o
    0x0002b7a8   0x0002b7a8   0x00000014   Code   RO         5542    i.nrf_sdh_ble_app_ram_start_get  nrf_sdh_ble.o
    0x0002b7bc   0x0002b7bc   0x0000009e   Code   RO         5543    i.nrf_sdh_ble_default_cfg_set  nrf_sdh_ble.o
    0x0002b85a   0x0002b85a   0x00000002   PAD
    0x0002b85c   0x0002b85c   0x00000014   Code   RO         5544    i.nrf_sdh_ble_enable  nrf_sdh_ble.o
    0x0002b870   0x0002b870   0x00000060   Code   RO         5545    i.nrf_sdh_ble_evts_poll  nrf_sdh_ble.o
    0x0002b8d0   0x0002b8d0   0x00000054   Code   RO         5429    i.nrf_sdh_disable_request  nrf_sdh.o
    0x0002b924   0x0002b924   0x00000074   Code   RO         5430    i.nrf_sdh_enable_request  nrf_sdh.o
    0x0002b998   0x0002b998   0x00000024   Code   RO         5431    i.nrf_sdh_evts_poll  nrf_sdh.o
    0x0002b9bc   0x0002b9bc   0x0000000c   Code   RO         5432    i.nrf_sdh_is_enabled  nrf_sdh.o
    0x0002b9c8   0x0002b9c8   0x0000001c   Code   RO         5434    i.nrf_sdh_request_continue  nrf_sdh.o
    0x0002b9e4   0x0002b9e4   0x0000003c   Code   RO         5593    i.nrf_sdh_soc_evts_poll  nrf_sdh_soc.o
    0x0002ba20   0x0002ba20   0x0000000a   Code   RO         5196    i.nrf_section_iter_init  nrf_section_iter.o
    0x0002ba2a   0x0002ba2a   0x00000024   Code   RO         5197    i.nrf_section_iter_item_set  nrf_section_iter.o
    0x0002ba4e   0x0002ba4e   0x00000020   Code   RO         5198    i.nrf_section_iter_next  nrf_section_iter.o
    0x0002ba6e   0x0002ba6e   0x00000002   PAD
    0x0002ba70   0x0002ba70   0x0000002c   Code   RO         3383    i.nrfx_clock_enable  nrfx_clock.o
    0x0002ba9c   0x0002ba9c   0x00000020   Code   RO         3386    i.nrfx_clock_init   nrfx_clock.o
    0x0002babc   0x0002babc   0x0000001c   Code   RO         3389    i.nrfx_clock_lfclk_stop  nrfx_clock.o
    0x0002bad8   0x0002bad8   0x00000010   Code   RO         1167    i.nrfx_coredep_delay_us  shoponair.o
    0x0002bae8   0x0002bae8   0x00000010   Code   RO         1982    i.nrfx_coredep_delay_us  ndevice_spi.o
    0x0002baf8   0x0002baf8   0x00000010   Code   RO         4107    i.nrfx_coredep_delay_us  app_timer.o
    0x0002bb08   0x0002bb08   0x000000a4   Code   RO         3523    i.nrfx_gpiote_in_event_enable  nrfx_gpiote.o
    0x0002bbac   0x0002bbac   0x000000d0   Code   RO         3524    i.nrfx_gpiote_in_init  nrfx_gpiote.o
    0x0002bc7c   0x0002bc7c   0x0000006c   Code   RO         3527    i.nrfx_gpiote_init  nrfx_gpiote.o
    0x0002bce8   0x0002bce8   0x00000014   Code   RO         3528    i.nrfx_gpiote_is_init  nrfx_gpiote.o
    0x0002bcfc   0x0002bcfc   0x00000044   Code   RO         3767    i.nrfx_wdt_channel_alloc  nrfx_wdt.o
    0x0002bd40   0x0002bd40   0x0000001c   Code   RO         3769    i.nrfx_wdt_enable   nrfx_wdt.o
    0x0002bd5c   0x0002bd5c   0x00000050   Code   RO         3771    i.nrfx_wdt_init     nrfx_wdt.o
    0x0002bdac   0x0002bdac   0x0000001c   Code   RO          632    i.nus_data_handler  main.o
    0x0002bdc8   0x0002bdc8   0x00000014   Code   RO          633    i.on_adv_evt        main.o
    0x0002bddc   0x0002bddc   0x00000028   Code   RO          634    i.on_conn_params_evt  main.o
    0x0002be04   0x0002be04   0x0000006a   Code   RO         1564    i.on_connect        ndevice_ble.o
    0x0002be6e   0x0002be6e   0x00000002   PAD
    0x0002be70   0x0002be70   0x0000009c   Code   RO         1565    i.on_write          ndevice_ble.o
    0x0002bf0c   0x0002bf0c   0x0000042c   Code   RO          911    i.parser_data       process_data.o
    0x0002c338   0x0002c338   0x00000012   Code   RO         2514    i.phy_is_valid      ble_advertising.o
    0x0002c34a   0x0002c34a   0x00000002   PAD
    0x0002c34c   0x0002c34c   0x00000018   Code   RO         3544    i.pin_in_use_by_port  nrfx_gpiote.o
    0x0002c364   0x0002c364   0x00000018   Code   RO         3545    i.pin_in_use_by_te  nrfx_gpiote.o
    0x0002c37c   0x0002c37c   0x00000058   Code   RO         1329    i.play_sound        play_sound.o
    0x0002c3d4   0x0002c3d4   0x00000028   Code   RO           30    i.play_sound_mode   func.o
    0x0002c3fc   0x0002c3fc   0x00000020   Code   RO         1330    i.play_sound_push   play_sound.o
    0x0002c41c   0x0002c41c   0x000002c8   Code   RO         1331    i.play_sound_set_total_value  play_sound.o
    0x0002c6e4   0x0002c6e4   0x00000298   Code   RO          912    i.pos_cnt_uart_parser  process_data.o
    0x0002c97c   0x0002c97c   0x0000000c   Code   RO         1377    i.pos_data_is_card  pos_parser.o
    0x0002c988   0x0002c988   0x00000034   Code   RO         1378    i.pos_parser_approval_number  pos_parser.o
    0x0002c9bc   0x0002c9bc   0x00000008   Code   RO         1379    i.pos_parser_get_CPK  pos_parser.o
    0x0002c9c4   0x0002c9c4   0x00000008   Code   RO         1380    i.pos_parser_get_TPK  pos_parser.o
    0x0002c9cc   0x0002c9cc   0x0000000c   Code   RO         1381    i.pos_parser_get_keyword_info  pos_parser.o
    0x0002c9d8   0x0002c9d8   0x0000000c   Code   RO         1382    i.pos_parser_get_payment  pos_parser.o
    0x0002c9e4   0x0002c9e4   0x00000090   Code   RO         1383    i.pos_parser_init_cpk  pos_parser.o
    0x0002ca74   0x0002ca74   0x00000014   Code   RO         1384    i.pos_parser_init_tpk  pos_parser.o
    0x0002ca88   0x0002ca88   0x000000e4   Code   RO         1385    i.pos_parser_load_cpk_tpk  pos_parser.o
    0x0002cb6c   0x0002cb6c   0x000000b0   Code   RO         1386    i.pos_parser_payment  pos_parser.o
    0x0002cc1c   0x0002cc1c   0x00000078   Code   RO         1387    i.pos_parser_push   pos_parser.o
    0x0002cc94   0x0002cc94   0x0000002c   Code   RO         1388    i.pos_parser_reset  pos_parser.o
    0x0002ccc0   0x0002ccc0   0x00000168   Code   RO         1389    i.pos_parser_set_CPK  pos_parser.o
    0x0002ce28   0x0002ce28   0x00000078   Code   RO         1390    i.pos_parser_set_TPK  pos_parser.o
    0x0002cea0   0x0002cea0   0x0000000c   Code   RO         1391    i.pos_parser_set_sysinfo  pos_parser.o
    0x0002ceac   0x0002ceac   0x00000074   Code   RO         1392    i.pos_parser_strstr  pos_parser.o
    0x0002cf20   0x0002cf20   0x000000c4   Code   RO         1393    i.pos_parser_total_pay  pos_parser.o
    0x0002cfe4   0x0002cfe4   0x000000c0   Code   RO          913    i.print_compiled_date  process_data.o
    0x0002d0a4   0x0002d0a4   0x00000018   Code   RO          914    i.print_left_align  process_data.o
    0x0002d0bc   0x0002d0bc   0x00000200   Code   RO          916    i.print_system_prameter  process_data.o
    0x0002d2bc   0x0002d2bc   0x0000000c   Code   RO          917    i.process_is_there_packet  process_data.o
    0x0002d2c8   0x0002d2c8   0x0000001e   Code   RO          918    i.process_over_time  process_data.o
    0x0002d2e6   0x0002d2e6   0x00000002   PAD
    0x0002d2e8   0x0002d2e8   0x00000028   Code   RO          919    i.process_wait_complete_packet  process_data.o
    0x0002d310   0x0002d310   0x00000002   Code   RO          920    i.qr_read_handler   process_data.o
    0x0002d312   0x0002d312   0x00000002   Code   RO         1245    i.qr_read_handler   auto_baudrate.o
    0x0002d314   0x0002d314   0x00000014   Code   RO         4874    i.queue_free        nrf_fstorage_sd.o
    0x0002d328   0x0002d328   0x000000a4   Code   RO         4875    i.queue_process     nrf_fstorage_sd.o
    0x0002d3cc   0x0002d3cc   0x00000024   Code   RO         4876    i.queue_start       nrf_fstorage_sd.o
    0x0002d3f0   0x0002d3f0   0x0000000e   Code   RO         4877    i.read              nrf_fstorage_sd.o
    0x0002d3fe   0x0002d3fe   0x00000002   PAD
    0x0002d400   0x0002d400   0x00000058   Code   RO           31    i.receiptFSM        func.o
    0x0002d458   0x0002d458   0x00000002   Code   RO          921    i.receipt_handler   process_data.o
    0x0002d45a   0x0002d45a   0x00000002   PAD
    0x0002d45c   0x0002d45c   0x00000014   Code   RO           32    i.resetOPTWriteTimer  func.o
    0x0002d470   0x0002d470   0x00000018   Code   RO           34    i.resetRemainConnect  func.o
    0x0002d488   0x0002d488   0x00000004   Code   RO         4878    i.rmap              nrf_fstorage_sd.o
    0x0002d48c   0x0002d48c   0x0000003c   Code   RO         4108    i.rtc1_stop         app_timer.o
    0x0002d4c8   0x0002d4c8   0x00000050   Code   RO         3245    i.sd_state_evt_handler  nrf_drv_clock.o
    0x0002d518   0x0002d518   0x00000030   Code   RO         5437    i.sdh_request_observer_notify  nrf_sdh.o
    0x0002d548   0x0002d548   0x00000028   Code   RO         5438    i.sdh_state_observer_notify  nrf_sdh.o
    0x0002d570   0x0002d570   0x0000005c   Code   RO          922    i.sendCAT2Succeed   process_data.o
    0x0002d5cc   0x0002d5cc   0x0000001c   Code   RO          923    i.send_DIS          process_data.o
    0x0002d5e8   0x0002d5e8   0x0000001c   Code   RO          924    i.send_FUM          process_data.o
    0x0002d604   0x0002d604   0x0000001c   Code   RO          925    i.send_PRF          process_data.o
    0x0002d620   0x0002d620   0x0000001c   Code   RO          926    i.send_PRS          process_data.o
    0x0002d63c   0x0002d63c   0x00000020   Code   RO          927    i.send_endQR        process_data.o
    0x0002d65c   0x0002d65c   0x00000010   Code   RO         2603    i.send_error_evt    ble_conn_params.o
    0x0002d66c   0x0002d66c   0x000000b4   Code   RO          928    i.send_modeSum      process_data.o
    0x0002d720   0x0002d720   0x000001a4   Code   RO          929    i.send_queuedQRData  process_data.o
    0x0002d8c4   0x0002d8c4   0x00000154   Code   RO          930    i.send_receiptData  process_data.o
    0x0002da18   0x0002da18   0x00000044   Code   RO          931    i.send_responseToBLE  process_data.o
    0x0002da5c   0x0002da5c   0x00000024   Code   RO          932    i.send_responseToBLEinEvent  process_data.o
    0x0002da80   0x0002da80   0x00000082   Code   RO         2407    i.service_data_encode  ble_advdata.o
    0x0002db02   0x0002db02   0x00000002   PAD
    0x0002db04   0x0002db04   0x00000020   Code   RO          933    i.setBase64Buffer   process_data.o
    0x0002db24   0x0002db24   0x0000006c   Code   RO           35    i.setCAT2Data       func.o
    0x0002db90   0x0002db90   0x00000038   Code   RO           37    i.setQRData         func.o
    0x0002dbc8   0x0002dbc8   0x0000003c   Code   RO           38    i.setReverseData    func.o
    0x0002dc04   0x0002dc04   0x00000014   Code   RO           39    i.setSoundTotal     func.o
    0x0002dc18   0x0002dc18   0x00000030   Code   RO           40    i.setTimeoutStart   func.o
    0x0002dc48   0x0002dc48   0x00000028   Code   RO           41    i.setVolume         func.o
    0x0002dc70   0x0002dc70   0x00000010   Code   RO           42    i.set_SysEvent      func.o
    0x0002dc80   0x0002dc80   0x0000000c   Code   RO           43    i.set_advertising_active  func.o
    0x0002dc8c   0x0002dc8c   0x0000000c   Code   RO          934    i.set_nus_ptr       process_data.o
    0x0002dc98   0x0002dc98   0x0000003c   Code   RO           44    i.set_print_baud_rate  func.o
    0x0002dcd4   0x0002dcd4   0x0000003c   Code   RO           45    i.set_print_mode    func.o
    0x0002dd10   0x0002dd10   0x00000030   Code   RO         2862    i.set_security_req  ble_srv_common.o
    0x0002dd40   0x0002dd40   0x00000038   Code   RO           46    i.sf_gpiote_handler  func.o
    0x0002dd78   0x0002dd78   0x00000018   Code   RO         3246    i.soc_evt_handler   nrf_drv_clock.o
    0x0002dd90   0x0002dd90   0x00000040   Code   RO         5439    i.softdevice_evt_irq_disable  nrf_sdh.o
    0x0002ddd0   0x0002ddd0   0x00000060   Code   RO         5440    i.softdevices_evt_irq_enable  nrf_sdh.o
    0x0002de30   0x0002de30   0x00000058   Code   RO         1983    i.spim_repeateddata  ndevice_spi.o
    0x0002de88   0x0002de88   0x00000048   Code   RO         1984    i.spim_senddata     ndevice_spi.o
    0x0002ded0   0x0002ded0   0x000008bc   Code   RO           48    i.stick_fsm         func.o
    0x0002e78c   0x0002e78c   0x00000004   Code   RO          636    i.timer_handler     main.o
    0x0002e790   0x0002e790   0x00000070   Code   RO         4109    i.timer_list_handler  app_timer.o
    0x0002e800   0x0002e800   0x0000003c   Code   RO         4110    i.timer_list_insert  app_timer.o
    0x0002e83c   0x0002e83c   0x00000060   Code   RO         4111    i.timer_list_remove  app_timer.o
    0x0002e89c   0x0002e89c   0x00000044   Code   RO         4112    i.timer_stop_op_schedule  app_timer.o
    0x0002e8e0   0x0002e8e0   0x00000078   Code   RO         4113    i.timer_timeouts_check  app_timer.o
    0x0002e958   0x0002e958   0x0000006c   Code   RO           50    i.twisRX            func.o
    0x0002e9c4   0x0002e9c4   0x00000030   Code   RO         2107    i.uart_get_RXD      ndevice_uart.o
    0x0002e9f4   0x0002e9f4   0x00000080   Code   RO         2108    i.uart_init         ndevice_uart.o
    0x0002ea74   0x0002ea74   0x00000024   Code   RO         2109    i.uart_put          ndevice_uart.o
    0x0002ea98   0x0002ea98   0x00000018   Code   RO         2110    i.uart_putstring    ndevice_uart.o
    0x0002eab0   0x0002eab0   0x00000054   Code   RO         2111    i.uart_setBaudrate  ndevice_uart.o
    0x0002eb04   0x0002eb04   0x0000000a   Code   RO         2408    i.uint16_encode     ble_advdata.o
    0x0002eb0e   0x0002eb0e   0x00000002   PAD
    0x0002eb10   0x0002eb10   0x00000020   Code   RO         4879    i.uninit            nrf_fstorage_sd.o
    0x0002eb30   0x0002eb30   0x0000006c   Code   RO         2604    i.update_timeout_handler  ble_conn_params.o
    0x0002eb9c   0x0002eb9c   0x00000018   Code   RO         2515    i.use_whitelist     ble_advertising.o
    0x0002ebb4   0x0002ebb4   0x00000024   Code   RO         3066    i.user_mem_reply    nrf_ble_qwr.o
    0x0002ebd8   0x0002ebd8   0x00000030   Code   RO         4114    i.user_op_alloc     app_timer.o
    0x0002ec08   0x0002ec08   0x00000030   Code   RO         2409    i.uuid_list_encode  ble_advdata.o
    0x0002ec38   0x0002ec38   0x000000a0   Code   RO         2410    i.uuid_list_sized_encode  ble_advdata.o
    0x0002ecd8   0x0002ecd8   0x00000002   Code   RO          638    i.wdt_event_handler  main.o
    0x0002ecda   0x0002ecda   0x00000004   Code   RO         4880    i.wmap              nrf_fstorage_sd.o
    0x0002ecde   0x0002ecde   0x00000002   PAD
    0x0002ece0   0x0002ece0   0x00000050   Code   RO         4881    i.write             nrf_fstorage_sd.o
    0x0002ed30   0x0002ed30   0x0000011c   Code   RO           53    i.writeReverseToSRAM  func.o
    0x0002ee4c   0x0002ee4c   0x00000004   PAD
    0x0002ee50   0x0002ee50   0x00000016   Data   RO           55    .constdata          func.o
    0x0002ee66   0x0002ee66   0x00000002   PAD
    0x0002ee68   0x0002ee68   0x0000001c   Data   RO          642    .constdata          main.o
    0x0002ee84   0x0002ee84   0x00000036   Data   RO          936    .constdata          process_data.o
    0x0002eeba   0x0002eeba   0x00000006   PAD
    0x0002eec0   0x0002eec0   0x00000006   Data   RO         1170    .constdata          shoponair.o
    0x0002eec6   0x0002eec6   0x0000000a   PAD
    0x0002eed0   0x0002eed0   0x00000006   Data   RO         1247    .constdata          auto_baudrate.o
    0x0002eed6   0x0002eed6   0x00000009   Data   RO         1395    .constdata          pos_parser.o
    0x0002eedf   0x0002eedf   0x00000005   Data   RO         1396    .constdata          pos_parser.o
    0x0002eee4   0x0002eee4   0x00000009   Data   RO         1397    .constdata          pos_parser.o
    0x0002eeed   0x0002eeed   0x00000024   Data   RO         1398    .constdata          pos_parser.o
    0x0002ef11   0x0002ef11   0x00000003   PAD
    0x0002ef14   0x0002ef14   0x00000020   Data   RO         1566    .constdata          ndevice_ble.o
    0x0002ef34   0x0002ef34   0x0000000c   PAD
    0x0002ef40   0x0002ef40   0x00000006   Data   RO         1985    .constdata          ndevice_spi.o
    0x0002ef46   0x0002ef46   0x000000c0   Data   RO         2196    .constdata          ndevice_util.o
    0x0002f006   0x0002f006   0x00000002   PAD
    0x0002f008   0x0002f008   0x00000016   Data   RO         2982    .constdata          nrf_ble_gatt.o
    0x0002f01e   0x0002f01e   0x00000002   PAD
    0x0002f020   0x0002f020   0x00000004   Data   RO         3547    .constdata          nrfx_gpiote.o
    0x0002f024   0x0002f024   0x0000000c   PAD
    0x0002f030   0x0002f030   0x00000006   Data   RO         4116    .constdata          app_timer.o
    0x0002f036   0x0002f036   0x00000002   PAD
    0x0002f038   0x0002f038   0x00000010   Data   RO         4884    .constdata          nrf_fstorage_sd.o
    0x0002f048   0x0002f048   0x00000020   Data   RO         4885    .constdata          nrf_fstorage_sd.o
    0x0002f068   0x0002f068   0x00000018   Data   RO         5066    .constdata          nrf_pwr_mgmt.o
    0x0002f080   0x0002f080   0x0000000c   Data   RO         5067    .constdata          nrf_pwr_mgmt.o
    0x0002f08c   0x0002f08c   0x00000010   Data   RO         5441    .constdata          nrf_sdh.o
    0x0002f09c   0x0002f09c   0x00000028   Data   RO         5442    .constdata          nrf_sdh.o
    0x0002f0c4   0x0002f0c4   0x00000010   Data   RO         5443    .constdata          nrf_sdh.o
    0x0002f0d4   0x0002f0d4   0x00000010   Data   RO         5444    .constdata          nrf_sdh.o
    0x0002f0e4   0x0002f0e4   0x00000020   Data   RO         5546    .constdata          nrf_sdh_ble.o
    0x0002f104   0x0002f104   0x00000010   Data   RO         5547    .constdata          nrf_sdh_ble.o
    0x0002f114   0x0002f114   0x00000010   Data   RO         5594    .constdata          nrf_sdh_soc.o
    0x0002f124   0x0002f124   0x0000000c   Data   RO         5595    .constdata          nrf_sdh_soc.o
    0x0002f130   0x0002f130   0x00000010   Data   RO         5846    .constdata          segger_rtt_printf.o
    0x0002f140   0x0002f140   0x00000081   Data   RO         6219    .constdata          mc_w.l(ctype_o.o)
    0x0002f1c1   0x0002f1c1   0x00000003   PAD
    0x0002f1c4   0x0002f1c4   0x00000004   Data   RO         6220    .constdata          mc_w.l(ctype_o.o)
    0x0002f1c8   0x0002f1c8   0x000000c9   Data   RO         1399    .conststring        pos_parser.o
    0x0002f291   0x0002f291   0x00000003   PAD
    0x0002f294   0x0002f294   0x00000020   Data   RO         6252    Region$$Table       anon$$obj.o
    0x0002f2b4   0x0002f2b4   0x00000008   Data   RO         2694    sdh_ble_observers0  ble_conn_state.o
    0x0002f2bc   0x0002f2bc   0x00000010   Data   RO          646    sdh_ble_observers1  main.o
    0x0002f2cc   0x0002f2cc   0x00000008   Data   RO         2607    sdh_ble_observers1  ble_conn_params.o
    0x0002f2d4   0x0002f2d4   0x00000010   Data   RO          647    sdh_ble_observers2  main.o
    0x0002f2e4   0x0002f2e4   0x00000008   Data   RO          648    sdh_ble_observers3  main.o
    0x0002f2ec   0x0002f2ec   0x00000008   Data   RO         4887    sdh_req_observers0  nrf_fstorage_sd.o
    0x0002f2f4   0x0002f2f4   0x00000008   Data   RO         3252    sdh_soc_observers0  nrf_drv_clock.o
    0x0002f2fc   0x0002f2fc   0x00000008   Data   RO         4888    sdh_soc_observers0  nrf_fstorage_sd.o
    0x0002f304   0x0002f304   0x00000008   Data   RO          649    sdh_soc_observers1  main.o
    0x0002f30c   0x0002f30c   0x00000008   Data   RO         5549    sdh_stack_observers0  nrf_sdh_ble.o
    0x0002f314   0x0002f314   0x00000008   Data   RO         5596    sdh_stack_observers0  nrf_sdh_soc.o
    0x0002f31c   0x0002f31c   0x00000008   Data   RO         3253    sdh_state_observers0  nrf_drv_clock.o
    0x0002f324   0x0002f324   0x00000008   Data   RO         4889    sdh_state_observers0  nrf_fstorage_sd.o


    Execution Region RW_IRAM1 (Exec base: 0x20002aa8, Load base: 0x0002f32c, Size: 0x00003f90, Max: 0x0000d557, ABSOLUTE, COMPRESSED[0x000000b4])

    Exec Addr    Load Addr    Size         Type   Attr      Idx    E Section Name        Object

    0x20002aa8   COMPRESSED   0x00000020   Data   RW           56    .data               func.o
    0x20002ac8   COMPRESSED   0x00000008   Data   RW          643    .data               main.o
    0x20002ad0   COMPRESSED   0x0000003c   Data   RW          644    .data               main.o
    0x20002b0c   COMPRESSED   0x00000004   Data   RW          645    .data               main.o
    0x20002b10   COMPRESSED   0x0000001c   Data   RW          937    .data               process_data.o
    0x20002b2c   COMPRESSED   0x00000001   Data   RW         1248    .data               auto_baudrate.o
    0x20002b2d   COMPRESSED   0x00000003   Data   RW         1333    .data               play_sound.o
    0x20002b30   COMPRESSED   0x00000070   Data   RW         1400    .data               pos_parser.o
    0x20002ba0   COMPRESSED   0x00000004   Data   RW         1522    .data               system_nrf52.o
    0x20002ba4   COMPRESSED   0x00000001   Data   RW         1567    .data               ndevice_ble.o
    0x20002ba5   COMPRESSED   0x00000003   PAD
    0x20002ba8   COMPRESSED   0x00000018   Data   RW         1908    .data               ndevice_sadc.o
    0x20002bc0   COMPRESSED   0x00000018   Data   RW         1986    .data               ndevice_spi.o
    0x20002bd8   COMPRESSED   0x00000014   Data   RW         2113    .data               ndevice_uart.o
    0x20002bec   COMPRESSED   0x00000008   Data   RW         2606    .data               ble_conn_params.o
    0x20002bf4   COMPRESSED   0x00000008   Data   RW         3393    .data               nrfx_clock.o
    0x20002bfc   COMPRESSED   0x00000008   Data   RW         3774    .data               nrfx_wdt.o
    0x20002c04   COMPRESSED   0x00000014   Data   RW         4117    .data               app_timer.o
    0x20002c18   COMPRESSED   0x00000008   Data   RW         4886    .data               nrf_fstorage_sd.o
    0x20002c20   COMPRESSED   0x00000008   Data   RW         5068    .data               nrf_pwr_mgmt.o
    0x20002c28   COMPRESSED   0x00000003   Data   RW         5445    .data               nrf_sdh.o
    0x20002c2b   COMPRESSED   0x00000001   Data   RW         5548    .data               nrf_sdh_ble.o
    0x20002c2c   COMPRESSED   0x00000004   Data   RW         5904    .data               mc_w.l(strtok.o)
    0x20002c30   COMPRESSED   0x00000004   Data   RW         6195    .data               mc_w.l(errno.o)
    0x20002c34   COMPRESSED   0x00000014   Data   RW           57    fs_data             func.o
    0x20002c48        -       0x00000c4e   Zero   RW           54    .bss                func.o
    0x20003896   COMPRESSED   0x00000002   PAD
    0x20003898        -       0x00000020   Zero   RW          639    .bss                main.o
    0x200038b8        -       0x00000278   Zero   RW          640    .bss                main.o
    0x20003b30        -       0x000002c8   Zero   RW          935    .bss                process_data.o
    0x20003df8        -       0x00000010   Zero   RW         1332    .bss                play_sound.o
    0x20003e08        -       0x0000017c   Zero   RW         1394    .bss                pos_parser.o
    0x20003f84        -       0x0000020a   Zero   RW         1628    .bss                ndevice_eeprom.o
    0x2000418e        -       0x000000c8   Zero   RW         2112    .bss                ndevice_uart.o
    0x20004256   COMPRESSED   0x00000002   PAD
    0x20004258        -       0x00000050   Zero   RW         2605    .bss                ble_conn_params.o
    0x200042a8        -       0x00000078   Zero   RW         2693    .bss                ble_conn_state.o
    0x20004320        -       0x00000014   Zero   RW         3247    .bss                nrf_drv_clock.o
    0x20004334        -       0x0000005c   Zero   RW         3546    .bss                nrfx_gpiote.o
    0x20004390        -       0x0000010c   Zero   RW         4115    .bss                app_timer.o
    0x2000449c        -       0x0000000c   Zero   RW         4262    .bss                app_util_platform.o
    0x200044a8        -       0x00000010   Zero   RW         4882    .bss                nrf_fstorage_sd.o
    0x200044b8        -       0x000000a0   Zero   RW         4883    .bss                nrf_fstorage_sd.o
    0x20004558        -       0x0000000c   Zero   RW         5065    .bss                nrf_pwr_mgmt.o
    0x20004564        -       0x00000018   Zero   RW         5279    .bss                nrfx_pwm.o
    0x2000457c        -       0x000004b8   Zero   RW         5675    .bss                segger_rtt.o
    0x20004a34   COMPRESSED   0x00000004   PAD
    0x20004a38        -       0x00002000   Zero   RW         1510    STACK               arm_startup_nrf52.o


==============================================================================

Image component sizes


      Code (inc. data)   RO Data    RW Data    ZI Data      Debug   Object Name

        22          0          0          0          0       2405   app_error.o
      1490        114          6         20        268      47779   app_timer.o
       120         14          0          0         12       9506   app_util_platform.o
        36          8        512          0       8192        924   arm_startup_nrf52.o
      1648        504          6          1          0      12641   auto_baudrate.o
      1344          0          0          0          0      53144   ble_advdata.o
      1040          6          0          0          0      10020   ble_advertising.o
       684         42          8          8         80       9159   ble_conn_params.o
       360         10          8          0        120       6755   ble_conn_state.o
        72          0          0          0          0       1592   ble_link_ctx_manager.o
       456          6          0          0          0      40401   ble_srv_common.o
      4290        962         22         52       3150     213604   func.o
      1502        234         76         72        664      44182   main.o
       618         12         32          1          0       6648   ndevice_ble.o
       104         14          0          0        522       2862   ndevice_eeprom.o
       252          0          0          0          0       6919   ndevice_gpio.o
        64         14          0          0          0       2564   ndevice_nvmc.o
        84         14          0         24          0      28974   ndevice_sadc.o
       448         38          6         24          0      41352   ndevice_spi.o
        24          6          0          0          0      27283   ndevice_timer.o
       408         82          0         20        200       9468   ndevice_uart.o
       552         10        192          0          0       3476   ndevice_util.o
       342          0          0          0          0       8470   nrf_atfifo.o
        64          0          0          0          0       2868   nrf_atflags.o
       266          0          0          0          0       4908   nrf_atomic.o
       492          6         22          0          0      35340   nrf_ble_gatt.o
       276          0          0          0          0       4557   nrf_ble_qwr.o
       276         32         16          0         20      37522   nrf_drv_clock.o
         0          0          0          0          0        564   nrf_fprintf.o
       232          0          0          0          0       5493   nrf_fstorage.o
       802         82         72          8        176      15951   nrf_fstorage_sd.o
        40         12         36          8         12       5711   nrf_pwr_mgmt.o
       564         60         88          3          0      40036   nrf_sdh.o
       294         20         56          1          0       5559   nrf_sdh_ble.o
        60          4         36          0          0       2388   nrf_sdh_soc.o
        78          0          0          0          0       2696   nrf_section_iter.o
       222         30          0          8          0      15317   nrfx_clock.o
      1254         88          4          0         92      28189   nrfx_gpiote.o
       226         24          0          0         24      11178   nrfx_pwm.o
       212         42          0          8          0       7136   nrfx_wdt.o
       848         34          0          3         16       8462   play_sound.o
      1888        346        260        112        380      16428   pos_parser.o
      5404       1220         54         28        712      65658   process_data.o
       430         40          0          0       1208       9286   segger_rtt.o
       866          4         16          0          0       6241   segger_rtt_printf.o
      2254         14          6          0          0      10753   shoponair.o
       784         70          0          4          0      29658   system_nrf52.o

    ----------------------------------------------------------------------
     33844       4222       1620        408      15856     962027   Object Totals
         0          0         32          0          0          0   (incl. Generated)
        52          4         54          3          8          0   (incl. Padding)

    ----------------------------------------------------------------------

      Code (inc. data)   RO Data    RW Data    ZI Data      Debug   Library Member Name

        86          0          0          0          0          0   __dczerorl2.o
        28          0          0          0          0         68   _chval.o
       158          0          0          0          0         92   _strtoul.o
        26          0          0          0          0         80   atoi.o
         8          4        133          0          0         68   ctype_o.o
         0          0          0          0          0          0   entry.o
         0          0          0          0          0          0   entry10a.o
         0          0          0          0          0          0   entry11a.o
         8          4          0          0          0          0   entry2.o
         4          0          0          0          0          0   entry5.o
         0          0          0          0          0          0   entry7b.o
         0          0          0          0          0          0   entry8b.o
         8          4          0          0          0          0   entry9a.o
         8          4          0          4          0         68   errno.o
        30          0          0          0          0          0   handlers.o
        36          8          0          0          0         68   init.o
        30          0          0          0          0         68   llshl.o
        32          0          0          0          0         68   llushr.o
        36          0          0          0          0         68   memcpya.o
        36          0          0          0          0        108   memseta.o
      1172         50          0          0          0        420   printf8.o
        28          0          0          0          0         76   strcmp.o
        18          0          0          0          0         68   strcpy.o
        14          0          0          0          0         68   strlen.o
        30          0          0          0          0         80   strncmp.o
        68          6          0          4          0         80   strtok.o
       112          0          0          0          0         88   strtol.o
        98          0          0          0          0         92   uldiv.o

    ----------------------------------------------------------------------
      2076         80        136          8          0       1728   Library Totals
         2          0          3          0          0          0   (incl. Padding)

    ----------------------------------------------------------------------

      Code (inc. data)   RO Data    RW Data    ZI Data      Debug   Library Name

      2074         80        133          8          0       1728   mc_w.l

    ----------------------------------------------------------------------
      2076         80        136          8          0       1728   Library Totals

    ----------------------------------------------------------------------

==============================================================================


      Code (inc. data)   RO Data    RW Data    ZI Data      Debug   

     35920       4302       1756        416      15856     930455   Grand Totals
     35920       4302       1756        180      15856     930455   ELF Image Totals (compressed)
     35920       4302       1756        180          0          0   ROM Totals

==============================================================================

    Total RO  Size (Code + RO Data)                37676 (  36.79kB)
    Total RW  Size (RW Data + ZI Data)             16272 (  15.89kB)
    Total ROM Size (Code + RO Data + RW Data)      37856 (  36.97kB)

==============================================================================

