Component: ARM Compiler 5.06 update 6 (build 750) Tool: armlink [4d35ed]

==============================================================================

Section Cross References

    func.o(i.Certified_error_call) refers to play_sound.o(i.play_sound_push) for play_sound_push
    func.o(i.Certified_error_call) refers to printf8.o(i.__0sprintf$8) for __2sprintf
    func.o(i.Certified_error_call) refers to ndevice_uart.o(i.uart_putstring) for uart_putstring
    func.o(i.Certified_error_call) refers to main.o(.data) for macaddr
    func.o(i.HC595write) refers to func.o(i.nrf_gpio_pin_clear) for nrf_gpio_pin_clear
    func.o(i.HC595write) refers to func.o(i.nrf_gpio_pin_set) for nrf_gpio_pin_set
    func.o(i.cb_tick_handler) refers to func.o(.data) for .data
    func.o(i.checkRemainConnect) refers to func.o(i.func_over_time) for func_over_time
    func.o(i.checkRemainConnect) refers to segger_rtt_printf.o(i.SEGGER_RTT_printf) for SEGGER_RTT_printf
    func.o(i.checkRemainConnect) refers to main.o(i.nd_disconnect) for nd_disconnect
    func.o(i.checkRemainConnect) refers to func.o(i.clr_SysEvent) for clr_SysEvent
    func.o(i.checkRemainConnect) refers to play_sound.o(i.play_sound_push) for play_sound_push
    func.o(i.checkRemainConnect) refers to func.o(.bss) for .bss
    func.o(i.checkRemainConnect) refers to func.o(.data) for .data
    func.o(i.clear_advertising_active) refers to func.o(.data) for .data
    func.o(i.clear_print_tick) refers to func.o(.bss) for .bss
    func.o(i.clrTagReceived) refers to segger_rtt_printf.o(i.SEGGER_RTT_printf) for SEGGER_RTT_printf
    func.o(i.clrTagReceived) refers to func.o(.bss) for .bss
    func.o(i.clrTagReceived) refers to func.o(.data) for .data
    func.o(i.clrTimeout) refers to func.o(i.clr_SysEvent) for clr_SysEvent
    func.o(i.clr_SysEvent) refers to func.o(.data) for .data
    func.o(i.ctrlLEDState) refers to main.o(i.IsConnected) for IsConnected
    func.o(i.ctrlLEDState) refers to func.o(i.nrf_gpio_pin_clear) for nrf_gpio_pin_clear
    func.o(i.ctrlLEDState) refers to func.o(i.nrf_gpio_pin_toggle) for nrf_gpio_pin_toggle
    func.o(i.ctrlLEDState) refers to func.o(i.nrf_gpio_pin_set) for nrf_gpio_pin_set
    func.o(i.ctrlLEDState) refers to process_data.o(.bss) for bleQueue_g
    func.o(i.ctrlLEDState) refers to func.o(.data) for .data
    func.o(i.ctrlLEDState) refers to func.o(.bss) for .bss
    func.o(i.func_over_time) refers to func.o(.data) for .data
    func.o(i.getReceiptFSM) refers to func.o(.data) for .data
    func.o(i.get_tickcount) refers to func.o(.data) for .data
    func.o(i.gpiote_init) refers to segger_rtt_printf.o(i.SEGGER_RTT_printf) for SEGGER_RTT_printf
    func.o(i.gpiote_init) refers to nrfx_gpiote.o(i.nrfx_gpiote_is_init) for nrfx_gpiote_is_init
    func.o(i.gpiote_init) refers to nrfx_gpiote.o(i.nrfx_gpiote_init) for nrfx_gpiote_init
    func.o(i.gpiote_init) refers to nrfx_gpiote.o(i.nrfx_gpiote_in_init) for nrfx_gpiote_in_init
    func.o(i.gpiote_init) refers to nrfx_gpiote.o(i.nrfx_gpiote_in_event_enable) for nrfx_gpiote_in_event_enable
    func.o(i.gpiote_init) refers to func.o(.constdata) for .constdata
    func.o(i.gpiote_init) refers to func.o(.data) for .data
    func.o(i.gpiote_init) refers to func.o(i.sf_gpiote_handler) for sf_gpiote_handler
    func.o(i.init_fstorage) refers to nrf_fstorage.o(i.nrf_fstorage_init) for nrf_fstorage_init
    func.o(i.init_fstorage) refers to nrf_fstorage_sd.o(.constdata) for nrf_fstorage_sd
    func.o(i.init_fstorage) refers to func.o(.data) for .data
    func.o(i.init_fstorage) refers to func.o(fs_data) for fs_data
    func.o(i.init_stick_var) refers to ndevice_nvmc.o(i.nd_nvmc_read) for nd_nvmc_read
    func.o(i.init_stick_var) refers to pos_parser.o(i.pos_parser_load_cpk_tpk) for pos_parser_load_cpk_tpk
    func.o(i.init_stick_var) refers to shoponair.o(i.SoundVol) for SoundVol
    func.o(i.init_stick_var) refers to func.o(i.setReverseData) for setReverseData
    func.o(i.init_stick_var) refers to func.o(.data) for .data
    func.o(i.init_stick_var) refers to func.o(.bss) for .bss
    func.o(i.nd_erase_flash) refers to nrf_fstorage.o(i.nrf_fstorage_erase) for nrf_fstorage_erase
    func.o(i.nd_erase_flash) refers to func.o(fs_data) for fs_data
    func.o(i.nd_erase_flash_opt) refers to nrf_fstorage.o(i.nrf_fstorage_erase) for nrf_fstorage_erase
    func.o(i.nd_erase_flash_opt) refers to func.o(fs_data) for fs_data
    func.o(i.nd_write_flash) refers to nrf_fstorage.o(i.nrf_fstorage_write) for nrf_fstorage_write
    func.o(i.nd_write_flash) refers to func.o(fs_data) for fs_data
    func.o(i.nrf_delay_ms) refers to func.o(.constdata) for .constdata
    func.o(i.play_sound_mode) refers to play_sound.o(i.play_sound_push) for play_sound_push
    func.o(i.play_sound_mode) refers to func.o(.bss) for .bss
    func.o(i.receiptFSM) refers to func.o(.data) for .data
    func.o(i.resetOPTWriteTimer) refers to func.o(.data) for .data
    func.o(i.resetOPTWriteTimer) refers to func.o(.bss) for .bss
[...]
    Reset_Handler                            0x000263c1   Thumb Code     8  arm_startup_nrf52.o(.text)
    NMI_Handler                              0x000263c9   Thumb Code     2  arm_startup_nrf52.o(.text)
    HardFault_Handler                        0x000263cb   Thumb Code     2  arm_startup_nrf52.o(.text)
    MemoryManagement_Handler                 0x000263cd   Thumb Code     2  arm_startup_nrf52.o(.text)
    BusFault_Handler                         0x000263cf   Thumb Code     2  arm_startup_nrf52.o(.text)
    UsageFault_Handler                       0x000263d1   Thumb Code     2  arm_startup_nrf52.o(.text)
    SVC_Handler                              0x000263d3   Thumb Code     2  arm_startup_nrf52.o(.text)
    DebugMon_Handler                         0x000263d5   Thumb Code     2  arm_startup_nrf52.o(.text)
    PendSV_Handler                           0x000263d7   Thumb Code     2  arm_startup_nrf52.o(.text)
    SysTick_Handler                          0x000263d9   Thumb Code     2  arm_startup_nrf52.o(.text)
    CCM_AAR_IRQHandler                       0x000263db   Thumb Code     0  arm_startup_nrf52.o(.text)
    COMP_LPCOMP_IRQHandler                   0x000263db   Thumb Code     0  arm_startup_nrf52.o(.text)
    ECB_IRQHandler                           0x000263db   Thumb Code     0  arm_startup_nrf52.o(.text)
    FPU_IRQHandler                           0x000263db   Thumb Code     0  arm_startup_nrf52.o(.text)
    I2S_IRQHandler                           0x000263db   Thumb Code     0  arm_startup_nrf52.o(.text)
    MWU_IRQHandler                           0x000263db   Thumb Code     0  arm_startup_nrf52.o(.text)
    NFCT_IRQHandler                          0x000263db   Thumb Code     0  arm_startup_nrf52.o(.text)
    PDM_IRQHandler                           0x000263db   Thumb Code     0  arm_startup_nrf52.o(.text)
    QDEC_IRQHandler                          0x000263db   Thumb Code     0  arm_startup_nrf52.o(.text)
    RADIO_IRQHandler                         0x000263db   Thumb Code     0  arm_startup_nrf52.o(.text)
    RNG_IRQHandler                           0x000263db   Thumb Code     0  arm_startup_nrf52.o(.text)
    RTC0_IRQHandler                          0x000263db   Thumb Code     0  arm_startup_nrf52.o(.text)
    RTC2_IRQHandler                          0x000263db   Thumb Code     0  arm_startup_nrf52.o(.text)
    SPIM0_SPIS0_TWIM0_TWIS0_SPI0_TWI0_IRQHandler 0x000263db   Thumb Code     0  arm_startup_nrf52.o(.text)
    SPIM2_SPIS2_SPI2_IRQHandler              0x000263db   Thumb Code     0  arm_startup_nrf52.o(.text)
    SWI1_EGU1_IRQHandler                     0x000263db   Thumb Code     0  arm_startup_nrf52.o(.text)
    SWI3_EGU3_IRQHandler                     0x000263db   Thumb Code     0  arm_startup_nrf52.o(.text)
    SWI4_EGU4_IRQHandler                     0x000263db   Thumb Code     0  arm_startup_nrf52.o(.text)
    SWI5_EGU5_IRQHandler                     0x000263db   Thumb Code     0  arm_startup_nrf52.o(.text)
    TEMP_IRQHandler                          0x000263db   Thumb Code     0  arm_startup_nrf52.o(.text)
    TIMER0_IRQHandler                        0x000263db   Thumb Code     0  arm_startup_nrf52.o(.text)
    TIMER2_IRQHandler                        0x000263db   Thumb Code     0  arm_startup_nrf52.o(.text)
    TIMER3_IRQHandler                        0x000263db   Thumb Code     0  arm_startup_nrf52.o(.text)
    TIMER4_IRQHandler                        0x000263db   Thumb Code     0  arm_startup_nrf52.o(.text)
    __aeabi_llsl                             0x000263e5   Thumb Code    30  llshl.o(.text)
    _ll_shift_l                              0x000263e5   Thumb Code     0  llshl.o(.text)
    __aeabi_memcpy                           0x00026403   Thumb Code    36  memcpya.o(.text)
    __aeabi_memcpy4                          0x00026403   Thumb Code     0  memcpya.o(.text)
    __aeabi_memcpy8                          0x00026403   Thumb Code     0  memcpya.o(.text)
    __aeabi_memset                           0x00026427   Thumb Code    14  memseta.o(.text)
    __aeabi_memset4                          0x00026427   Thumb Code     0  memseta.o(.text)
    __aeabi_memset8                          0x00026427   Thumb Code     0  memseta.o(.text)
    __aeabi_memclr                           0x00026435   Thumb Code     4  memseta.o(.text)
    __aeabi_memclr4                          0x00026435   Thumb Code     0  memseta.o(.text)
    __aeabi_memclr8                          0x00026435   Thumb Code     0  memseta.o(.text)
    _memset$wrapper                          0x00026439   Thumb Code    18  memseta.o(.text)
    strlen                                   0x0002644b   Thumb Code    14  strlen.o(.text)
    strcmp                                   0x00026459   Thumb Code    28  strcmp.o(.text)
    strcpy                                   0x00026475   Thumb Code    18  strcpy.o(.text)
    strncmp                                  0x00026487   Thumb Code    30  strncmp.o(.text)
    strtok                                   0x000264a5   Thumb Code    62  strtok.o(.text)
    atoi                                     0x000264e9   Thumb Code    26  atoi.o(.text)
    __aeabi_uldivmod                         0x00026503   Thumb Code    98  uldiv.o(.text)
    strtol                                   0x00026565   Thumb Code   112  strtol.o(.text)
    __scatterload                            0x000265d5   Thumb Code    28  init.o(.text)
    __scatterload_rt2                        0x000265d5   Thumb Code     0  init.o(.text)
    __aeabi_llsr                             0x000265f9   Thumb Code    32  llushr.o(.text)
    _ll_ushift_r                             0x000265f9   Thumb Code     0  llushr.o(.text)
    __rt_ctype_table                         0x00026619   Thumb Code     4  ctype_o.o(.text)
    _strtoul                                 0x00026621   Thumb Code   158  _strtoul.o(.text)
    _chval                                   0x000266bf   Thumb Code    28  _chval.o(.text)
    __decompress                             0x000266db   Thumb Code     0  __dczerorl2.o(.text)
    __decompress1                            0x000266db   Thumb Code    86  __dczerorl2.o(.text)
    GPIOTE_IRQHandler                        0x00026731   Thumb Code   392  nrfx_gpiote.o(i.GPIOTE_IRQHandler)
    HC595write                               0x000268c1   Thumb Code   110  func.o(i.HC595write)
    IsAdvertised                             0x00026931   Thumb Code     6  main.o(i.IsAdvertised)
    IsConnected                              0x0002693d   Thumb Code    20  main.o(i.IsConnected)
    IsSPIBusy                                0x00026955   Thumb Code     6  ndevice_spi.o(i.IsSPIBusy)
    POWER_CLOCK_IRQHandler                   0x000269c5   Thumb Code    82  nrfx_clock.o(i.POWER_CLOCK_IRQHandler)
    PWM0_IRQHandler                          0x00026a1d   Thumb Code     8  nrfx_pwm.o(i.PWM0_IRQHandler)
    PWM1_IRQHandler                          0x00026a2d   Thumb Code     8  nrfx_pwm.o(i.PWM1_IRQHandler)
    PWM2_IRQHandler                          0x00026a3d   Thumb Code     8  nrfx_pwm.o(i.PWM2_IRQHandler)
    RTC1_IRQHandler                          0x00026a4d   Thumb Code    32  app_timer.o(i.RTC1_IRQHandler)
    SAADC_IRQHandler                         0x00026a71   Thumb Code    60  ndevice_sadc.o(i.SAADC_IRQHandler)
    SEGGER_RTT_Write                         0x00026ab5   Thumb Code    50  segger_rtt.o(i.SEGGER_RTT_Write)
    SEGGER_RTT_WriteNoLock                   0x00026aed   Thumb Code    86  segger_rtt.o(i.SEGGER_RTT_WriteNoLock)
    SEGGER_RTT_printf                        0x00026b49   Thumb Code    22  segger_rtt_printf.o(i.SEGGER_RTT_printf)
    SEGGER_RTT_vprintf                       0x00026b5f   Thumb Code   382  segger_rtt_printf.o(i.SEGGER_RTT_vprintf)
    SPIM1_SPIS1_TWIM1_TWIS1_SPI1_TWI1_IRQHandler 0x00026cdd   Thumb Code    44  ndevice_spi.o(i.SPIM1_SPIS1_TWIM1_TWIS1_SPI1_TWI1_IRQHandler)
    SWI0_EGU0_IRQHandler                     0x00026d0d   Thumb Code     4  app_timer.o(i.SWI0_EGU0_IRQHandler)
    SWI2_EGU2_IRQHandler                     0x00026d11   Thumb Code     4  nrf_sdh.o(i.SWI2_EGU2_IRQHandler)
    SoundPU                                  0x00026d15   Thumb Code   852  shoponair.o(i.SoundPU)
    SoundPlay                                0x00027069   Thumb Code   858  shoponair.o(i.SoundPlay)
    SoundVol                                 0x000273cd   Thumb Code   468  shoponair.o(i.SoundVol)
    SystemInit                               0x000275a1   Thumb Code   714  system_nrf52.o(i.SystemInit)
    TIMER1_IRQHandler                        0x000278b1   Thumb Code    18  ndevice_timer.o(i.TIMER1_IRQHandler)
    UARTE0_UART0_IRQHandler                  0x000278c9   Thumb Code    36  ndevice_uart.o(i.UARTE0_UART0_IRQHandler)
    WDT_IRQHandler                           0x000278fd   Thumb Code    26  nrfx_wdt.o(i.WDT_IRQHandler)
    __0sprintf$8                             0x00027c0d   Thumb Code    34  printf8.o(i.__0sprintf$8)
    __1sprintf$8                             0x00027c0d   Thumb Code     0  printf8.o(i.__0sprintf$8)
    __2sprintf                               0x00027c0d   Thumb Code     0  printf8.o(i.__0sprintf$8)
    __aeabi_errno_addr                       0x00027c35   Thumb Code     4  errno.o(i.__aeabi_errno_addr)
    __rt_errno_addr                          0x00027c35   Thumb Code     0  errno.o(i.__aeabi_errno_addr)
    __scatterload_copy                       0x00027c3d   Thumb Code    14  handlers.o(i.__scatterload_copy)
    __scatterload_null                       0x00027c4b   Thumb Code     2  handlers.o(i.__scatterload_null)
    __scatterload_zeroinit                   0x00027c4d   Thumb Code    14  handlers.o(i.__scatterload_zeroinit)
    adc_sample                               0x000280ed   Thumb Code    10  ndevice_sadc.o(i.adc_sample)
    advertising_start                        0x00028121   Thumb Code    24  main.o(i.advertising_start)
    advertising_stop                         0x0002813d   Thumb Code    18  main.o(i.advertising_stop)
    app_error_fault_handler                  0x00028155   Thumb Code    68  main.o(i.app_error_fault_handler)
    app_error_handler_bare                   0x000281cd   Thumb Code    22  app_error.o(i.app_error_handler_bare)
    app_timer_create                         0x000281e5   Thumb Code    36  app_timer.o(i.app_timer_create)
    app_timer_init                           0x0002820d   Thumb Code    70  app_timer.o(i.app_timer_init)
    app_timer_start                          0x00028261   Thumb Code   124  app_timer.o(i.app_timer_start)
    app_timer_stop                           0x000282e5   Thumb Code    26  app_timer.o(i.app_timer_stop)
    app_util_critical_region_enter           0x00028305   Thumb Code    60  app_util_platform.o(i.app_util_critical_region_enter)
    app_util_critical_region_exit            0x00028349   Thumb Code    46  app_util_platform.o(i.app_util_critical_region_exit)
    auto_baud_rate_run                       0x00028545   Thumb Code   276  auto_baudrate.o(i.auto_baud_rate_run)
    base64_decode                            0x000289b1   Thumb Code   274  ndevice_util.o(i.base64_decode)
    base64_encode                            0x00028ac9   Thumb Code   268  ndevice_util.o(i.base64_encode)
    begin                                    0x00028bd9   Thumb Code    50  main.o(i.begin)
    blcm_link_ctx_get                        0x00028c19   Thumb Code    72  ble_link_ctx_manager.o(i.blcm_link_ctx_get)
    ble_advdata_encode                       0x00028c61   Thumb Code   406  ble_advdata.o(i.ble_advdata_encode)
    ble_advdata_parse                        0x00028df7   Thumb Code    32  ble_advdata.o(i.ble_advdata_parse)
    ble_advdata_search                       0x00028e17   Thumb Code    56  ble_advdata.o(i.ble_advdata_search)
    ble_advertising_conn_cfg_tag_set         0x00028e4f   Thumb Code     6  ble_advertising.o(i.ble_advertising_conn_cfg_tag_set)
    ble_advertising_init                     0x00028e55   Thumb Code   268  ble_advertising.o(i.ble_advertising_init)
    ble_advertising_on_ble_evt               0x00028f61   Thumb Code   106  ble_advertising.o(i.ble_advertising_on_ble_evt)
    ble_advertising_on_sys_evt               0x00028fcb   Thumb Code     2  ble_advertising.o(i.ble_advertising_on_sys_evt)
    ble_advertising_start                    0x00028fcd   Thumb Code   576  ble_advertising.o(i.ble_advertising_start)
    ble_conn_params_init                     0x0002920d   Thumb Code   114  ble_conn_params.o(i.ble_conn_params_init)
    ble_conn_state_conn_idx                  0x0002928d   Thumb Code    18  ble_conn_state.o(i.ble_conn_state_conn_idx)
    ble_conn_state_valid                     0x000292a1   Thumb Code    16  ble_conn_state.o(i.ble_conn_state_valid)
    ble_nd_init                              0x00029641   Thumb Code   158  ndevice_ble.o(i.ble_nd_init)
    ble_nus_data_send                        0x000296e5   Thumb Code    78  ndevice_ble.o(i.ble_nus_data_send)
    ble_nus_on_ble_evt                       0x00029733   Thumb Code   114  ndevice_ble.o(i.ble_nus_on_ble_evt)
    ble_srv_is_notification_enabled          0x000297a5   Thumb Code     8  ble_srv_common.o(i.ble_srv_is_notification_enabled)
    cb_tick_handler                          0x000297ad   Thumb Code    10  func.o(i.cb_tick_handler)
    characteristic_add                       0x0002983d   Thumb Code   400  ble_srv_common.o(i.characteristic_add)
    checkRemainConnect                       0x000299cd   Thumb Code   132  func.o(i.checkRemainConnect)
    clearEncBusy                             0x00029aed   Thumb Code    20  process_data.o(i.clearEncBusy)
    clear_receipt                            0x00029b09   Thumb Code    64  process_data.o(i.clear_receipt)
    clrTagReceived                           0x00029b95   Thumb Code    18  func.o(i.clrTagReceived)
    clr_SysEvent                             0x00029bd1   Thumb Code    10  func.o(i.clr_SysEvent)
    conn_handle_list_get                     0x00029c8d   Thumb Code    62  ble_conn_state.o(i.conn_handle_list_get)
    ctrlLEDState                             0x00029da5   Thumb Code   110  func.o(i.ctrlLEDState)
    dummy_handler                            0x00029e3f   Thumb Code     2  func.o(i.dummy_handler)
    eep_read_array                           0x00029e41   Thumb Code    32  ndevice_eeprom.o(i.eep_read_array)
    eep_write_array                          0x00029e65   Thumb Code    42  ndevice_eeprom.o(i.eep_write_array)
    eep_write_status                         0x00029e95   Thumb Code    16  ndevice_eeprom.o(i.eep_write_status)
    func_enter_bootloader                    0x00029fb3   Thumb Code    18  func.o(i.func_enter_bootloader)
    gatt_evt_handler                         0x00029fe1   Thumb Code    28  main.o(i.gatt_evt_handler)
    gatt_init                                0x0002a001   Thumb Code    38  main.o(i.gatt_init)
    gen_qode_packet                          0x0002a031   Thumb Code    88  process_data.o(i.gen_qode_packet)
    getReceiptFSM                            0x0002a089   Thumb Code     6  func.o(i.getReceiptFSM)
    get_tickcount                            0x0002a095   Thumb Code     6  func.o(i.get_tickcount)
    gpiote_init                              0x0002a0a1   Thumb Code    76  func.o(i.gpiote_init)
    init_fstorage                            0x0002a141   Thumb Code    14  func.o(i.init_fstorage)
    init_parameter                           0x0002a15d   Thumb Code   450  process_data.o(i.init_parameter)
    init_play_sound                          0x0002a4c5   Thumb Code    12  play_sound.o(i.init_play_sound)
    init_pos_parser                          0x0002a4d5   Thumb Code   194  pos_parser.o(i.init_pos_parser)
    init_process                             0x0002a5cd   Thumb Code    74  process_data.o(i.init_process)
    init_stick_var                           0x0002a629   Thumb Code   106  func.o(i.init_stick_var)
    is_busy_nvmc                             0x0002a771   Thumb Code    14  ndevice_nvmc.o(i.is_busy_nvmc)
    load_qr_code                             0x0002a8d9   Thumb Code   168  process_data.o(i.load_qr_code)
    main                                     0x0002a989   Thumb Code   616  main.o(i.main)
    nd_disconnect                            0x0002ad4d   Thumb Code    48  main.o(i.nd_disconnect)
    nd_erase_flash                           0x0002ad81   Thumb Code    26  func.o(i.nd_erase_flash)
    nd_erase_flash_opt                       0x0002ada1   Thumb Code    26  func.o(i.nd_erase_flash_opt)
    nd_gpio_init                             0x0002adc1   Thumb Code   198  ndevice_gpio.o(i.nd_gpio_init)
    nd_nvmc_cfg                              0x0002ae89   Thumb Code    16  ndevice_nvmc.o(i.nd_nvmc_cfg)
    nd_nvmc_read                             0x0002ae9d   Thumb Code    20  ndevice_nvmc.o(i.nd_nvmc_read)
    nd_spi_init                              0x0002aeb5   Thumb Code   134  ndevice_spi.o(i.nd_spi_init)
    nd_write_flash                           0x0002af65   Thumb Code    30  func.o(i.nd_write_flash)
    new_print_receipt                        0x0002af89   Thumb Code   176  process_data.o(i.new_print_receipt)
    nrf_atfifo_clear                         0x0002b049   Thumb Code    16  nrf_atfifo.o(i.nrf_atfifo_clear)
    nrf_atfifo_init                          0x0002b059   Thumb Code    38  nrf_atfifo.o(i.nrf_atfifo_init)
    nrf_atfifo_item_alloc                    0x0002b07f   Thumb Code    22  nrf_atfifo.o(i.nrf_atfifo_item_alloc)
    nrf_atfifo_item_free                     0x0002b095   Thumb Code    22  nrf_atfifo.o(i.nrf_atfifo_item_free)
    nrf_atfifo_item_get                      0x0002b0ab   Thumb Code    22  nrf_atfifo.o(i.nrf_atfifo_item_get)
    nrf_atfifo_item_put                      0x0002b0c1   Thumb Code    22  nrf_atfifo.o(i.nrf_atfifo_item_put)
    nrf_atflags_clear                        0x0002b0d7   Thumb Code    22  nrf_atflags.o(i.nrf_atflags_clear)
    nrf_atflags_get                          0x0002b0ed   Thumb Code    22  nrf_atflags.o(i.nrf_atflags_get)
    nrf_atflags_set                          0x0002b103   Thumb Code    20  nrf_atflags.o(i.nrf_atflags_set)
    nrf_atomic_flag_set_fetch                0x0002b117   Thumb Code     6  nrf_atomic.o(i.nrf_atomic_flag_set_fetch)
    nrf_atomic_u32_and                       0x0002b11d   Thumb Code    12  nrf_atomic.o(i.nrf_atomic_u32_and)
    nrf_atomic_u32_fetch_or                  0x0002b129   Thumb Code    10  nrf_atomic.o(i.nrf_atomic_u32_fetch_or)
    nrf_atomic_u32_or                        0x0002b133   Thumb Code    12  nrf_atomic.o(i.nrf_atomic_u32_or)
    nrf_ble_gatt_att_mtu_periph_set          0x0002b163   Thumb Code    24  nrf_ble_gatt.o(i.nrf_ble_gatt_att_mtu_periph_set)
    nrf_ble_gatt_init                        0x0002b17b   Thumb Code    42  nrf_ble_gatt.o(i.nrf_ble_gatt_init)
    nrf_ble_gatt_on_ble_evt                  0x0002b1a5   Thumb Code   366  nrf_ble_gatt.o(i.nrf_ble_gatt_on_ble_evt)
    nrf_ble_qwr_conn_handle_assign           0x0002b319   Thumb Code    22  nrf_ble_qwr.o(i.nrf_ble_qwr_conn_handle_assign)
    nrf_ble_qwr_init                         0x0002b32f   Thumb Code    36  nrf_ble_qwr.o(i.nrf_ble_qwr_init)
    nrf_ble_qwr_on_ble_evt                   0x0002b353   Thumb Code   182  nrf_ble_qwr.o(i.nrf_ble_qwr_on_ble_evt)
    nrf_drv_clock_init                       0x0002b491   Thumb Code    48  nrf_drv_clock.o(i.nrf_drv_clock_init)
    nrf_drv_clock_lfclk_release              0x0002b4c9   Thumb Code    42  nrf_drv_clock.o(i.nrf_drv_clock_lfclk_release)
    nrf_fstorage_erase                       0x0002b4f9   Thumb Code    78  nrf_fstorage.o(i.nrf_fstorage_erase)
    nrf_fstorage_init                        0x0002b547   Thumb Code    16  nrf_fstorage.o(i.nrf_fstorage_init)
    nrf_fstorage_sdh_req_handler             0x0002b559   Thumb Code    18  nrf_fstorage_sd.o(i.nrf_fstorage_sdh_req_handler)
    nrf_fstorage_sdh_state_handler           0x0002b571   Thumb Code    28  nrf_fstorage_sd.o(i.nrf_fstorage_sdh_state_handler)
    nrf_fstorage_sys_evt_handler             0x0002b591   Thumb Code   156  nrf_fstorage_sd.o(i.nrf_fstorage_sys_evt_handler)
    nrf_fstorage_write                       0x0002b635   Thumb Code   102  nrf_fstorage.o(i.nrf_fstorage_write)
    nrf_pwr_mgmt_init                        0x0002b859   Thumb Code    28  nrf_pwr_mgmt.o(i.nrf_pwr_mgmt_init)
    nrf_sdh_ble_app_ram_start_get            0x0002b885   Thumb Code    16  nrf_sdh_ble.o(i.nrf_sdh_ble_app_ram_start_get)
    nrf_sdh_ble_default_cfg_set              0x0002b899   Thumb Code   158  nrf_sdh_ble.o(i.nrf_sdh_ble_default_cfg_set)
    nrf_sdh_ble_enable                       0x0002b939   Thumb Code    14  nrf_sdh_ble.o(i.nrf_sdh_ble_enable)
    nrf_sdh_disable_request                  0x0002b9ad   Thumb Code    80  nrf_sdh.o(i.nrf_sdh_disable_request)
    nrf_sdh_enable_request                   0x0002ba01   Thumb Code   102  nrf_sdh.o(i.nrf_sdh_enable_request)
    nrf_sdh_evts_poll                        0x0002ba75   Thumb Code    32  nrf_sdh.o(i.nrf_sdh_evts_poll)
    nrf_sdh_is_enabled                       0x0002ba99   Thumb Code     6  nrf_sdh.o(i.nrf_sdh_is_enabled)
    nrf_sdh_request_continue                 0x0002baa5   Thumb Code    22  nrf_sdh.o(i.nrf_sdh_request_continue)
    nrf_section_iter_init                    0x0002bafd   Thumb Code    10  nrf_section_iter.o(i.nrf_section_iter_init)
    nrf_section_iter_next                    0x0002bb2b   Thumb Code    32  nrf_section_iter.o(i.nrf_section_iter_next)
    nrfx_clock_enable                        0x0002bb4d   Thumb Code    34  nrfx_clock.o(i.nrfx_clock_enable)
    nrfx_clock_init                          0x0002bb79   Thumb Code    26  nrfx_clock.o(i.nrfx_clock_init)
    nrfx_clock_lfclk_stop                    0x0002bb99   Thumb Code    20  nrfx_clock.o(i.nrfx_clock_lfclk_stop)
    nrfx_gpiote_in_event_enable              0x0002bbe5   Thumb Code   156  nrfx_gpiote.o(i.nrfx_gpiote_in_event_enable)
    nrfx_gpiote_in_init                      0x0002bc89   Thumb Code   194  nrfx_gpiote.o(i.nrfx_gpiote_in_init)
    nrfx_gpiote_init                         0x0002bd59   Thumb Code    94  nrfx_gpiote.o(i.nrfx_gpiote_init)
    nrfx_gpiote_is_init                      0x0002bdc5   Thumb Code    14  nrfx_gpiote.o(i.nrfx_gpiote_is_init)
    nrfx_wdt_channel_alloc                   0x0002bdd9   Thumb Code    60  nrfx_wdt.o(i.nrfx_wdt_channel_alloc)
    nrfx_wdt_enable                          0x0002be1d   Thumb Code    18  nrfx_wdt.o(i.nrfx_wdt_enable)
    nrfx_wdt_init                            0x0002be39   Thumb Code    66  nrfx_wdt.o(i.nrfx_wdt_init)
    parser_data                              0x0002bfe9   Thumb Code   870  process_data.o(i.parser_data)
    play_sound                               0x0002c459   Thumb Code    78  play_sound.o(i.play_sound)
    play_sound_mode                          0x0002c4b1   Thumb Code    34  func.o(i.play_sound_mode)
    play_sound_push                          0x0002c4d9   Thumb Code    24  play_sound.o(i.play_sound_push)
    play_sound_set_total_value               0x0002c4f9   Thumb Code   708  play_sound.o(i.play_sound_set_total_value)
    pos_cnt_uart_parser                      0x0002c7c1   Thumb Code   636  process_data.o(i.pos_cnt_uart_parser)
    pos_data_is_card                         0x0002ca59   Thumb Code     6  pos_parser.o(i.pos_data_is_card)
    pos_parser_get_CPK                       0x0002ca99   Thumb Code     4  pos_parser.o(i.pos_parser_get_CPK)
    pos_parser_get_TPK                       0x0002caa1   Thumb Code     4  pos_parser.o(i.pos_parser_get_TPK)
    pos_parser_get_keyword_info              0x0002caa9   Thumb Code     8  pos_parser.o(i.pos_parser_get_keyword_info)
    pos_parser_get_payment                   0x0002cab5   Thumb Code     8  pos_parser.o(i.pos_parser_get_payment)
    pos_parser_load_cpk_tpk                  0x0002cb65   Thumb Code   222  pos_parser.o(i.pos_parser_load_cpk_tpk)
    pos_parser_push                          0x0002ccf9   Thumb Code   112  pos_parser.o(i.pos_parser_push)
    pos_parser_reset                         0x0002cd71   Thumb Code    36  pos_parser.o(i.pos_parser_reset)
    pos_parser_set_CPK                       0x0002cd9d   Thumb Code   256  pos_parser.o(i.pos_parser_set_CPK)
    pos_parser_set_TPK                       0x0002cf05   Thumb Code   112  pos_parser.o(i.pos_parser_set_TPK)
    pos_parser_set_sysinfo                   0x0002cf7d   Thumb Code     6  pos_parser.o(i.pos_parser_set_sysinfo)
    print_left_align                         0x0002d181   Thumb Code    20  process_data.o(i.print_left_align)
    print_system_prameter                    0x0002d199   Thumb Code   332  process_data.o(i.print_system_prameter)
    process_is_there_packet                  0x0002d399   Thumb Code     6  process_data.o(i.process_is_there_packet)
    process_wait_complete_packet             0x0002d3c5   Thumb Code    36  process_data.o(i.process_wait_complete_packet)
    receiptFSM                               0x0002d4dd   Thumb Code    84  func.o(i.receiptFSM)
    resetOPTWriteTimer                       0x0002d539   Thumb Code    10  func.o(i.resetOPTWriteTimer)
    resetRemainConnect                       0x0002d54d   Thumb Code    16  func.o(i.resetRemainConnect)
    sendCAT2Succeed                          0x0002d64d   Thumb Code    70  process_data.o(i.sendCAT2Succeed)
    send_DIS                                 0x0002d6a9   Thumb Code    18  process_data.o(i.send_DIS)
    send_FUM                                 0x0002d6c5   Thumb Code    18  process_data.o(i.send_FUM)
    send_PRF                                 0x0002d6e1   Thumb Code    18  process_data.o(i.send_PRF)
    send_PRS                                 0x0002d6fd   Thumb Code    18  process_data.o(i.send_PRS)
    send_endQR                               0x0002d719   Thumb Code    22  process_data.o(i.send_endQR)
    send_modeSum                             0x0002d749   Thumb Code    88  process_data.o(i.send_modeSum)
    send_queuedQRData                        0x0002d7fd   Thumb Code   386  process_data.o(i.send_queuedQRData)
    send_receiptData                         0x0002d9a1   Thumb Code   344  process_data.o(i.send_receiptData)
    send_responseToBLE                       0x0002db21   Thumb Code    62  process_data.o(i.send_responseToBLE)
    send_responseToBLEinEvent                0x0002db65   Thumb Code    30  process_data.o(i.send_responseToBLEinEvent)
    setBase64Buffer                          0x0002dc0d   Thumb Code    26  process_data.o(i.setBase64Buffer)
    setCAT2Data                              0x0002dc2d   Thumb Code    92  func.o(i.setCAT2Data)
    setQRData                                0x0002dc99   Thumb Code    50  func.o(i.setQRData)
    setReverseData                           0x0002dcd1   Thumb Code    54  func.o(i.setReverseData)
    setSoundTotal                            0x0002dd0d   Thumb Code    10  func.o(i.setSoundTotal)
    setTimeoutStart                          0x0002dd21   Thumb Code    36  func.o(i.setTimeoutStart)
    setVolume                                0x0002dd51   Thumb Code    36  func.o(i.setVolume)
    set_SysEvent                             0x0002dd79   Thumb Code    10  func.o(i.set_SysEvent)
    set_advertising_active                   0x0002dd89   Thumb Code     8  func.o(i.set_advertising_active)
    set_nus_ptr                              0x0002dd95   Thumb Code     6  process_data.o(i.set_nus_ptr)
    set_print_baud_rate                      0x0002dda1   Thumb Code    56  func.o(i.set_print_baud_rate)
    set_print_mode                           0x0002dddd   Thumb Code    56  func.o(i.set_print_mode)
    spim_repeateddata                        0x0002df39   Thumb Code    82  ndevice_spi.o(i.spim_repeateddata)
    spim_senddata                            0x0002df91   Thumb Code    68  ndevice_spi.o(i.spim_senddata)
    stick_fsm                                0x0002dfd9   Thumb Code  2060  func.o(i.stick_fsm)
    twisRX                                   0x0002eb45   Thumb Code    92  func.o(i.twisRX)
    uart_get_RXD                             0x0002ebb1   Thumb Code    38  ndevice_uart.o(i.uart_get_RXD)
    uart_init                                0x0002ebe1   Thumb Code   106  ndevice_uart.o(i.uart_init)
    uart_put                                 0x0002ec61   Thumb Code    26  ndevice_uart.o(i.uart_put)
    uart_putstring                           0x0002ec85   Thumb Code    24  ndevice_uart.o(i.uart_putstring)
    uart_setBaudrate                         0x0002ec9d   Thumb Code    60  ndevice_uart.o(i.uart_setBaudrate)
    wdt_event_handler                        0x0002eec5   Thumb Code     2  main.o(i.wdt_event_handler)
    writeReverseToSRAM                       0x0002ef1d   Thumb Code   268  func.o(i.writeReverseToSRAM)
    nrf_fstorage_sd                          0x0002f238   Data          32  nrf_fstorage_sd.o(.constdata)
    m_ram_start                              0x0002f2f4   Data           4  nrf_sdh_ble.o(.constdata)
    __ctype_table                            0x0002f330   Data         129  ctype_o.o(.constdata)
    Region$$Table$$Base                      0x0002f484   Number         0  anon$$obj.o(Region$$Table)
    Region$$Table$$Limit                     0x0002f4a4   Number         0  anon$$obj.o(Region$$Table)
    sdh_ble_observers0$$Base                 0x0002f4a4   Number         0  ble_conn_state.o(sdh_ble_observers0)
    sdh_ble_observers0$$Limit                0x0002f4ac   Number         0  ble_conn_state.o(sdh_ble_observers0)
    sdh_ble_observers1$$Base                 0x0002f4ac   Number         0  main.o(sdh_ble_observers1)
    sdh_ble_observers1$$Limit                0x0002f4c4   Number         0  ble_conn_params.o(sdh_ble_observers1)
    sdh_ble_observers2$$Base                 0x0002f4c4   Number         0  main.o(sdh_ble_observers2)
    sdh_ble_observers2$$Limit                0x0002f4d4   Number         0  main.o(sdh_ble_observers2)
    sdh_ble_observers3$$Base                 0x0002f4d4   Number         0  main.o(sdh_ble_observers3)
    m_req_obs                                0x0002f4dc   Data           8  nrf_fstorage_sd.o(sdh_req_observers0)
    sdh_ble_observers3$$Limit                0x0002f4dc   Number         0  main.o(sdh_ble_observers3)
    sdh_req_observers0$$Base                 0x0002f4dc   Number         0  nrf_fstorage_sd.o(sdh_req_observers0)
    sdh_req_observers0$$Limit                0x0002f4e4   Number         0  nrf_fstorage_sd.o(sdh_req_observers0)
    sdh_soc_observers0$$Base                 0x0002f4e4   Number         0  nrf_drv_clock.o(sdh_soc_observers0)
    sdh_soc_observers0$$Limit                0x0002f4f4   Number         0  nrf_fstorage_sd.o(sdh_soc_observers0)
    sdh_soc_observers1$$Base                 0x0002f4f4   Number         0  main.o(sdh_soc_observers1)
    sdh_soc_observers1$$Limit                0x0002f4fc   Number         0  main.o(sdh_soc_observers1)
    sdh_stack_observers0$$Base               0x0002f4fc   Number         0  nrf_sdh_ble.o(sdh_stack_observers0)
    sdh_stack_observers0$$Limit              0x0002f50c   Number         0  nrf_sdh_soc.o(sdh_stack_observers0)
    sdh_state_observers0$$Base               0x0002f50c   Number         0  nrf_drv_clock.o(sdh_state_observers0)
    sdh_state_observers0$$Limit              0x0002f51c   Number         0  nrf_fstorage_sd.o(sdh_state_observers0)
    Image$$RW_IRAM1$$Base                    0x20002aa8   Number         0  anon$$obj.o ABSOLUTE
    bTimer_handled_g                         0x20002aa8   Data           1  func.o(.data)
    wait_cnt                                 0x20002ab4   Data           4  func.o(.data)
    segment_position                         0x20002ab8   Data           4  func.o(.data)
    segment_wait_cnt                         0x20002abc   Data           4  func.o(.data)
    BuffInCnt                                0x20002ac0   Data           4  func.o(.data)
    BuffOutCnt                               0x20002ac4   Data           4  func.o(.data)
    p_fs_api_g                               0x20002ac8   Data           4  func.o(.data)
    segnum                                   0x20002ad0   Data          10  func.o(.data)
    advertising_g                            0x20002ae4   Data           1  main.o(.data)
    ble_disconnecting                        0x20002ae5   Data           1  main.o(.data)
    m_channel_id                             0x20002ae6   Data           1  main.o(.data)
    EVTCH_RSSI                               0x20002af0   Data           4  main.o(.data)
    macaddr                                  0x20002af4   Data           6  main.o(.data)
    last_sound                               0x20002b27   Data           1  process_data.o(.data)
    no_receipt_flag                          0x20002b28   Data           1  process_data.o(.data)
    prf_cancel_flag                          0x20002b29   Data           1  process_data.o(.data)
    print_pass_flag                          0x20002b2a   Data           1  process_data.o(.data)
    SystemCoreClock                          0x20002bb4   Data           4  system_nrf52.o(.data)
    cccd_enabled_g                           0x20002bb8   Data           1  ndevice_ble.o(.data)
    ADCctrl_g                                0x20002bbc   Data           2  ndevice_sadc.o(.data)
    pADCconfig_g                             0x20002bc0   Data           4  ndevice_sadc.o(.data)
    pADCinterrupt_g                          0x20002bc4   Data           4  ndevice_sadc.o(.data)
    pADCoperate_g                            0x20002bc8   Data           4  ndevice_sadc.o(.data)
    pADCchannel_g                            0x20002bcc   Data           4  ndevice_sadc.o(.data)
    pADCresult                               0x20002bd0   Data           4  ndevice_sadc.o(.data)
    cbSPIReceiveHandler_g                    0x20002be8   Data           4  ndevice_spi.o(.data)
    fs_data$$Base                            0x20002c48   Number         0  func.o(fs_data)
    fstorage                                 0x20002c48   Data          20  func.o(fs_data)
    RECVdata                                 0x20002c5c   Data         255  func.o(.bss)
    fs_data$$Limit                           0x20002c5c   Number         0  func.o(fs_data)
    Senddata                                 0x20002d5b   Data         255  func.o(.bss)
    Tickcounter_g                            0x20002e5c   Data          28  func.o(.bss)
    PoscvtCfg_g                              0x20002e78   Data          35  func.o(.bss)
    reverseData_g                            0x20002e9c   Data        2050  func.o(.bss)
    sndToTal_g                               0x2000369e   Data          20  func.o(.bss)
    Buffer                                   0x200036b2   Data         510  func.o(.bss)
    bleQueue_g                               0x20003b48   Data         712  process_data.o(.bss)
    nrf_nvic_state                           0x200044b4   Data          12  app_util_platform.o(.bss)
    _SEGGER_RTT                              0x20004594   Data         168  segger_rtt.o(.bss)
    __initial_sp                             0x20006a50   Data           0  arm_startup_nrf52.o(STACK)



==============================================================================

Memory Map of the image

  Image Entry point : 0x00026201

  Load Region LR_IROM1 (Base: 0x00026000, Size: 0x000096d0, Max: 0x0005a000, ABSOLUTE, COMPRESSED[0x000095dc])

    Execution Region ER_IROM1 (Exec base: 0x00026000, Load base: 0x00026000, Size: 0x0000951c, Max: 0x0005a000, ABSOLUTE)

    Exec Addr    Load Addr    Size         Type   Attr      Idx    E Section Name        Object

    0x00026000   0x00026000   0x00000200   Data   RO         1518    RESET               arm_startup_nrf52.o
    0x00026200   0x00026200   0x00000000   Code   RO         5895  * .ARM.Collect$$$$00000000  mc_w.l(entry.o)
    0x00026200   0x00026200   0x00000004   Code   RO         6185    .ARM.Collect$$$$00000001  mc_w.l(entry2.o)
    0x00026204   0x00026204   0x00000004   Code   RO         6188    .ARM.Collect$$$$00000004  mc_w.l(entry5.o)
    0x00026208   0x00026208   0x00000000   Code   RO         6190    .ARM.Collect$$$$00000008  mc_w.l(entry7b.o)
    0x00026208   0x00026208   0x00000000   Code   RO         6192    .ARM.Collect$$$$0000000A  mc_w.l(entry8b.o)
    0x00026208   0x00026208   0x00000008   Code   RO         6193    .ARM.Collect$$$$0000000B  mc_w.l(entry9a.o)
    0x00026210   0x00026210   0x00000000   Code   RO         6195    .ARM.Collect$$$$0000000D  mc_w.l(entry10a.o)
    0x00026210   0x00026210   0x00000000   Code   RO         6197    .ARM.Collect$$$$0000000F  mc_w.l(entry11a.o)
    0x00026210   0x00026210   0x00000004   Code   RO         6186    .ARM.Collect$$$$00002712  mc_w.l(entry2.o)
    0x00026214   0x00026214   0x000000c8   Code   RO         4398    .emb_text           nrf_atfifo.o
    0x000262dc   0x000262dc   0x000000e2   Code   RO         4537    .emb_text           nrf_atomic.o
    0x000263be   0x000263be   0x00000002   PAD
    0x000263c0   0x000263c0   0x00000024   Code   RO         1519    .text               arm_startup_nrf52.o
    0x000263e4   0x000263e4   0x0000001e   Code   RO         5898    .text               mc_w.l(llshl.o)
    0x00026402   0x00026402   0x00000024   Code   RO         5900    .text               mc_w.l(memcpya.o)
    0x00026426   0x00026426   0x00000024   Code   RO         5902    .text               mc_w.l(memseta.o)
    0x0002644a   0x0002644a   0x0000000e   Code   RO         5904    .text               mc_w.l(strlen.o)
    0x00026458   0x00026458   0x0000001c   Code   RO         5906    .text               mc_w.l(strcmp.o)
    0x00026474   0x00026474   0x00000012   Code   RO         5910    .text               mc_w.l(strcpy.o)
    0x00026486   0x00026486   0x0000001e   Code   RO         5912    .text               mc_w.l(strncmp.o)
    0x000264a4   0x000264a4   0x00000044   Code   RO         5914    .text               mc_w.l(strtok.o)
    0x000264e8   0x000264e8   0x0000001a   Code   RO         6183    .text               mc_w.l(atoi.o)
    0x00026502   0x00026502   0x00000062   Code   RO         6201    .text               mc_w.l(uldiv.o)
    0x00026564   0x00026564   0x00000070   Code   RO         6210    .text               mc_w.l(strtol.o)
    0x000265d4   0x000265d4   0x00000024   Code   RO         6223    .text               mc_w.l(init.o)
    0x000265f8   0x000265f8   0x00000020   Code   RO         6225    .text               mc_w.l(llushr.o)
    0x00026618   0x00026618   0x00000008   Code   RO         6229    .text               mc_w.l(ctype_o.o)
    0x00026620   0x00026620   0x0000009e   Code   RO         6257    .text               mc_w.l(_strtoul.o)
    0x000266be   0x000266be   0x0000001c   Code   RO         6261    .text               mc_w.l(_chval.o)
    0x000266da   0x000266da   0x00000056   Code   RO         6271    .text               mc_w.l(__dczerorl2.o)
    0x00026730   0x00026730   0x00000190   Code   RO         3518    i.GPIOTE_IRQHandler  nrfx_gpiote.o
    0x000268c0   0x000268c0   0x0000006e   Code   RO            5    i.HC595write        func.o
    0x0002692e   0x0002692e   0x00000002   PAD
    0x00026930   0x00026930   0x0000000c   Code   RO          623    i.IsAdvertised      main.o
    0x0002693c   0x0002693c   0x00000018   Code   RO          624    i.IsConnected       main.o
    0x00026954   0x00026954   0x0000000c   Code   RO         1987    i.IsSPIBusy         ndevice_spi.o
    0x00026960   0x00026960   0x00000016   Code   RO         4100    i.NVIC_ClearPendingIRQ  app_timer.o
    0x00026976   0x00026976   0x00000016   Code   RO         4101    i.NVIC_EnableIRQ    app_timer.o
    0x0002698c   0x0002698c   0x00000016   Code   RO         4102    i.NVIC_SetPendingIRQ  app_timer.o
    0x000269a2   0x000269a2   0x00000020   Code   RO         4103    i.NVIC_SetPriority  app_timer.o
    0x000269c2   0x000269c2   0x00000002   PAD
    0x000269c4   0x000269c4   0x00000058   Code   RO         3387    i.POWER_CLOCK_IRQHandler  nrfx_clock.o
    0x00026a1c   0x00026a1c   0x00000010   Code   RO         5275    i.PWM0_IRQHandler   nrfx_pwm.o
    0x00026a2c   0x00026a2c   0x00000010   Code   RO         5276    i.PWM1_IRQHandler   nrfx_pwm.o
    0x00026a3c   0x00026a3c   0x00000010   Code   RO         5277    i.PWM2_IRQHandler   nrfx_pwm.o
    0x00026a4c   0x00026a4c   0x00000024   Code   RO         4104    i.RTC1_IRQHandler   app_timer.o
    0x00026a70   0x00026a70   0x00000044   Code   RO         1910    i.SAADC_IRQHandler  ndevice_sadc.o
    0x00026ab4   0x00026ab4   0x00000038   Code   RO         5676    i.SEGGER_RTT_Write  segger_rtt.o
    0x00026aec   0x00026aec   0x0000005c   Code   RO         5677    i.SEGGER_RTT_WriteNoLock  segger_rtt.o
    0x00026b48   0x00026b48   0x00000016   Code   RO         5851    i.SEGGER_RTT_printf  segger_rtt_printf.o
    0x00026b5e   0x00026b5e   0x0000017e   Code   RO         5852    i.SEGGER_RTT_vprintf  segger_rtt_printf.o
    0x00026cdc   0x00026cdc   0x00000030   Code   RO         1988    i.SPIM1_SPIS1_TWIM1_TWIS1_SPI1_TWI1_IRQHandler  ndevice_spi.o
    0x00026d0c   0x00026d0c   0x00000004   Code   RO         4105    i.SWI0_EGU0_IRQHandler  app_timer.o
    0x00026d10   0x00026d10   0x00000004   Code   RO         5438    i.SWI2_EGU2_IRQHandler  nrf_sdh.o
    0x00026d14   0x00026d14   0x00000354   Code   RO         1167    i.SoundPU           shoponair.o
    0x00027068   0x00027068   0x00000364   Code   RO         1168    i.SoundPlay         shoponair.o
    0x000273cc   0x000273cc   0x000001d4   Code   RO         1169    i.SoundVol          shoponair.o
    0x000275a0   0x000275a0   0x00000310   Code   RO         1527    i.SystemInit        system_nrf52.o
    0x000278b0   0x000278b0   0x00000018   Code   RO         2069    i.TIMER1_IRQHandler  ndevice_timer.o
    0x000278c8   0x000278c8   0x00000034   Code   RO         2112    i.UARTE0_UART0_IRQHandler  ndevice_uart.o
    0x000278fc   0x000278fc   0x00000024   Code   RO         3777    i.WDT_IRQHandler    nrfx_wdt.o
    0x00027920   0x00027920   0x00000068   Code   RO         5681    i._DoInit           segger_rtt.o
    0x00027988   0x00027988   0x00000016   Code   RO         5682    i._GetAvailWriteSpace  segger_rtt.o
    0x0002799e   0x0002799e   0x000000c4   Code   RO         5853    i._PrintInt         segger_rtt_printf.o
    0x00027a62   0x00027a62   0x00000002   PAD
    0x00027a64   0x00027a64   0x000000cc   Code   RO         5854    i._PrintUnsigned    segger_rtt_printf.o
    0x00027b30   0x00027b30   0x0000003e   Code   RO         5855    i._StoreChar        segger_rtt_printf.o
    0x00027b6e   0x00027b6e   0x0000005a   Code   RO         5684    i._WriteBlocking    segger_rtt.o
    0x00027bc8   0x00027bc8   0x00000042   Code   RO         5685    i._WriteNoCheck     segger_rtt.o
    0x00027c0a   0x00027c0a   0x00000002   PAD
    0x00027c0c   0x00027c0c   0x00000028   Code   RO         6131    i.__0sprintf$8      mc_w.l(printf8.o)
    0x00027c34   0x00027c34   0x00000008   Code   RO         6203    i.__aeabi_errno_addr  mc_w.l(errno.o)
    0x00027c3c   0x00027c3c   0x0000000e   Code   RO         6265    i.__scatterload_copy  mc_w.l(handlers.o)
    0x00027c4a   0x00027c4a   0x00000002   Code   RO         6266    i.__scatterload_null  mc_w.l(handlers.o)
    0x00027c4c   0x00027c4c   0x0000000e   Code   RO         6267    i.__scatterload_zeroinit  mc_w.l(handlers.o)
    0x00027c5a   0x00027c5a   0x00000002   PAD
    0x00027c5c   0x00027c5c   0x00000024   Code   RO         5439    i.__sd_nvic_app_accessible_irq  nrf_sdh.o
    0x00027c80   0x00027c80   0x00000410   Code   RO         6136    i._printf_core      mc_w.l(printf8.o)
    0x00028090   0x00028090   0x00000024   Code   RO         6137    i._printf_post_padding  mc_w.l(printf8.o)
    0x000280b4   0x000280b4   0x0000002e   Code   RO         6138    i._printf_pre_padding  mc_w.l(printf8.o)
    0x000280e2   0x000280e2   0x0000000a   Code   RO         6140    i._sputc            mc_w.l(printf8.o)
    0x000280ec   0x000280ec   0x00000010   Code   RO         1914    i.adc_sample        ndevice_sadc.o
    0x000280fc   0x000280fc   0x0000000c   Code   RO         4792    i.addr_is_aligned32  nrf_fstorage.o
    0x00028108   0x00028108   0x00000018   Code   RO         4793    i.addr_is_within_bounds  nrf_fstorage.o
    0x00028120   0x00028120   0x0000001c   Code   RO          625    i.advertising_start  main.o
    0x0002813c   0x0002813c   0x00000018   Code   RO          626    i.advertising_stop  main.o
    0x00028154   0x00028154   0x00000078   Code   RO          627    i.app_error_fault_handler  main.o
    0x000281cc   0x000281cc   0x00000016   Code   RO         3913    i.app_error_handler_bare  app_error.o
    0x000281e2   0x000281e2   0x00000002   PAD
    0x000281e4   0x000281e4   0x00000028   Code   RO         4108    i.app_timer_create  app_timer.o
    0x0002820c   0x0002820c   0x00000054   Code   RO         4109    i.app_timer_init    app_timer.o
    0x00028260   0x00028260   0x00000084   Code   RO         4112    i.app_timer_start   app_timer.o
    0x000282e4   0x000282e4   0x00000020   Code   RO         4113    i.app_timer_stop    app_timer.o
    0x00028304   0x00028304   0x00000044   Code   RO         4267    i.app_util_critical_region_enter  app_util_platform.o
    0x00028348   0x00028348   0x00000034   Code   RO         4268    i.app_util_critical_region_exit  app_util_platform.o
    0x0002837c   0x0002837c   0x0000003c   Code   RO         1243    i.auto_baud_rate_play_voice  auto_baudrate.o
    0x000283b8   0x000283b8   0x0000018c   Code   RO         1244    i.auto_baud_rate_proc  auto_baudrate.o
    0x00028544   0x00028544   0x00000128   Code   RO         1245    i.auto_baud_rate_run  auto_baudrate.o
    0x0002866c   0x0002866c   0x00000028   Code   RO         1246    i.auto_baud_rate_switch_to_pos  auto_baudrate.o
    0x00028694   0x00028694   0x0000031c   Code   RO         1247    i.auto_baudrate_print  auto_baudrate.o
    0x000289b0   0x000289b0   0x00000118   Code   RO         2200    i.base64_decode     ndevice_util.o
    0x00028ac8   0x00028ac8   0x00000110   Code   RO         2201    i.base64_encode     ndevice_util.o
    0x00028bd8   0x00028bd8   0x00000040   Code   RO          629    i.begin             main.o
    0x00028c18   0x00028c18   0x00000048   Code   RO         2843    i.blcm_link_ctx_get  ble_link_ctx_manager.o
    0x00028c60   0x00028c60   0x00000196   Code   RO         2408    i.ble_advdata_encode  ble_advdata.o
    0x00028df6   0x00028df6   0x00000020   Code   RO         2410    i.ble_advdata_parse  ble_advdata.o
    0x00028e16   0x00028e16   0x00000038   Code   RO         2411    i.ble_advdata_search  ble_advdata.o
    0x00028e4e   0x00028e4e   0x00000006   Code   RO         2515    i.ble_advertising_conn_cfg_tag_set  ble_advertising.o
    0x00028e54   0x00028e54   0x0000010c   Code   RO         2516    i.ble_advertising_init  ble_advertising.o
    0x00028f60   0x00028f60   0x0000006a   Code   RO         2518    i.ble_advertising_on_ble_evt  ble_advertising.o
    0x00028fca   0x00028fca   0x00000002   Code   RO         2519    i.ble_advertising_on_sys_evt  ble_advertising.o
    0x00028fcc   0x00028fcc   0x00000240   Code   RO         2522    i.ble_advertising_start  ble_advertising.o
    0x0002920c   0x0002920c   0x00000080   Code   RO         2608    i.ble_conn_params_init  ble_conn_params.o
    0x0002928c   0x0002928c   0x00000012   Code   RO         2686    i.ble_conn_state_conn_idx  ble_conn_state.o
    0x0002929e   0x0002929e   0x00000002   PAD
    0x000292a0   0x000292a0   0x00000014   Code   RO         2699    i.ble_conn_state_valid  ble_conn_state.o
    0x000292b4   0x000292b4   0x00000060   Code   RO         2414    i.ble_device_addr_encode  ble_advdata.o
    0x00029314   0x00029314   0x0000012c   Code   RO          630    i.ble_evt_handler   main.o
    0x00029440   0x00029440   0x000000fc   Code   RO         2610    i.ble_evt_handler   ble_conn_params.o
    0x0002953c   0x0002953c   0x00000104   Code   RO         2700    i.ble_evt_handler   ble_conn_state.o
    0x00029640   0x00029640   0x000000a4   Code   RO         1567    i.ble_nd_init       ndevice_ble.o
    0x000296e4   0x000296e4   0x0000004e   Code   RO         1568    i.ble_nus_data_send  ndevice_ble.o
    0x00029732   0x00029732   0x00000072   Code   RO         1569    i.ble_nus_on_ble_evt  ndevice_ble.o
    0x000297a4   0x000297a4   0x00000008   Code   RO         2869    i.ble_srv_is_notification_enabled  ble_srv_common.o
    0x000297ac   0x000297ac   0x00000010   Code   RO            7    i.cb_tick_handler   func.o
    0x000297bc   0x000297bc   0x0000001c   Code   RO         3519    i.channel_free      nrfx_gpiote.o
    0x000297d8   0x000297d8   0x00000054   Code   RO         3520    i.channel_port_alloc  nrfx_gpiote.o
    0x0002982c   0x0002982c   0x00000010   Code   RO         3521    i.channel_port_get  nrfx_gpiote.o
    0x0002983c   0x0002983c   0x00000190   Code   RO         2871    i.characteristic_add  ble_srv_common.o
    0x000299cc   0x000299cc   0x00000120   Code   RO            8    i.checkRemainConnect  func.o
    0x00029aec   0x00029aec   0x0000001c   Code   RO          909    i.clearEncBusy      process_data.o
    0x00029b08   0x00029b08   0x00000048   Code   RO          910    i.clear_receipt     process_data.o
    0x00029b50   0x00029b50   0x00000028   Code   RO         3241    i.clock_clk_started_notify  nrf_drv_clock.o
    0x00029b78   0x00029b78   0x0000001c   Code   RO         3242    i.clock_irq_handler  nrf_drv_clock.o
    0x00029b94   0x00029b94   0x0000003c   Code   RO           11    i.clrTagReceived    func.o
    0x00029bd0   0x00029bd0   0x00000010   Code   RO           13    i.clr_SysEvent      func.o
    0x00029be0   0x00029be0   0x000000ac   Code   RO         4115    i.compare_reg_update  app_timer.o
    0x00029c8c   0x00029c8c   0x0000003e   Code   RO         2701    i.conn_handle_list_get  ble_conn_state.o
    0x00029cca   0x00029cca   0x0000008c   Code   RO         2415    i.conn_int_encode   ble_advdata.o
    0x00029d56   0x00029d56   0x00000004   Code   RO          632    i.conn_params_error_handler  main.o
    0x00029d5a   0x00029d5a   0x00000002   PAD
    0x00029d5c   0x00029d5c   0x00000048   Code   RO         2611    i.conn_params_negotiation  ble_conn_params.o
    0x00029da4   0x00029da4   0x0000007c   Code   RO           14    i.ctrlLEDState      func.o
    0x00029e20   0x00029e20   0x0000001e   Code   RO         2984    i.data_length_update  nrf_ble_gatt.o
    0x00029e3e   0x00029e3e   0x00000002   Code   RO           15    i.dummy_handler     func.o
    0x00029e40   0x00029e40   0x00000024   Code   RO         1628    i.eep_read_array    ndevice_eeprom.o
    0x00029e64   0x00029e64   0x00000030   Code   RO         1631    i.eep_write_array   ndevice_eeprom.o
    0x00029e94   0x00029e94   0x00000014   Code   RO         1633    i.eep_write_status  ndevice_eeprom.o
    0x00029ea8   0x00029ea8   0x00000040   Code   RO         4116    i.elapsed_ticks_acquire  app_timer.o
    0x00029ee8   0x00029ee8   0x0000004c   Code   RO         4878    i.erase             nrf_fstorage_sd.o
    0x00029f34   0x00029f34   0x00000054   Code   RO         4879    i.event_send        nrf_fstorage_sd.o
    0x00029f88   0x00029f88   0x00000028   Code   RO         2524    i.flags_set         ble_advertising.o
    0x00029fb0   0x00029fb0   0x00000002   Code   RO           16    i.fstorage_handler  func.o
    0x00029fb2   0x00029fb2   0x00000012   Code   RO           17    i.func_enter_bootloader  func.o
    0x00029fc4   0x00029fc4   0x0000001c   Code   RO           18    i.func_over_time    func.o
    0x00029fe0   0x00029fe0   0x00000020   Code   RO          633    i.gatt_evt_handler  main.o
    0x0002a000   0x0002a000   0x00000030   Code   RO          634    i.gatt_init         main.o
    0x0002a030   0x0002a030   0x00000058   Code   RO          911    i.gen_qode_packet   process_data.o
    0x0002a088   0x0002a088   0x0000000c   Code   RO           19    i.getReceiptFSM     func.o
    0x0002a094   0x0002a094   0x0000000c   Code   RO           20    i.get_tickcount     func.o
    0x0002a0a0   0x0002a0a0   0x0000006c   Code   RO           21    i.gpiote_init       func.o
    0x0002a10c   0x0002a10c   0x00000034   Code   RO         4880    i.init              nrf_fstorage_sd.o
    0x0002a140   0x0002a140   0x0000001c   Code   RO           22    i.init_fstorage     func.o
    0x0002a15c   0x0002a15c   0x00000368   Code   RO          912    i.init_parameter    process_data.o
    0x0002a4c4   0x0002a4c4   0x00000010   Code   RO         1334    i.init_play_sound   play_sound.o
    0x0002a4d4   0x0002a4d4   0x000000f8   Code   RO         1382    i.init_pos_parser   pos_parser.o
    0x0002a5cc   0x0002a5cc   0x0000005c   Code   RO          913    i.init_process      process_data.o
    0x0002a628   0x0002a628   0x00000074   Code   RO           23    i.init_stick_var    func.o
    0x0002a69c   0x0002a69c   0x00000028   Code   RO         2612    i.instance_get      ble_conn_params.o
    0x0002a6c4   0x0002a6c4   0x0000009c   Code   RO         5279    i.irq_handler       nrfx_pwm.o
    0x0002a760   0x0002a760   0x00000010   Code   RO         4881    i.is_busy           nrf_fstorage_sd.o
    0x0002a770   0x0002a770   0x00000014   Code   RO         1763    i.is_busy_nvmc      ndevice_nvmc.o
    0x0002a784   0x0002a784   0x00000044   Code   RO         2613    i.is_conn_params_ok  ble_conn_params.o
    0x0002a7c8   0x0002a7c8   0x00000018   Code   RO         2985    i.link_init         nrf_ble_gatt.o
    0x0002a7e0   0x0002a7e0   0x000000f8   Code   RO         4117    i.list_insertions_handler  app_timer.o
    0x0002a8d8   0x0002a8d8   0x000000b0   Code   RO          914    i.load_qr_code      process_data.o
    0x0002a988   0x0002a988   0x000002b8   Code   RO          635    i.main              main.o
    0x0002ac40   0x0002ac40   0x00000064   Code   RO         2416    i.manuf_specific_data_encode  ble_advdata.o
    0x0002aca4   0x0002aca4   0x000000a6   Code   RO         2417    i.name_encode       ble_advdata.o
    0x0002ad4a   0x0002ad4a   0x00000002   PAD
    0x0002ad4c   0x0002ad4c   0x00000034   Code   RO          636    i.nd_disconnect     main.o
    0x0002ad80   0x0002ad80   0x00000020   Code   RO           24    i.nd_erase_flash    func.o
    0x0002ada0   0x0002ada0   0x00000020   Code   RO           25    i.nd_erase_flash_opt  func.o
    0x0002adc0   0x0002adc0   0x000000c6   Code   RO         1685    i.nd_gpio_init      ndevice_gpio.o
    0x0002ae86   0x0002ae86   0x00000002   PAD
    0x0002ae88   0x0002ae88   0x00000014   Code   RO         1764    i.nd_nvmc_cfg       ndevice_nvmc.o
    0x0002ae9c   0x0002ae9c   0x00000018   Code   RO         1766    i.nd_nvmc_read      ndevice_nvmc.o
    0x0002aeb4   0x0002aeb4   0x00000094   Code   RO         1989    i.nd_spi_init       ndevice_spi.o
    0x0002af48   0x0002af48   0x0000001c   Code   RO         1990    i.nd_spim_clear_events  ndevice_spi.o
    0x0002af64   0x0002af64   0x00000024   Code   RO           26    i.nd_write_flash    func.o
    0x0002af88   0x0002af88   0x000000c0   Code   RO          915    i.new_print_receipt  process_data.o
    0x0002b048   0x0002b048   0x00000010   Code   RO         4400    i.nrf_atfifo_clear  nrf_atfifo.o
    0x0002b058   0x0002b058   0x00000026   Code   RO         4402    i.nrf_atfifo_init   nrf_atfifo.o
    0x0002b07e   0x0002b07e   0x00000016   Code   RO         4403    i.nrf_atfifo_item_alloc  nrf_atfifo.o
    0x0002b094   0x0002b094   0x00000016   Code   RO         4404    i.nrf_atfifo_item_free  nrf_atfifo.o
    0x0002b0aa   0x0002b0aa   0x00000016   Code   RO         4405    i.nrf_atfifo_item_get  nrf_atfifo.o
    0x0002b0c0   0x0002b0c0   0x00000016   Code   RO         4406    i.nrf_atfifo_item_put  nrf_atfifo.o
    0x0002b0d6   0x0002b0d6   0x00000016   Code   RO         4471    i.nrf_atflags_clear  nrf_atflags.o
    0x0002b0ec   0x0002b0ec   0x00000016   Code   RO         4476    i.nrf_atflags_get   nrf_atflags.o
    0x0002b102   0x0002b102   0x00000014   Code   RO         4478    i.nrf_atflags_set   nrf_atflags.o
    0x0002b116   0x0002b116   0x00000006   Code   RO         4541    i.nrf_atomic_flag_set_fetch  nrf_atomic.o
    0x0002b11c   0x0002b11c   0x0000000c   Code   RO         4543    i.nrf_atomic_u32_and  nrf_atomic.o
    0x0002b128   0x0002b128   0x0000000a   Code   RO         4547    i.nrf_atomic_u32_fetch_or  nrf_atomic.o
    0x0002b132   0x0002b132   0x0000000c   Code   RO         4552    i.nrf_atomic_u32_or  nrf_atomic.o
    0x0002b13e   0x0002b13e   0x00000010   Code   RO         3522    i.nrf_bitmask_bit_is_set  nrfx_gpiote.o
    0x0002b14e   0x0002b14e   0x00000014   Code   RO         3523    i.nrf_bitmask_bit_set  nrfx_gpiote.o
    0x0002b162   0x0002b162   0x00000018   Code   RO         2987    i.nrf_ble_gatt_att_mtu_periph_set  nrf_ble_gatt.o
    0x0002b17a   0x0002b17a   0x0000002a   Code   RO         2991    i.nrf_ble_gatt_init  nrf_ble_gatt.o
    0x0002b1a4   0x0002b1a4   0x00000174   Code   RO         2992    i.nrf_ble_gatt_on_ble_evt  nrf_ble_gatt.o
    0x0002b318   0x0002b318   0x00000016   Code   RO         3074    i.nrf_ble_qwr_conn_handle_assign  nrf_ble_qwr.o
    0x0002b32e   0x0002b32e   0x00000024   Code   RO         3075    i.nrf_ble_qwr_init  nrf_ble_qwr.o
    0x0002b352   0x0002b352   0x000000b6   Code   RO         3076    i.nrf_ble_qwr_on_ble_evt  nrf_ble_qwr.o
    0x0002b408   0x0002b408   0x0000000e   Code   RO         3388    i.nrf_clock_event_check  nrfx_clock.o
    0x0002b416   0x0002b416   0x00000010   Code   RO         3389    i.nrf_clock_event_clear  nrfx_clock.o
    0x0002b426   0x0002b426   0x00000002   PAD
    0x0002b428   0x0002b428   0x0000001c   Code   RO           27    i.nrf_delay_ms      func.o
    0x0002b444   0x0002b444   0x00000016   Code   RO         1170    i.nrf_delay_ms      shoponair.o
    0x0002b45a   0x0002b45a   0x00000002   PAD
    0x0002b45c   0x0002b45c   0x0000001c   Code   RO         1248    i.nrf_delay_ms      auto_baudrate.o
    0x0002b478   0x0002b478   0x00000016   Code   RO         1991    i.nrf_delay_ms      ndevice_spi.o
    0x0002b48e   0x0002b48e   0x00000002   PAD
    0x0002b490   0x0002b490   0x00000038   Code   RO         3249    i.nrf_drv_clock_init  nrf_drv_clock.o
    0x0002b4c8   0x0002b4c8   0x00000030   Code   RO         3253    i.nrf_drv_clock_lfclk_release  nrf_drv_clock.o
    0x0002b4f8   0x0002b4f8   0x0000004e   Code   RO         4794    i.nrf_fstorage_erase  nrf_fstorage.o
    0x0002b546   0x0002b546   0x00000010   Code   RO         4795    i.nrf_fstorage_init  nrf_fstorage.o
    0x0002b556   0x0002b556   0x00000002   PAD
    0x0002b558   0x0002b558   0x00000018   Code   RO         4882    i.nrf_fstorage_sdh_req_handler  nrf_fstorage_sd.o
    0x0002b570   0x0002b570   0x00000020   Code   RO         4883    i.nrf_fstorage_sdh_state_handler  nrf_fstorage_sd.o
    0x0002b590   0x0002b590   0x000000a4   Code   RO         4884    i.nrf_fstorage_sys_evt_handler  nrf_fstorage_sd.o
    0x0002b634   0x0002b634   0x00000066   Code   RO         4801    i.nrf_fstorage_write  nrf_fstorage.o
    0x0002b69a   0x0002b69a   0x00000024   Code   RO         1686    i.nrf_gpio_cfg      ndevice_gpio.o
    0x0002b6be   0x0002b6be   0x00000024   Code   RO         2115    i.nrf_gpio_cfg      ndevice_uart.o
    0x0002b6e2   0x0002b6e2   0x00000024   Code   RO         3524    i.nrf_gpio_cfg      nrfx_gpiote.o
    0x0002b706   0x0002b706   0x00000012   Code   RO         1687    i.nrf_gpio_cfg_input  ndevice_gpio.o
    0x0002b718   0x0002b718   0x00000014   Code   RO         1688    i.nrf_gpio_cfg_output  ndevice_gpio.o
    0x0002b72c   0x0002b72c   0x00000022   Code   RO         3526    i.nrf_gpio_cfg_sense_set  nrfx_gpiote.o
    0x0002b74e   0x0002b74e   0x0000000e   Code   RO           28    i.nrf_gpio_pin_clear  func.o
    0x0002b75c   0x0002b75c   0x0000000e   Code   RO         1171    i.nrf_gpio_pin_clear  shoponair.o
    0x0002b76a   0x0002b76a   0x0000000e   Code   RO         1689    i.nrf_gpio_pin_clear  ndevice_gpio.o
    0x0002b778   0x0002b778   0x00000010   Code   RO         1249    i.nrf_gpio_pin_read  auto_baudrate.o
    0x0002b788   0x0002b788   0x0000000e   Code   RO           29    i.nrf_gpio_pin_set  func.o
    0x0002b796   0x0002b796   0x0000000e   Code   RO          916    i.nrf_gpio_pin_set  process_data.o
    0x0002b7a4   0x0002b7a4   0x0000000e   Code   RO         1172    i.nrf_gpio_pin_set  shoponair.o
    0x0002b7b2   0x0002b7b2   0x0000000e   Code   RO         1250    i.nrf_gpio_pin_set  auto_baudrate.o
    0x0002b7c0   0x0002b7c0   0x0000000e   Code   RO         1690    i.nrf_gpio_pin_set  ndevice_gpio.o
    0x0002b7ce   0x0002b7ce   0x0000000e   Code   RO         1992    i.nrf_gpio_pin_set  ndevice_spi.o
    0x0002b7dc   0x0002b7dc   0x0000001c   Code   RO           30    i.nrf_gpio_pin_toggle  func.o
    0x0002b7f8   0x0002b7f8   0x00000024   Code   RO         3527    i.nrf_gpio_ports_read  nrfx_gpiote.o
    0x0002b81c   0x0002b81c   0x00000014   Code   RO         3528    i.nrf_gpiote_event_clear  nrfx_gpiote.o
    0x0002b830   0x0002b830   0x00000010   Code   RO         3529    i.nrf_gpiote_event_is_set  nrfx_gpiote.o
    0x0002b840   0x0002b840   0x0000000a   Code   RO         5280    i.nrf_pwm_event_check  nrfx_pwm.o
    0x0002b84a   0x0002b84a   0x0000000c   Code   RO         5281    i.nrf_pwm_event_clear  nrfx_pwm.o
    0x0002b856   0x0002b856   0x00000002   PAD
    0x0002b858   0x0002b858   0x00000028   Code   RO         5072    i.nrf_pwr_mgmt_init  nrf_pwr_mgmt.o
    0x0002b880   0x0002b880   0x00000004   Code   RO          637    i.nrf_qwr_error_handler  main.o
    0x0002b884   0x0002b884   0x00000014   Code   RO         5553    i.nrf_sdh_ble_app_ram_start_get  nrf_sdh_ble.o
    0x0002b898   0x0002b898   0x0000009e   Code   RO         5554    i.nrf_sdh_ble_default_cfg_set  nrf_sdh_ble.o
    0x0002b936   0x0002b936   0x00000002   PAD
    0x0002b938   0x0002b938   0x00000014   Code   RO         5555    i.nrf_sdh_ble_enable  nrf_sdh_ble.o
    0x0002b94c   0x0002b94c   0x00000060   Code   RO         5556    i.nrf_sdh_ble_evts_poll  nrf_sdh_ble.o
    0x0002b9ac   0x0002b9ac   0x00000054   Code   RO         5440    i.nrf_sdh_disable_request  nrf_sdh.o
    0x0002ba00   0x0002ba00   0x00000074   Code   RO         5441    i.nrf_sdh_enable_request  nrf_sdh.o
    0x0002ba74   0x0002ba74   0x00000024   Code   RO         5442    i.nrf_sdh_evts_poll  nrf_sdh.o
    0x0002ba98   0x0002ba98   0x0000000c   Code   RO         5443    i.nrf_sdh_is_enabled  nrf_sdh.o
    0x0002baa4   0x0002baa4   0x0000001c   Code   RO         5445    i.nrf_sdh_request_continue  nrf_sdh.o
    0x0002bac0   0x0002bac0   0x0000003c   Code   RO         5604    i.nrf_sdh_soc_evts_poll  nrf_sdh_soc.o
    0x0002bafc   0x0002bafc   0x0000000a   Code   RO         5207    i.nrf_section_iter_init  nrf_section_iter.o
    0x0002bb06   0x0002bb06   0x00000024   Code   RO         5208    i.nrf_section_iter_item_set  nrf_section_iter.o
    0x0002bb2a   0x0002bb2a   0x00000020   Code   RO         5209    i.nrf_section_iter_next  nrf_section_iter.o
    0x0002bb4a   0x0002bb4a   0x00000002   PAD
    0x0002bb4c   0x0002bb4c   0x0000002c   Code   RO         3394    i.nrfx_clock_enable  nrfx_clock.o
    0x0002bb78   0x0002bb78   0x00000020   Code   RO         3397    i.nrfx_clock_init   nrfx_clock.o
    0x0002bb98   0x0002bb98   0x0000001c   Code   RO         3400    i.nrfx_clock_lfclk_stop  nrfx_clock.o
    0x0002bbb4   0x0002bbb4   0x00000010   Code   RO         1173    i.nrfx_coredep_delay_us  shoponair.o
    0x0002bbc4   0x0002bbc4   0x00000010   Code   RO         1993    i.nrfx_coredep_delay_us  ndevice_spi.o
    0x0002bbd4   0x0002bbd4   0x00000010   Code   RO         4118    i.nrfx_coredep_delay_us  app_timer.o
    0x0002bbe4   0x0002bbe4   0x000000a4   Code   RO         3534    i.nrfx_gpiote_in_event_enable  nrfx_gpiote.o
    0x0002bc88   0x0002bc88   0x000000d0   Code   RO         3535    i.nrfx_gpiote_in_init  nrfx_gpiote.o
    0x0002bd58   0x0002bd58   0x0000006c   Code   RO         3538    i.nrfx_gpiote_init  nrfx_gpiote.o
    0x0002bdc4   0x0002bdc4   0x00000014   Code   RO         3539    i.nrfx_gpiote_is_init  nrfx_gpiote.o
    0x0002bdd8   0x0002bdd8   0x00000044   Code   RO         3778    i.nrfx_wdt_channel_alloc  nrfx_wdt.o
    0x0002be1c   0x0002be1c   0x0000001c   Code   RO         3780    i.nrfx_wdt_enable   nrfx_wdt.o
    0x0002be38   0x0002be38   0x00000050   Code   RO         3782    i.nrfx_wdt_init     nrfx_wdt.o
    0x0002be88   0x0002be88   0x0000001c   Code   RO          638    i.nus_data_handler  main.o
    0x0002bea4   0x0002bea4   0x00000014   Code   RO          639    i.on_adv_evt        main.o
    0x0002beb8   0x0002beb8   0x00000028   Code   RO          640    i.on_conn_params_evt  main.o
    0x0002bee0   0x0002bee0   0x0000006a   Code   RO         1570    i.on_connect        ndevice_ble.o
    0x0002bf4a   0x0002bf4a   0x00000002   PAD
    0x0002bf4c   0x0002bf4c   0x0000009c   Code   RO         1571    i.on_write          ndevice_ble.o
    0x0002bfe8   0x0002bfe8   0x0000042c   Code   RO          917    i.parser_data       process_data.o
    0x0002c414   0x0002c414   0x00000012   Code   RO         2525    i.phy_is_valid      ble_advertising.o
    0x0002c426   0x0002c426   0x00000002   PAD
    0x0002c428   0x0002c428   0x00000018   Code   RO         3555    i.pin_in_use_by_port  nrfx_gpiote.o
    0x0002c440   0x0002c440   0x00000018   Code   RO         3556    i.pin_in_use_by_te  nrfx_gpiote.o
    0x0002c458   0x0002c458   0x00000058   Code   RO         1335    i.play_sound        play_sound.o
    0x0002c4b0   0x0002c4b0   0x00000028   Code   RO           31    i.play_sound_mode   func.o
    0x0002c4d8   0x0002c4d8   0x00000020   Code   RO         1336    i.play_sound_push   play_sound.o
    0x0002c4f8   0x0002c4f8   0x000002c8   Code   RO         1337    i.play_sound_set_total_value  play_sound.o
    0x0002c7c0   0x0002c7c0   0x00000298   Code   RO          918    i.pos_cnt_uart_parser  process_data.o
    0x0002ca58   0x0002ca58   0x0000000c   Code   RO         1383    i.pos_data_is_card  pos_parser.o
    0x0002ca64   0x0002ca64   0x00000034   Code   RO         1384    i.pos_parser_approval_number  pos_parser.o
    0x0002ca98   0x0002ca98   0x00000008   Code   RO         1385    i.pos_parser_get_CPK  pos_parser.o
    0x0002caa0   0x0002caa0   0x00000008   Code   RO         1386    i.pos_parser_get_TPK  pos_parser.o
    0x0002caa8   0x0002caa8   0x0000000c   Code   RO         1387    i.pos_parser_get_keyword_info  pos_parser.o
    0x0002cab4   0x0002cab4   0x0000000c   Code   RO         1388    i.pos_parser_get_payment  pos_parser.o
    0x0002cac0   0x0002cac0   0x00000090   Code   RO         1389    i.pos_parser_init_cpk  pos_parser.o
    0x0002cb50   0x0002cb50   0x00000014   Code   RO         1390    i.pos_parser_init_tpk  pos_parser.o
    0x0002cb64   0x0002cb64   0x000000e4   Code   RO         1391    i.pos_parser_load_cpk_tpk  pos_parser.o
    0x0002cc48   0x0002cc48   0x000000b0   Code   RO         1392    i.pos_parser_payment  pos_parser.o
    0x0002ccf8   0x0002ccf8   0x00000078   Code   RO         1393    i.pos_parser_push   pos_parser.o
    0x0002cd70   0x0002cd70   0x0000002c   Code   RO         1394    i.pos_parser_reset  pos_parser.o
    0x0002cd9c   0x0002cd9c   0x00000168   Code   RO         1395    i.pos_parser_set_CPK  pos_parser.o
    0x0002cf04   0x0002cf04   0x00000078   Code   RO         1396    i.pos_parser_set_TPK  pos_parser.o
    0x0002cf7c   0x0002cf7c   0x0000000c   Code   RO         1397    i.pos_parser_set_sysinfo  pos_parser.o
    0x0002cf88   0x0002cf88   0x00000074   Code   RO         1398    i.pos_parser_strstr  pos_parser.o
    0x0002cffc   0x0002cffc   0x000000c4   Code   RO         1399    i.pos_parser_total_pay  pos_parser.o
    0x0002d0c0   0x0002d0c0   0x000000c0   Code   RO          919    i.print_compiled_date  process_data.o
    0x0002d180   0x0002d180   0x00000018   Code   RO          920    i.print_left_align  process_data.o
    0x0002d198   0x0002d198   0x00000200   Code   RO          922    i.print_system_prameter  process_data.o
    0x0002d398   0x0002d398   0x0000000c   Code   RO          923    i.process_is_there_packet  process_data.o
    0x0002d3a4   0x0002d3a4   0x0000001e   Code   RO          924    i.process_over_time  process_data.o
    0x0002d3c2   0x0002d3c2   0x00000002   PAD
    0x0002d3c4   0x0002d3c4   0x00000028   Code   RO          925    i.process_wait_complete_packet  process_data.o
    0x0002d3ec   0x0002d3ec   0x00000002   Code   RO          926    i.qr_read_handler   process_data.o
    0x0002d3ee   0x0002d3ee   0x00000002   Code   RO         1251    i.qr_read_handler   auto_baudrate.o
    0x0002d3f0   0x0002d3f0   0x00000014   Code   RO         4885    i.queue_free        nrf_fstorage_sd.o
    0x0002d404   0x0002d404   0x000000a4   Code   RO         4886    i.queue_process     nrf_fstorage_sd.o
    0x0002d4a8   0x0002d4a8   0x00000024   Code   RO         4887    i.queue_start       nrf_fstorage_sd.o
    0x0002d4cc   0x0002d4cc   0x0000000e   Code   RO         4888    i.read              nrf_fstorage_sd.o
    0x0002d4da   0x0002d4da   0x00000002   PAD
    0x0002d4dc   0x0002d4dc   0x00000058   Code   RO           32    i.receiptFSM        func.o
    0x0002d534   0x0002d534   0x00000002   Code   RO          927    i.receipt_handler   process_data.o
    0x0002d536   0x0002d536   0x00000002   PAD
    0x0002d538   0x0002d538   0x00000014   Code   RO           33    i.resetOPTWriteTimer  func.o
    0x0002d54c   0x0002d54c   0x00000018   Code   RO           35    i.resetRemainConnect  func.o
    0x0002d564   0x0002d564   0x00000004   Code   RO         4889    i.rmap              nrf_fstorage_sd.o
    0x0002d568   0x0002d568   0x0000003c   Code   RO         4119    i.rtc1_stop         app_timer.o
    0x0002d5a4   0x0002d5a4   0x00000050   Code   RO         3256    i.sd_state_evt_handler  nrf_drv_clock.o
    0x0002d5f4   0x0002d5f4   0x00000030   Code   RO         5448    i.sdh_request_observer_notify  nrf_sdh.o
    0x0002d624   0x0002d624   0x00000028   Code   RO         5449    i.sdh_state_observer_notify  nrf_sdh.o
    0x0002d64c   0x0002d64c   0x0000005c   Code   RO          928    i.sendCAT2Succeed   process_data.o
    0x0002d6a8   0x0002d6a8   0x0000001c   Code   RO          929    i.send_DIS          process_data.o
    0x0002d6c4   0x0002d6c4   0x0000001c   Code   RO          930    i.send_FUM          process_data.o
    0x0002d6e0   0x0002d6e0   0x0000001c   Code   RO          931    i.send_PRF          process_data.o
    0x0002d6fc   0x0002d6fc   0x0000001c   Code   RO          932    i.send_PRS          process_data.o
    0x0002d718   0x0002d718   0x00000020   Code   RO          933    i.send_endQR        process_data.o
    0x0002d738   0x0002d738   0x00000010   Code   RO         2614    i.send_error_evt    ble_conn_params.o
    0x0002d748   0x0002d748   0x000000b4   Code   RO          934    i.send_modeSum      process_data.o
    0x0002d7fc   0x0002d7fc   0x000001a4   Code   RO          935    i.send_queuedQRData  process_data.o
    0x0002d9a0   0x0002d9a0   0x00000180   Code   RO          936    i.send_receiptData  process_data.o
    0x0002db20   0x0002db20   0x00000044   Code   RO          937    i.send_responseToBLE  process_data.o
    0x0002db64   0x0002db64   0x00000024   Code   RO          938    i.send_responseToBLEinEvent  process_data.o
    0x0002db88   0x0002db88   0x00000082   Code   RO         2418    i.service_data_encode  ble_advdata.o
    0x0002dc0a   0x0002dc0a   0x00000002   PAD
    0x0002dc0c   0x0002dc0c   0x00000020   Code   RO          939    i.setBase64Buffer   process_data.o
    0x0002dc2c   0x0002dc2c   0x0000006c   Code   RO           36    i.setCAT2Data       func.o
    0x0002dc98   0x0002dc98   0x00000038   Code   RO           38    i.setQRData         func.o
    0x0002dcd0   0x0002dcd0   0x0000003c   Code   RO           39    i.setReverseData    func.o
    0x0002dd0c   0x0002dd0c   0x00000014   Code   RO           40    i.setSoundTotal     func.o
    0x0002dd20   0x0002dd20   0x00000030   Code   RO           41    i.setTimeoutStart   func.o
    0x0002dd50   0x0002dd50   0x00000028   Code   RO           42    i.setVolume         func.o
    0x0002dd78   0x0002dd78   0x00000010   Code   RO           43    i.set_SysEvent      func.o
    0x0002dd88   0x0002dd88   0x0000000c   Code   RO           44    i.set_advertising_active  func.o
    0x0002dd94   0x0002dd94   0x0000000c   Code   RO          940    i.set_nus_ptr       process_data.o
    0x0002dda0   0x0002dda0   0x0000003c   Code   RO           45    i.set_print_baud_rate  func.o
    0x0002dddc   0x0002dddc   0x0000003c   Code   RO           46    i.set_print_mode    func.o
    0x0002de18   0x0002de18   0x00000030   Code   RO         2873    i.set_security_req  ble_srv_common.o
    0x0002de48   0x0002de48   0x00000038   Code   RO           47    i.sf_gpiote_handler  func.o
    0x0002de80   0x0002de80   0x00000018   Code   RO         3257    i.soc_evt_handler   nrf_drv_clock.o
    0x0002de98   0x0002de98   0x00000040   Code   RO         5450    i.softdevice_evt_irq_disable  nrf_sdh.o
    0x0002ded8   0x0002ded8   0x00000060   Code   RO         5451    i.softdevices_evt_irq_enable  nrf_sdh.o
    0x0002df38   0x0002df38   0x00000058   Code   RO         1994    i.spim_repeateddata  ndevice_spi.o
    0x0002df90   0x0002df90   0x00000048   Code   RO         1995    i.spim_senddata     ndevice_spi.o
    0x0002dfd8   0x0002dfd8   0x000009a0   Code   RO           49    i.stick_fsm         func.o
    0x0002e978   0x0002e978   0x00000004   Code   RO          642    i.timer_handler     main.o
    0x0002e97c   0x0002e97c   0x00000070   Code   RO         4120    i.timer_list_handler  app_timer.o
    0x0002e9ec   0x0002e9ec   0x0000003c   Code   RO         4121    i.timer_list_insert  app_timer.o
    0x0002ea28   0x0002ea28   0x00000060   Code   RO         4122    i.timer_list_remove  app_timer.o
    0x0002ea88   0x0002ea88   0x00000044   Code   RO         4123    i.timer_stop_op_schedule  app_timer.o
    0x0002eacc   0x0002eacc   0x00000078   Code   RO         4124    i.timer_timeouts_check  app_timer.o
    0x0002eb44   0x0002eb44   0x0000006c   Code   RO           51    i.twisRX            func.o
    0x0002ebb0   0x0002ebb0   0x00000030   Code   RO         2118    i.uart_get_RXD      ndevice_uart.o
    0x0002ebe0   0x0002ebe0   0x00000080   Code   RO         2119    i.uart_init         ndevice_uart.o
    0x0002ec60   0x0002ec60   0x00000024   Code   RO         2120    i.uart_put          ndevice_uart.o
    0x0002ec84   0x0002ec84   0x00000018   Code   RO         2121    i.uart_putstring    ndevice_uart.o
    0x0002ec9c   0x0002ec9c   0x00000054   Code   RO         2122    i.uart_setBaudrate  ndevice_uart.o
    0x0002ecf0   0x0002ecf0   0x0000000a   Code   RO         2419    i.uint16_encode     ble_advdata.o
    0x0002ecfa   0x0002ecfa   0x00000002   PAD
    0x0002ecfc   0x0002ecfc   0x00000020   Code   RO         4890    i.uninit            nrf_fstorage_sd.o
    0x0002ed1c   0x0002ed1c   0x0000006c   Code   RO         2615    i.update_timeout_handler  ble_conn_params.o
    0x0002ed88   0x0002ed88   0x00000018   Code   RO         2526    i.use_whitelist     ble_advertising.o
    0x0002eda0   0x0002eda0   0x00000024   Code   RO         3077    i.user_mem_reply    nrf_ble_qwr.o
    0x0002edc4   0x0002edc4   0x00000030   Code   RO         4125    i.user_op_alloc     app_timer.o
    0x0002edf4   0x0002edf4   0x00000030   Code   RO         2420    i.uuid_list_encode  ble_advdata.o
    0x0002ee24   0x0002ee24   0x000000a0   Code   RO         2421    i.uuid_list_sized_encode  ble_advdata.o
    0x0002eec4   0x0002eec4   0x00000002   Code   RO          644    i.wdt_event_handler  main.o
    0x0002eec6   0x0002eec6   0x00000004   Code   RO         4891    i.wmap              nrf_fstorage_sd.o
    0x0002eeca   0x0002eeca   0x00000002   PAD
    0x0002eecc   0x0002eecc   0x00000050   Code   RO         4892    i.write             nrf_fstorage_sd.o
    0x0002ef1c   0x0002ef1c   0x0000011c   Code   RO           54    i.writeReverseToSRAM  func.o
    0x0002f038   0x0002f038   0x00000008   PAD
    0x0002f040   0x0002f040   0x00000016   Data   RO           56    .constdata          func.o
    0x0002f056   0x0002f056   0x00000002   PAD
    0x0002f058   0x0002f058   0x0000001c   Data   RO          648    .constdata          main.o
    0x0002f074   0x0002f074   0x00000036   Data   RO          942    .constdata          process_data.o
    0x0002f0aa   0x0002f0aa   0x00000006   PAD
    0x0002f0b0   0x0002f0b0   0x00000006   Data   RO         1176    .constdata          shoponair.o
    0x0002f0b6   0x0002f0b6   0x0000000a   PAD
    0x0002f0c0   0x0002f0c0   0x00000006   Data   RO         1253    .constdata          auto_baudrate.o
    0x0002f0c6   0x0002f0c6   0x00000009   Data   RO         1401    .constdata          pos_parser.o
    0x0002f0cf   0x0002f0cf   0x00000005   Data   RO         1402    .constdata          pos_parser.o
    0x0002f0d4   0x0002f0d4   0x00000009   Data   RO         1403    .constdata          pos_parser.o
    0x0002f0dd   0x0002f0dd   0x00000024   Data   RO         1404    .constdata          pos_parser.o
    0x0002f101   0x0002f101   0x00000003   PAD
    0x0002f104   0x0002f104   0x00000020   Data   RO         1572    .constdata          ndevice_ble.o
    0x0002f124   0x0002f124   0x0000000c   PAD
    0x0002f130   0x0002f130   0x00000006   Data   RO         1996    .constdata          ndevice_spi.o
    0x0002f136   0x0002f136   0x000000c0   Data   RO         2207    .constdata          ndevice_util.o
    0x0002f1f6   0x0002f1f6   0x00000002   PAD
    0x0002f1f8   0x0002f1f8   0x00000016   Data   RO         2993    .constdata          nrf_ble_gatt.o
    0x0002f20e   0x0002f20e   0x00000002   PAD
    0x0002f210   0x0002f210   0x00000004   Data   RO         3558    .constdata          nrfx_gpiote.o
    0x0002f214   0x0002f214   0x0000000c   PAD
    0x0002f220   0x0002f220   0x00000006   Data   RO         4127    .constdata          app_timer.o
    0x0002f226   0x0002f226   0x00000002   PAD
    0x0002f228   0x0002f228   0x00000010   Data   RO         4895    .constdata          nrf_fstorage_sd.o
    0x0002f238   0x0002f238   0x00000020   Data   RO         4896    .constdata          nrf_fstorage_sd.o
    0x0002f258   0x0002f258   0x00000018   Data   RO         5077    .constdata          nrf_pwr_mgmt.o
    0x0002f270   0x0002f270   0x0000000c   Data   RO         5078    .constdata          nrf_pwr_mgmt.o
    0x0002f27c   0x0002f27c   0x00000010   Data   RO         5452    .constdata          nrf_sdh.o
    0x0002f28c   0x0002f28c   0x00000028   Data   RO         5453    .constdata          nrf_sdh.o
    0x0002f2b4   0x0002f2b4   0x00000010   Data   RO         5454    .constdata          nrf_sdh.o
    0x0002f2c4   0x0002f2c4   0x00000010   Data   RO         5455    .constdata          nrf_sdh.o
    0x0002f2d4   0x0002f2d4   0x00000020   Data   RO         5557    .constdata          nrf_sdh_ble.o
    0x0002f2f4   0x0002f2f4   0x00000010   Data   RO         5558    .constdata          nrf_sdh_ble.o
    0x0002f304   0x0002f304   0x00000010   Data   RO         5605    .constdata          nrf_sdh_soc.o
    0x0002f314   0x0002f314   0x0000000c   Data   RO         5606    .constdata          nrf_sdh_soc.o
    0x0002f320   0x0002f320   0x00000010   Data   RO         5857    .constdata          segger_rtt_printf.o
    0x0002f330   0x0002f330   0x00000081   Data   RO         6230    .constdata          mc_w.l(ctype_o.o)
    0x0002f3b1   0x0002f3b1   0x00000003   PAD
    0x0002f3b4   0x0002f3b4   0x00000004   Data   RO         6231    .constdata          mc_w.l(ctype_o.o)
    0x0002f3b8   0x0002f3b8   0x000000c9   Data   RO         1405    .conststring        pos_parser.o
    0x0002f481   0x0002f481   0x00000003   PAD
    0x0002f484   0x0002f484   0x00000020   Data   RO         6263    Region$$Table       anon$$obj.o
    0x0002f4a4   0x0002f4a4   0x00000008   Data   RO         2705    sdh_ble_observers0  ble_conn_state.o
    0x0002f4ac   0x0002f4ac   0x00000010   Data   RO          652    sdh_ble_observers1  main.o
    0x0002f4bc   0x0002f4bc   0x00000008   Data   RO         2618    sdh_ble_observers1  ble_conn_params.o
    0x0002f4c4   0x0002f4c4   0x00000010   Data   RO          653    sdh_ble_observers2  main.o
    0x0002f4d4   0x0002f4d4   0x00000008   Data   RO          654    sdh_ble_observers3  main.o
    0x0002f4dc   0x0002f4dc   0x00000008   Data   RO         4898    sdh_req_observers0  nrf_fstorage_sd.o
    0x0002f4e4   0x0002f4e4   0x00000008   Data   RO         3263    sdh_soc_observers0  nrf_drv_clock.o
    0x0002f4ec   0x0002f4ec   0x00000008   Data   RO         4899    sdh_soc_observers0  nrf_fstorage_sd.o
    0x0002f4f4   0x0002f4f4   0x00000008   Data   RO          655    sdh_soc_observers1  main.o
    0x0002f4fc   0x0002f4fc   0x00000008   Data   RO         5560    sdh_stack_observers0  nrf_sdh_ble.o
    0x0002f504   0x0002f504   0x00000008   Data   RO         5607    sdh_stack_observers0  nrf_sdh_soc.o
    0x0002f50c   0x0002f50c   0x00000008   Data   RO         3264    sdh_state_observers0  nrf_drv_clock.o
    0x0002f514   0x0002f514   0x00000008   Data   RO         4900    sdh_state_observers0  nrf_fstorage_sd.o


    Execution Region RW_IRAM1 (Exec base: 0x20002aa8, Load base: 0x0002f51c, Size: 0x00003fa8, Max: 0x0000d557, ABSOLUTE, COMPRESSED[0x000000c0])

    Exec Addr    Load Addr    Size         Type   Attr      Idx    E Section Name        Object

    0x20002aa8   COMPRESSED   0x00000032   Data   RW           57    .data               func.o
    0x20002ada   COMPRESSED   0x00000002   PAD
    0x20002adc   COMPRESSED   0x00000008   Data   RW          649    .data               main.o
    0x20002ae4   COMPRESSED   0x0000003c   Data   RW          650    .data               main.o
    0x20002b20   COMPRESSED   0x00000004   Data   RW          651    .data               main.o
    0x20002b24   COMPRESSED   0x0000001c   Data   RW          943    .data               process_data.o
    0x20002b40   COMPRESSED   0x00000001   Data   RW         1254    .data               auto_baudrate.o
    0x20002b41   COMPRESSED   0x00000003   Data   RW         1339    .data               play_sound.o
    0x20002b44   COMPRESSED   0x00000070   Data   RW         1406    .data               pos_parser.o
    0x20002bb4   COMPRESSED   0x00000004   Data   RW         1528    .data               system_nrf52.o
    0x20002bb8   COMPRESSED   0x00000001   Data   RW         1573    .data               ndevice_ble.o
    0x20002bb9   COMPRESSED   0x00000003   PAD
    0x20002bbc   COMPRESSED   0x00000018   Data   RW         1919    .data               ndevice_sadc.o
    0x20002bd4   COMPRESSED   0x00000018   Data   RW         1997    .data               ndevice_spi.o
    0x20002bec   COMPRESSED   0x00000014   Data   RW         2124    .data               ndevice_uart.o
    0x20002c00   COMPRESSED   0x00000008   Data   RW         2617    .data               ble_conn_params.o
    0x20002c08   COMPRESSED   0x00000008   Data   RW         3404    .data               nrfx_clock.o
    0x20002c10   COMPRESSED   0x00000008   Data   RW         3785    .data               nrfx_wdt.o
    0x20002c18   COMPRESSED   0x00000014   Data   RW         4128    .data               app_timer.o
    0x20002c2c   COMPRESSED   0x00000008   Data   RW         4897    .data               nrf_fstorage_sd.o
    0x20002c34   COMPRESSED   0x00000008   Data   RW         5079    .data               nrf_pwr_mgmt.o
    0x20002c3c   COMPRESSED   0x00000003   Data   RW         5456    .data               nrf_sdh.o
    0x20002c3f   COMPRESSED   0x00000001   Data   RW         5559    .data               nrf_sdh_ble.o
    0x20002c40   COMPRESSED   0x00000004   Data   RW         5915    .data               mc_w.l(strtok.o)
    0x20002c44   COMPRESSED   0x00000004   Data   RW         6206    .data               mc_w.l(errno.o)
    0x20002c48   COMPRESSED   0x00000014   Data   RW           58    fs_data             func.o
    0x20002c5c        -       0x00000c54   Zero   RW           55    .bss                func.o
    0x200038b0        -       0x00000020   Zero   RW          645    .bss                main.o
    0x200038d0        -       0x00000278   Zero   RW          646    .bss                main.o
    0x20003b48        -       0x000002c8   Zero   RW          941    .bss                process_data.o
    0x20003e10        -       0x00000010   Zero   RW         1338    .bss                play_sound.o
    0x20003e20        -       0x0000017c   Zero   RW         1400    .bss                pos_parser.o
    0x20003f9c        -       0x0000020a   Zero   RW         1634    .bss                ndevice_eeprom.o
    0x200041a6        -       0x000000c8   Zero   RW         2123    .bss                ndevice_uart.o
    0x2000426e   COMPRESSED   0x00000002   PAD
    0x20004270        -       0x00000050   Zero   RW         2616    .bss                ble_conn_params.o
    0x200042c0        -       0x00000078   Zero   RW         2704    .bss                ble_conn_state.o
    0x20004338        -       0x00000014   Zero   RW         3258    .bss                nrf_drv_clock.o
    0x2000434c        -       0x0000005c   Zero   RW         3557    .bss                nrfx_gpiote.o
    0x200043a8        -       0x0000010c   Zero   RW         4126    .bss                app_timer.o
    0x200044b4        -       0x0000000c   Zero   RW         4273    .bss                app_util_platform.o
    0x200044c0        -       0x00000010   Zero   RW         4893    .bss                nrf_fstorage_sd.o
    0x200044d0        -       0x000000a0   Zero   RW         4894    .bss                nrf_fstorage_sd.o
    0x20004570        -       0x0000000c   Zero   RW         5076    .bss                nrf_pwr_mgmt.o
    0x2000457c        -       0x00000018   Zero   RW         5290    .bss                nrfx_pwm.o
    0x20004594        -       0x000004b8   Zero   RW         5686    .bss                segger_rtt.o
    0x20004a4c   COMPRESSED   0x00000004   PAD
    0x20004a50        -       0x00002000   Zero   RW         1516    STACK               arm_startup_nrf52.o


==============================================================================

Image component sizes


      Code (inc. data)   RO Data    RW Data    ZI Data      Debug   Object Name

        22          0          0          0          0       2281   app_error.o
      1490        114          6         20        268      46267   app_timer.o
       120         14          0          0         12       9130   app_util_platform.o
        36          8        512          0       8192        872   arm_startup_nrf52.o
      1648        504          6          1          0      11885   auto_baudrate.o
      1344          0          0          0          0      52256   ble_advdata.o
      1040          6          0          0          0       9452   ble_advertising.o
       684         42          8          8         80       8599   ble_conn_params.o
       360         10          8          0        120       6315   ble_conn_state.o
        72          0          0          0          0       1464   ble_link_ctx_manager.o
       456          6          0          0          0      40093   ble_srv_common.o
      4688       1000         22         70       3156     210438   func.o
      1502        234         76         72        664      42046   main.o
       618         12         32          1          0       6212   ndevice_ble.o
       104         14          0          0        522       2546   ndevice_eeprom.o
       300          0          0          0          0       6919   ndevice_gpio.o
        64         14          0          0          0       2312   ndevice_nvmc.o
        84         14          0         24          0      28654   ndevice_sadc.o
       448         38          6         24          0      40472   ndevice_spi.o
        24          6          0          0          0      27159   ndevice_timer.o
       408         82          0         20        200       8840   ndevice_uart.o
       552         10        192          0          0       3224   ndevice_util.o
       342          0          0          0          0       7910   nrf_atfifo.o
        64          0          0          0          0       2616   nrf_atflags.o
       266          0          0          0          0       4544   nrf_atomic.o
       492          6         22          0          0      34712   nrf_ble_gatt.o
       276          0          0          0          0       4257   nrf_ble_qwr.o
       276         32         16          0         20      36774   nrf_drv_clock.o
         0          0          0          0          0        564   nrf_fprintf.o
       232          0          0          0          0       5121   nrf_fstorage.o
       802         82         72          8        176      14831   nrf_fstorage_sd.o
        40         12         36          8         12       5391   nrf_pwr_mgmt.o
       564         60         88          3          0      39088   nrf_sdh.o
       294         20         56          1          0       5179   nrf_sdh_ble.o
        60          4         36          0          0       2204   nrf_sdh_soc.o
        78          0          0          0          0       2444   nrf_section_iter.o
       222         30          0          8          0      14489   nrfx_clock.o
      1254         88          4          0         92      26741   nrfx_gpiote.o
       226         24          0          0         24      10546   nrfx_pwm.o
       212         42          0          8          0       6628   nrfx_wdt.o
       848         34          0          3         16       8014   play_sound.o
      1888        346        260        112        380      15160   pos_parser.o
      5448       1242         54         28        712      63342   process_data.o
       430         40          0          0       1208       8722   segger_rtt.o
       866          4         16          0          0       5869   segger_rtt_printf.o
      2254         14          6          0          0      10181   shoponair.o
       784         70          0          4          0      29402   system_nrf52.o

    ----------------------------------------------------------------------
     34340       4286       1620        428      15860     932165   Object Totals
         0          0         32          0          0          0   (incl. Generated)
        58          8         54          5          6          0   (incl. Padding)

    ----------------------------------------------------------------------

      Code (inc. data)   RO Data    RW Data    ZI Data      Debug   Library Member Name

        86          0          0          0          0          0   __dczerorl2.o
        28          0          0          0          0         68   _chval.o
       158          0          0          0          0         92   _strtoul.o
        26          0          0          0          0         80   atoi.o
         8          4        133          0          0         68   ctype_o.o
         0          0          0          0          0          0   entry.o
         0          0          0          0          0          0   entry10a.o
         0          0          0          0          0          0   entry11a.o
         8          4          0          0          0          0   entry2.o
         4          0          0          0          0          0   entry5.o
         0          0          0          0          0          0   entry7b.o
         0          0          0          0          0          0   entry8b.o
         8          4          0          0          0          0   entry9a.o
         8          4          0          4          0         68   errno.o
        30          0          0          0          0          0   handlers.o
        36          8          0          0          0         68   init.o
        30          0          0          0          0         68   llshl.o
        32          0          0          0          0         68   llushr.o
        36          0          0          0          0         68   memcpya.o
        36          0          0          0          0        108   memseta.o
      1172         50          0          0          0        420   printf8.o
        28          0          0          0          0         76   strcmp.o
        18          0          0          0          0         68   strcpy.o
        14          0          0          0          0         68   strlen.o
        30          0          0          0          0         80   strncmp.o
        68          6          0          4          0         80   strtok.o
       112          0          0          0          0         88   strtol.o
        98          0          0          0          0         92   uldiv.o

    ----------------------------------------------------------------------
      2076         80        136          8          0       1728   Library Totals
         2          0          3          0          0          0   (incl. Padding)

    ----------------------------------------------------------------------

      Code (inc. data)   RO Data    RW Data    ZI Data      Debug   Library Name

      2074         80        133          8          0       1728   mc_w.l

    ----------------------------------------------------------------------
      2076         80        136          8          0       1728   Library Totals

    ----------------------------------------------------------------------

==============================================================================


      Code (inc. data)   RO Data    RW Data    ZI Data      Debug   

     36416       4366       1756        436      15860     900393   Grand Totals
     36416       4366       1756        192      15860     900393   ELF Image Totals (compressed)
     36416       4366       1756        192          0          0   ROM Totals

==============================================================================

    Total RO  Size (Code + RO Data)                38172 (  37.28kB)
    Total RW  Size (RW Data + ZI Data)             16296 (  15.91kB)
    Total ROM Size (Code + RO Data + RW Data)      38364 (  37.46kB)

==============================================================================

